###############################################################################
#
# IAR ELF Linker V7.40.3.8902/W32 for ARM                 03/Jan/2018  14:31:58
# Copyright 2007-2015 IAR Systems AB.
#
#    Output file  =  D:\Ruhr\Xiongmao\github\DTU1.0\project\Debug\Exe\c.out
#    Map file     =  D:\Ruhr\Xiongmao\github\DTU1.0\project\Debug\List\c.map
#    Command line =  
#        D:\Ruhr\Xiongmao\github\DTU1.0\project\Debug\Obj\battery.o
#        D:\Ruhr\Xiongmao\github\DTU1.0\project\Debug\Obj\clock.o
#        D:\Ruhr\Xiongmao\github\DTU1.0\project\Debug\Obj\configure.o
#        D:\Ruhr\Xiongmao\github\DTU1.0\project\Debug\Obj\crc.o
#        D:\Ruhr\Xiongmao\github\DTU1.0\project\Debug\Obj\deviceid.o
#        D:\Ruhr\Xiongmao\github\DTU1.0\project\Debug\Obj\etimer.o
#        D:\Ruhr\Xiongmao\github\DTU1.0\project\Debug\Obj\fifo.o
#        D:\Ruhr\Xiongmao\github\DTU1.0\project\Debug\Obj\framebuff.o
#        D:\Ruhr\Xiongmao\github\DTU1.0\project\Debug\Obj\frameware.o
#        D:\Ruhr\Xiongmao\github\DTU1.0\project\Debug\Obj\gpio.o
#        D:\Ruhr\Xiongmao\github\DTU1.0\project\Debug\Obj\gprs.o
#        D:\Ruhr\Xiongmao\github\DTU1.0\project\Debug\Obj\list.o
#        D:\Ruhr\Xiongmao\github\DTU1.0\project\Debug\Obj\main.o
#        D:\Ruhr\Xiongmao\github\DTU1.0\project\Debug\Obj\memb.o
#        D:\Ruhr\Xiongmao\github\DTU1.0\project\Debug\Obj\misc.o
#        D:\Ruhr\Xiongmao\github\DTU1.0\project\Debug\Obj\process.o
#        D:\Ruhr\Xiongmao\github\DTU1.0\project\Debug\Obj\rtc.o
#        D:\Ruhr\Xiongmao\github\DTU1.0\project\Debug\Obj\rtimer-arch.o
#        D:\Ruhr\Xiongmao\github\DTU1.0\project\Debug\Obj\sdcdtu.o
#        D:\Ruhr\Xiongmao\github\DTU1.0\project\Debug\Obj\senif.o
#        D:\Ruhr\Xiongmao\github\DTU1.0\project\Debug\Obj\senprote-rs3010K.o
#        D:\Ruhr\Xiongmao\github\DTU1.0\project\Debug\Obj\senprote-t770.o
#        D:\Ruhr\Xiongmao\github\DTU1.0\project\Debug\Obj\senprote-t800.o
#        D:\Ruhr\Xiongmao\github\DTU1.0\project\Debug\Obj\senprote-t830.o
#        D:\Ruhr\Xiongmao\github\DTU1.0\project\Debug\Obj\senprote-water.o
#        D:\Ruhr\Xiongmao\github\DTU1.0\project\Debug\Obj\senproto-rst460.o
#        D:\Ruhr\Xiongmao\github\DTU1.0\project\Debug\Obj\senproto-zbm001.o
#        D:\Ruhr\Xiongmao\github\DTU1.0\project\Debug\Obj\senproto.o
#        D:\Ruhr\Xiongmao\github\DTU1.0\project\Debug\Obj\sensor_data_backup.o
#        D:\Ruhr\Xiongmao\github\DTU1.0\project\Debug\Obj\sevproto.o
#        D:\Ruhr\Xiongmao\github\DTU1.0\project\Debug\Obj\sim800.o
#        D:\Ruhr\Xiongmao\github\DTU1.0\project\Debug\Obj\spiffs_disk.o
#        D:\Ruhr\Xiongmao\github\DTU1.0\project\Debug\Obj\spiflash.o
#        D:\Ruhr\Xiongmao\github\DTU1.0\project\Debug\Obj\startup_stm32f10x_md.o
#        D:\Ruhr\Xiongmao\github\DTU1.0\project\Debug\Obj\stm32f10x_adc.o
#        D:\Ruhr\Xiongmao\github\DTU1.0\project\Debug\Obj\stm32f10x_bkp.o
#        D:\Ruhr\Xiongmao\github\DTU1.0\project\Debug\Obj\stm32f10x_can.o
#        D:\Ruhr\Xiongmao\github\DTU1.0\project\Debug\Obj\stm32f10x_cec.o
#        D:\Ruhr\Xiongmao\github\DTU1.0\project\Debug\Obj\stm32f10x_crc.o
#        D:\Ruhr\Xiongmao\github\DTU1.0\project\Debug\Obj\stm32f10x_dac.o
#        D:\Ruhr\Xiongmao\github\DTU1.0\project\Debug\Obj\stm32f10x_dbgmcu.o
#        D:\Ruhr\Xiongmao\github\DTU1.0\project\Debug\Obj\stm32f10x_dma.o
#        D:\Ruhr\Xiongmao\github\DTU1.0\project\Debug\Obj\stm32f10x_exti.o
#        D:\Ruhr\Xiongmao\github\DTU1.0\project\Debug\Obj\stm32f10x_flash.o
#        D:\Ruhr\Xiongmao\github\DTU1.0\project\Debug\Obj\stm32f10x_fsmc.o
#        D:\Ruhr\Xiongmao\github\DTU1.0\project\Debug\Obj\stm32f10x_gpio.o
#        D:\Ruhr\Xiongmao\github\DTU1.0\project\Debug\Obj\stm32f10x_i2c.o
#        D:\Ruhr\Xiongmao\github\DTU1.0\project\Debug\Obj\stm32f10x_iwdg.o
#        D:\Ruhr\Xiongmao\github\DTU1.0\project\Debug\Obj\stm32f10x_pwr.o
#        D:\Ruhr\Xiongmao\github\DTU1.0\project\Debug\Obj\stm32f10x_rcc.o
#        D:\Ruhr\Xiongmao\github\DTU1.0\project\Debug\Obj\stm32f10x_rtc.o
#        D:\Ruhr\Xiongmao\github\DTU1.0\project\Debug\Obj\stm32f10x_sdio.o
#        D:\Ruhr\Xiongmao\github\DTU1.0\project\Debug\Obj\stm32f10x_spi.o
#        D:\Ruhr\Xiongmao\github\DTU1.0\project\Debug\Obj\stm32f10x_tim.o
#        D:\Ruhr\Xiongmao\github\DTU1.0\project\Debug\Obj\stm32f10x_usart.o
#        D:\Ruhr\Xiongmao\github\DTU1.0\project\Debug\Obj\stm32f10x_wwdg.o
#        D:\Ruhr\Xiongmao\github\DTU1.0\project\Debug\Obj\system_status.o
#        D:\Ruhr\Xiongmao\github\DTU1.0\project\Debug\Obj\timer.o
#        D:\Ruhr\Xiongmao\github\DTU1.0\project\Debug\Obj\usart.o
#        D:\Ruhr\Xiongmao\github\DTU1.0\project\Debug\Obj\usart_stream.o -o
#        D:\Ruhr\Xiongmao\github\DTU1.0\project\Debug\Exe\c.out --map
#        D:\Ruhr\Xiongmao\github\DTU1.0\project\Debug\List\c.map --config
#        D:\Ruhr\Xiongmao\github\DTU1.0\project\gprsdtu.icf --semihosting
#        --entry __iar_program_start --vfe
#
###############################################################################

*******************************************************************************
*** RUNTIME MODEL ATTRIBUTES
***

CppFlavor       = *
__Heap_Handler  = DLMalloc
__SystemLibrary = DLib


*******************************************************************************
*** PLACEMENT SUMMARY
***

"A1":  place at 0x08000000 { ro section .intvec };
"P1":  place in [from 0x08000000 to 0x0800ffff] { ro };
"P2":  place in [from 0x20000000 to 0x20004fff] { rw, block CSTACK, block HEAP };

  Section             Kind        Address    Size  Object
  -------             ----        -------    ----  ------
"A1":                                        0xec
  .intvec             ro code  0x08000000    0xec  startup_stm32f10x_md.o [1]
                             - 0x080000ec    0xec

"P1":                                      0xca8c
  .text               ro code  0x080000ec  0x15dc  sdcdtu.o [1]
  .text               ro code  0x080016c8   0x6f8  gprs.o [1]
  .text               ro code  0x08001dc0    0x2c  deviceid.o [1]
  .text               ro code  0x08001dec   0x11c  rtc.o [1]
  .text               ro code  0x08001f08   0x148  sevproto.o [1]
  .text               ro code  0x08002050   0x1a8  etimer.o [1]
  .text               ro code  0x080021f8   0x132  I64DivMod.o [5]
  .text               ro code  0x0800232a    0xa0  memb.o [1]
  .text               ro code  0x080023ca    0x1e  xsscin.o [3]
  .text               ro code  0x080023e8   0x194  senif.o [1]
  .text               ro code  0x0800257c    0xb2  list.o [1]
  .text               ro code  0x0800262e     0xa  xsprout.o [3]
  .text               ro code  0x08002638   0x350  process.o [1]
  .text               ro code  0x08002988    0x18  senproto.o [1]
  .text               ro code  0x080029a0   0x10a  framebuff.o [1]
  .text               ro code  0x08002aaa    0x2e  timer.o [1]
  .text               ro code  0x08002ad8  0x1510  dlmalloc.o [3]
  .text               ro code  0x08003fe8    0x66  ABImemset.o [5]
  .text               ro code  0x08004050    0x76  ABImemcpy_unaligned.o [5]
  .text               ro code  0x080040c8    0x36  strlen.o [5]
  .text               ro code  0x08004100   0x2bc  sensor_data_backup.o [1]
  .text               ro code  0x080043bc    0xfc  configure.o [1]
  .text               ro code  0x080044b8   0x260  battery.o [1]
  .text               ro code  0x08004718  0x1580  sim800.o [1]
  .text               ro code  0x08005c98    0x24  printf.o [3]
  .text               ro code  0x08005cbc    0x68  stm32f10x_pwr.o [1]
  .text               ro code  0x08005d24    0x50  stm32f10x_bkp.o [1]
  .text               ro code  0x08005d74   0x108  stm32f10x_rtc.o [1]
  .text               ro code  0x08005e7c   0x298  stm32f10x_rcc.o [1]
  .text               ro code  0x08006114    0xda  gpio.o [1]
  .text               ro code  0x080061f0   0x174  crc.o [1]
  .text               ro code  0x08006364   0x138  clock.o [1]
  .text               ro code  0x0800649c     0x2  I64DivZer.o [5]
  .text               ro code  0x080064a0   0x114  usart_stream.o [1]
  .text               ro code  0x080065b4    0x78  ABImemmove_unaligned.o [5]
  .text               ro code  0x0800662c     0x6  abort.o [3]
  .text               ro code  0x08006634    0x2c  xgetmemchunk.o [3]
  .text               ro code  0x08006660   0xdbe  spiffs_disk.o [1]
  .text               ro code  0x0800741e     0xa  gmtime.o [3]
  .text               ro code  0x08007428   0x16e  stm32f10x_gpio.o [1]
  .text               ro code  0x08007598   0x1fa  stm32f10x_adc.o [1]
  .text               ro code  0x08007794    0x1c  I32ToDbl.o [4]
  .text               ro code  0x080077b0   0x1a2  DblMul.o [4]
  .text               ro code  0x08007954   0x256  DblDiv.o [4]
  .text               ro code  0x08007bac    0x34  sprintf.o [3]
  .text               ro code  0x08007be0   0x248  usart.o [1]
  .text               ro code  0x08007e28    0x24  sscanf.o [3]
  .text               ro code  0x08007e4c   0xc06  xprintflarge_nomb.o [3]
  .text               ro code  0x08008a54     0xc  stm32f10x_crc.o [1]
  .text               ro code  0x08008a60    0x1c  stm32f10x_flash.o [1]
  .text               ro code  0x08008a7c    0xb0  misc.o [1]
  .text               ro code  0x08008b2c   0x10e  fifo.o [1]
  .text               ro code  0x08008c3c    0x14  exit.o [6]
  .text               ro code  0x08008c50   0x2b8  spiflash.o [1]
  .text               ro code  0x08008f08    0x42  strcmp_unaligned.o [5]
  .text               ro code  0x08008f4c    0x44  strcpy_unaligned.o [5]
  .text               ro code  0x08008f90    0x62  memcmp_unaligned.o [5]
  .text               ro code  0x08008ff4   0x188  xttotm.o [3]
  .text               ro code  0x0800917c   0x1a0  stm32f10x_usart.o [1]
  .text               ro code  0x0800931c   0x508  xscanfsmall_nomb.o [3]
  .text               ro code  0x08009824    0x16  strchr.o [5]
  .text               ro code  0x0800983c    0x58  memchr.o [5]
  .text               ro code  0x08009894    0x42  xdnorm.o [4]
  .text               ro code  0x080098d8    0x2e  DblCmpLe.o [4]
  .text               ro code  0x08009908    0x2c  DblToI32.o [4]
  .text               ro code  0x08009934   0x180  DblSub.o [4]
  .text               ro code  0x08009ab4     0xe  div.o [3]
  .text               ro code  0x08009ac4    0xa2  stm32f10x_spi.o [1]
  .text               ro code  0x08009b66     0x2  xtls.o [3]
  .text               ro code  0x08009b68   0x134  xisdst.o [3]
  .text               ro code  0x08009c9c    0x86  xstol.o [3]
  .text               ro code  0x08009d24   0x19c  xstoul.o [3]
  .text               ro code  0x08009ec0    0xd4  DblAdd.o [4]
  .text               ro code  0x08009f94    0x29  setlocale.o [3]
  .text               ro code  0x08009fc0     0xa  getzone.o [3]
  .text               ro code  0x08009fca    0x42  xgettime.o [3]
  .text               ro code  0x0800a00c   0x164  xgetdst.o [3]
  .text               ro code  0x0800a170     0xc  errno.o [3]
  .text               ro code  0x0800a17c   0x2f8  senproto-zbm001.o [1]
  .text               ro code  0x0800a474    0x4e  FltToDbl.o [4]
  .text               ro code  0x0800a4c4   0x270  senprote-rs3010K.o [1]
  .text               ro code  0x0800a734   0x1ec  senprote-t770.o [1]
  .text               ro code  0x0800a920   0x1e0  senprote-t800.o [1]
  .text               ro code  0x0800ab00   0x1e0  senprote-t830.o [1]
  .text               ro code  0x0800ace0   0x1e0  senprote-water.o [1]
  .text               ro code  0x0800aec0   0x1c2  lz77_init.o [5]
  .text               ro code  0x0800b084   0x1a0  senproto-rst460.o [1]
  .text               ro code  0x0800b224   0x134  system_status.o [1]
  .text               ro code  0x0800b358    0x38  stm32f10x_iwdg.o [1]
  .rodata             const    0x0800b390   0x118  sim800.o [1]
  .rodata             const    0x0800b4a8   0x100  senprote-rs3010K.o [1]
  .rodata             const    0x0800b5a8   0x100  senprote-rs3010K.o [1]
  .rodata             const    0x0800b6a8   0x100  senprote-t770.o [1]
  .rodata             const    0x0800b7a8   0x100  senprote-t770.o [1]
  .rodata             const    0x0800b8a8   0x100  senprote-t800.o [1]
  .rodata             const    0x0800b9a8   0x100  senprote-t800.o [1]
  .rodata             const    0x0800baa8   0x100  senprote-t830.o [1]
  .rodata             const    0x0800bba8   0x100  senprote-t830.o [1]
  .rodata             const    0x0800bca8   0x100  senprote-water.o [1]
  .rodata             const    0x0800bda8   0x100  senprote-water.o [1]
  .rodata             const    0x0800bea8   0x100  senproto-zbm001.o [1]
  .rodata             const    0x0800bfa8   0x100  senproto-zbm001.o [1]
  .text               ro code  0x0800c0a8    0x80  main.o [1]
  .rodata             const    0x0800c128    0x44  sim800.o [1]
  .rodata             const    0x0800c16c    0x44  sim800.o [1]
  .rodata             const    0x0800c1b0    0x44  sim800.o [1]
  .text               ro code  0x0800c1f4    0x40  zero_init3.o [5]
  .rodata             const    0x0800c234    0x30  sim800.o [1]
  .rodata             const    0x0800c264    0x30  sim800.o [1]
  .rodata             const    0x0800c294    0x28  sim800.o [1]
  .rodata             const    0x0800c2bc    0x28  sim800.o [1]
  .text               ro code  0x0800c2e4    0x28  putchar.o [3]
  .text               ro code  0x0800c30c    0x28  data_init.o [5]
  .rodata             const    0x0800c334    0x24  battery.o [1]
  .iar.init_table     const    0x0800c358    0x2c  - Linker created -
  .rodata             const    0x0800c384    0x20  sim800.o [1]
  .rodata             const    0x0800c3a4    0x20  sim800.o [1]
  .rodata             const    0x0800c3c4    0x1c  gprs.o [1]
  .rodata             const    0x0800c3e0    0x1c  gprs.o [1]
  .rodata             const    0x0800c3fc    0x1c  gprs.o [1]
  .rodata             const    0x0800c418    0x1c  gprs.o [1]
  .rodata             const    0x0800c434    0x1c  gprs.o [1]
  .rodata             const    0x0800c450    0x1c  sdcdtu.o [1]
  .rodata             const    0x0800c46c    0x1c  sdcdtu.o [1]
  .rodata             const    0x0800c488    0x1c  sensor_data_backup.o [1]
  .rodata             const    0x0800c4a4    0x1c  sim800.o [1]
  .text               ro code  0x0800c4c0    0x1a  cmain.o [5]
  .text               ro code  0x0800c4da     0x4  low_level_init.o [3]
  .text               ro code  0x0800c4de     0x4  exit.o [3]
  .text               ro code  0x0800c4e4     0xa  cexit.o [5]
  .rodata             const    0x0800c4f0    0x18  gprs.o [1]
  .rodata             const    0x0800c508    0x18  gprs.o [1]
  .rodata             const    0x0800c520    0x18  gprs.o [1]
  .rodata             const    0x0800c538    0x18  gprs.o [1]
  .rodata             const    0x0800c550    0x18  gprs.o [1]
  .rodata             const    0x0800c568    0x18  gprs.o [1]
  .rodata             const    0x0800c580    0x18  gprs.o [1]
  .rodata             const    0x0800c598    0x18  gprs.o [1]
  .rodata             const    0x0800c5b0    0x18  gprs.o [1]
  .rodata             const    0x0800c5c8    0x18  gprs.o [1]
  .rodata             const    0x0800c5e0    0x18  gprs.o [1]
  .rodata             const    0x0800c5f8    0x18  gprs.o [1]
  .rodata             const    0x0800c610    0x18  sdcdtu.o [1]
  .rodata             const    0x0800c628    0x18  sdcdtu.o [1]
  .rodata             const    0x0800c640    0x18  sdcdtu.o [1]
  .rodata             const    0x0800c658    0x18  sdcdtu.o [1]
  .rodata             const    0x0800c670    0x18  sdcdtu.o [1]
  .rodata             const    0x0800c688    0x18  system_status.o [1]
  .rodata             const    0x0800c6a0    0x18  system_status.o [1]
  .text               ro code  0x0800c6b8    0x16  xprout.o [3]
  .rodata             const    0x0800c6d0    0x14  configure.o [1]
  .rodata             const    0x0800c6e4    0x14  gprs.o [1]
  .rodata             const    0x0800c6f8    0x14  gprs.o [1]
  .rodata             const    0x0800c70c    0x14  gprs.o [1]
  .rodata             const    0x0800c720    0x14  gprs.o [1]
  .rodata             const    0x0800c734    0x14  sdcdtu.o [1]
  .rodata             const    0x0800c748    0x14  sim800.o [1]
  .rodata             const    0x0800c75c    0x14  sim800.o [1]
  .rodata             const    0x0800c770    0x14  sim800.o [1]
  .rodata             const    0x0800c784    0x14  sim800.o [1]
  .rodata             const    0x0800c798    0x14  sim800.o [1]
  .rodata             const    0x0800c7ac    0x10  configure.o [1]
  .rodata             const    0x0800c7bc    0x10  sdcdtu.o [1]
  .rodata             const    0x0800c7cc    0x10  senprote-rs3010K.o [1]
  .rodata             const    0x0800c7dc    0x10  senproto-rst460.o [1]
  .rodata             const    0x0800c7ec    0x10  senproto-zbm001.o [1]
  .rodata             const    0x0800c7fc    0x10  sim800.o [1]
  .rodata             const    0x0800c80c    0x10  sim800.o [1]
  .rodata             const    0x0800c81c    0x10  sim800.o [1]
  .rodata             const    0x0800c82c    0x10  sim800.o [1]
  .rodata             const    0x0800c83c    0x10  sim800.o [1]
  .rodata             const    0x0800c84c    0x10  sim800.o [1]
  .rodata             const    0x0800c85c    0x10  sim800.o [1]
  .text               ro code  0x0800c86c    0x10  startup_stm32f10x_md.o [1]
  .rodata             const    0x0800c87c     0xc  etimer.o [1]
  .rodata             const    0x0800c888     0xc  gprs.o [1]
  .rodata             const    0x0800c894     0xc  senprote-t770.o [1]
  .rodata             const    0x0800c8a0     0xc  senprote-t800.o [1]
  .rodata             const    0x0800c8ac     0xc  senprote-t830.o [1]
  .rodata             const    0x0800c8b8     0xc  senprote-water.o [1]
  .rodata             const    0x0800c8c4     0xc  sim800.o [1]
  .rodata             const    0x0800c8d0     0xc  sim800.o [1]
  .rodata             const    0x0800c8dc     0xc  sim800.o [1]
  .rodata             const    0x0800c8e8     0xc  usart.o [1]
  .text               ro code  0x0800c8f4     0xc  cstartup_M.o [5]
  .rodata             const    0x0800c900     0x8  gprs.o [1]
  .rodata             const    0x0800c908     0x8  sim800.o [1]
  .text               ro code  0x0800c910     0x4  startup_stm32f10x_md.o [1]
  .text               ro code  0x0800c914     0x4  startup_stm32f10x_md.o [1]
  .text               ro code  0x0800c918     0x4  startup_stm32f10x_md.o [1]
  .text               ro code  0x0800c91c     0x4  startup_stm32f10x_md.o [1]
  .text               ro code  0x0800c920     0x4  startup_stm32f10x_md.o [1]
  .text               ro code  0x0800c924     0x4  startup_stm32f10x_md.o [1]
  .text               ro code  0x0800c928     0x4  startup_stm32f10x_md.o [1]
  .text               ro code  0x0800c92c     0x4  startup_stm32f10x_md.o [1]
  .text               ro code  0x0800c930     0x4  startup_stm32f10x_md.o [1]
  .text               ro code  0x0800c934     0x4  startup_stm32f10x_md.o [1]
  .text               ro code  0x0800c938     0x4  startup_stm32f10x_md.o [1]
  .text               ro code  0x0800c93c     0x4  startup_stm32f10x_md.o [1]
  .text               ro code  0x0800c940     0x4  startup_stm32f10x_md.o [1]
  .text               ro code  0x0800c944     0x4  startup_stm32f10x_md.o [1]
  .text               ro code  0x0800c948     0x4  startup_stm32f10x_md.o [1]
  .text               ro code  0x0800c94c     0x4  startup_stm32f10x_md.o [1]
  .text               ro code  0x0800c950     0x4  startup_stm32f10x_md.o [1]
  .text               ro code  0x0800c954     0x4  startup_stm32f10x_md.o [1]
  .text               ro code  0x0800c958     0x4  startup_stm32f10x_md.o [1]
  .text               ro code  0x0800c95c     0x4  startup_stm32f10x_md.o [1]
  .text               ro code  0x0800c960     0x4  startup_stm32f10x_md.o [1]
  .text               ro code  0x0800c964     0x4  startup_stm32f10x_md.o [1]
  .text               ro code  0x0800c968     0x4  startup_stm32f10x_md.o [1]
  .text               ro code  0x0800c96c     0x4  startup_stm32f10x_md.o [1]
  .text               ro code  0x0800c970     0x4  startup_stm32f10x_md.o [1]
  .text               ro code  0x0800c974     0x4  startup_stm32f10x_md.o [1]
  .text               ro code  0x0800c978     0x4  startup_stm32f10x_md.o [1]
  .text               ro code  0x0800c97c     0x4  startup_stm32f10x_md.o [1]
  .text               ro code  0x0800c980     0x4  startup_stm32f10x_md.o [1]
  .text               ro code  0x0800c984     0x4  startup_stm32f10x_md.o [1]
  .text               ro code  0x0800c988     0x4  startup_stm32f10x_md.o [1]
  .text               ro code  0x0800c98c     0x4  startup_stm32f10x_md.o [1]
  .text               ro code  0x0800c990     0x4  startup_stm32f10x_md.o [1]
  .text               ro code  0x0800c994     0x4  startup_stm32f10x_md.o [1]
  .text               ro code  0x0800c998     0x4  startup_stm32f10x_md.o [1]
  .text               ro code  0x0800c99c     0x4  startup_stm32f10x_md.o [1]
  .text               ro code  0x0800c9a0     0x4  startup_stm32f10x_md.o [1]
  .text               ro code  0x0800c9a4     0x4  startup_stm32f10x_md.o [1]
  .text               ro code  0x0800c9a8     0x4  startup_stm32f10x_md.o [1]
  .text               ro code  0x0800c9ac     0x4  startup_stm32f10x_md.o [1]
  .text               ro code  0x0800c9b0     0x4  startup_stm32f10x_md.o [1]
  .text               ro code  0x0800c9b4     0x4  startup_stm32f10x_md.o [1]
  .text               ro code  0x0800c9b8     0x4  startup_stm32f10x_md.o [1]
  .text               ro code  0x0800c9bc     0x4  startup_stm32f10x_md.o [1]
  .text               ro code  0x0800c9c0     0x4  startup_stm32f10x_md.o [1]
  .text               ro code  0x0800c9c4     0x4  startup_stm32f10x_md.o [1]
  .text               ro code  0x0800c9c8     0x4  startup_stm32f10x_md.o [1]
  .text               ro code  0x0800c9cc     0x4  startup_stm32f10x_md.o [1]
  .rodata             const    0x0800c9d0     0x0  zero_init3.o [5]
  .rodata             const    0x0800c9d0     0x0  lz77_init.o [5]
  Initializer bytes   const    0x0800c9d0   0x1a8  <for P2 s0>
                             - 0x0800cb78  0xca8c

"P2":                                      0x4bf8
  P2 s0                        0x20000000   0x354  <Init block>
    .data             inited   0x20000000    0xb0  gpio.o [1]
    .data             inited   0x200000b0    0x60  senif.o [1]
    __DLIB_PERTHREAD  inited   0x20000110    0x2c  xttotm.o [3]
    .data             inited   0x2000013c    0x20  senproto.o [1]
    .data             inited   0x2000015c    0x10  etimer.o [1]
    .data             inited   0x2000016c    0x10  gprs.o [1]
    .data             inited   0x2000017c    0x10  gprs.o [1]
    .data             inited   0x2000018c    0x10  sdcdtu.o [1]
    .data             inited   0x2000019c    0x10  sdcdtu.o [1]
    .data             inited   0x200001ac    0x10  sdcdtu.o [1]
    .data             inited   0x200001bc    0x10  sdcdtu.o [1]
    .data             inited   0x200001cc    0x10  sdcdtu.o [1]
    .data             inited   0x200001dc    0x10  sdcdtu.o [1]
    .data             inited   0x200001ec    0x10  sdcdtu.o [1]
    .data             inited   0x200001fc    0x10  sdcdtu.o [1]
    .data             inited   0x2000020c    0x10  sdcdtu.o [1]
    .data             inited   0x2000021c    0x10  sim800.o [1]
    .data             inited   0x2000022c    0x10  sim800.o [1]
    .data             inited   0x2000023c    0x10  sim800.o [1]
    .data             inited   0x2000024c    0x10  stm32f10x_rcc.o [1]
    .data             inited   0x2000025c    0x10  system_status.o [1]
    .data             inited   0x2000026c    0x10  system_status.o [1]
    .data             inited   0x2000027c     0xc  sdcdtu.o [1]
    .data             inited   0x20000288     0xc  sdcdtu.o [1]
    .data             inited   0x20000294     0xc  sdcdtu.o [1]
    .data             inited   0x200002a0     0xc  sdcdtu.o [1]
    .data             inited   0x200002ac     0xc  sdcdtu.o [1]
    .data             inited   0x200002b8     0xc  senif.o [1]
    .data             inited   0x200002c4     0xc  senif.o [1]
    .data             inited   0x200002d0     0xc  senif.o [1]
    .data             inited   0x200002dc     0xc  sevproto.o [1]
    .data             inited   0x200002e8     0xc  sim800.o [1]
    .data             inited   0x200002f4     0x8  senprote-rs3010K.o [1]
    .data             inited   0x200002fc     0x8  senprote-t770.o [1]
    .data             inited   0x20000304     0x8  senprote-t800.o [1]
    .data             inited   0x2000030c     0x8  senprote-t830.o [1]
    .data             inited   0x20000314     0x8  senprote-water.o [1]
    .data             inited   0x2000031c     0x8  senproto-rst460.o [1]
    .data             inited   0x20000324     0x8  senproto-zbm001.o [1]
    __DLIB_PERTHREAD  inited   0x2000032c     0x8  setlocale.o [3]
    .data             inited   0x20000334     0x4  sdcdtu.o [1]
    .data             inited   0x20000338     0x4  sdcdtu.o [1]
    .data             inited   0x2000033c     0x4  sdcdtu.o [1]
    .data             inited   0x20000340     0x4  sdcdtu.o [1]
    .data             inited   0x20000344     0x4  stm32f10x_rcc.o [1]
    __DLIB_PERTHREAD  inited   0x20000348     0x4  xisdst.o [3]
    __DLIB_PERTHREAD  inited   0x2000034c     0x4  xisdstData.o [3]
    __DLIB_PERTHREAD  inited   0x20000350     0x4  errno.o [3]
  .bss                zero     0x20000354   0x400  sim800.o [1]
  .bss                zero     0x20000754   0x200  sdcdtu.o [1]
  .bss                zero     0x20000954   0x200  sdcdtu.o [1]
  .bss                zero     0x20000b54   0x200  sdcdtu.o [1]
  .bss                zero     0x20000d54   0x200  sevproto.o [1]
  .bss                zero     0x20000f54   0x1d8  dlmalloc.o [3]
  .bss                zero     0x2000112c   0x180  process.o [1]
  .bss                zero     0x200012ac   0x158  spiffs_disk.o [1]
  .bss                zero     0x20001404   0x110  sdcdtu.o [1]
  .bss                zero     0x20001514   0x110  sim800.o [1]
  .bss                zero     0x20001624   0x100  sdcdtu.o [1]
  .bss                zero     0x20001724   0x100  sdcdtu.o [1]
  .bss                zero     0x20001824    0x80  sdcdtu.o [1]
  .bss                zero     0x200018a4    0x70  spiffs_disk.o [1]
  .bss                zero     0x20001914    0x40  usart_stream.o [1]
  .bss                zero     0x20001954    0x40  usart_stream.o [1]
  .bss                zero     0x20001994    0x18  dlmalloc.o [3]
  .bss                zero     0x200019ac    0x10  gprs.o [1]
  .bss                zero     0x200019bc    0x10  gprs.o [1]
  .bss                zero     0x200019cc    0x10  sdcdtu.o [1]
  .bss                zero     0x200019dc    0x10  sdcdtu.o [1]
  .bss                zero     0x200019ec    0x10  sdcdtu.o [1]
  .bss                zero     0x200019fc    0x10  sdcdtu.o [1]
  .bss                zero     0x20001a0c    0x10  sdcdtu.o [1]
  .bss                zero     0x20001a1c    0x10  sdcdtu.o [1]
  .bss                zero     0x20001a2c    0x10  sdcdtu.o [1]
  .bss                zero     0x20001a3c    0x10  sdcdtu.o [1]
  .bss                zero     0x20001a4c    0x10  sdcdtu.o [1]
  .bss                zero     0x20001a5c    0x10  sim800.o [1]
  .bss                zero     0x20001a6c    0x10  sim800.o [1]
  .bss                zero     0x20001a7c    0x10  system_status.o [1]
  .bss                zero     0x20001a8c    0x10  usart_stream.o [1]
  .bss                zero     0x20001a9c    0x10  usart_stream.o [1]
  .bss                zero     0x20001aac     0xc  sdcdtu.o [1]
  .bss                zero     0x20001ab8     0x4  etimer.o [1]
  .bss                zero     0x20001ac0     0x8  clock.o [1]
  .bss                zero     0x20001ac8     0x8  clock.o [1]
  .bss                zero     0x20001ad0     0x8  sdcdtu.o [1]
  .bss                zero     0x20001ad8     0x8  sdcdtu.o [1]
  .bss                zero     0x20001ae0     0x8  sdcdtu.o [1]
  .bss                zero     0x20001ae8     0x8  sim800.o [1]
  .bss                zero     0x20001af0     0x8  sim800.o [1]
  .bss                zero     0x20001af8     0x8  sim800.o [1]
  .bss                zero     0x20001b00     0x8  spiffs_disk.o [1]
  .bss                zero     0x20001b08     0x8  system_status.o [1]
  .bss                zero     0x20001b10     0x4  etimer.o [1]
  .bss                zero     0x20001b14     0x4  gprs.o [1]
  .bss                zero     0x20001b18     0x4  gprs.o [1]
  .bss                zero     0x20001b1c     0x4  gprs.o [1]
  .bss                zero     0x20001b20     0x4  gprs.o [1]
  .bss                zero     0x20001b24     0x4  gprs.o [1]
  .bss                zero     0x20001b28     0x4  process.o [1]
  .bss                zero     0x20001b2c     0x4  process.o [1]
  .bss                zero     0x20001b30     0x4  process.o [1]
  .bss                zero     0x20001b34     0x4  process.o [1]
  .bss                zero     0x20001b38     0x4  process.o [1]
  .bss                zero     0x20001b3c     0x4  sdcdtu.o [1]
  .bss                zero     0x20001b40     0x4  sdcdtu.o [1]
  .bss                zero     0x20001b44     0x4  sdcdtu.o [1]
  .bss                zero     0x20001b48     0x4  sdcdtu.o [1]
  .bss                zero     0x20001b4c     0x4  sdcdtu.o [1]
  .bss                zero     0x20001b50     0x4  sdcdtu.o [1]
  .bss                zero     0x20001b54     0x4  sdcdtu.o [1]
  .bss                zero     0x20001b58     0x4  sdcdtu.o [1]
  .bss                zero     0x20001b5c     0x4  sdcdtu.o [1]
  .bss                zero     0x20001b60     0x4  sdcdtu.o [1]
  .bss                zero     0x20001b64     0x4  sdcdtu.o [1]
  .bss                zero     0x20001b68     0x4  sdcdtu.o [1]
  .bss                zero     0x20001b6c     0x4  sdcdtu.o [1]
  .bss                zero     0x20001b70     0x4  sdcdtu.o [1]
  .bss                zero     0x20001b74     0x4  sdcdtu.o [1]
  .bss                zero     0x20001b78     0x4  sdcdtu.o [1]
  .bss                zero     0x20001b7c     0x4  sdcdtu.o [1]
  .bss                zero     0x20001b80     0x4  sdcdtu.o [1]
  .bss                zero     0x20001b84     0x4  sdcdtu.o [1]
  .bss                zero     0x20001b88     0x4  sdcdtu.o [1]
  .bss                zero     0x20001b8c     0x4  sdcdtu.o [1]
  .bss                zero     0x20001b90     0x4  sdcdtu.o [1]
  .bss                zero     0x20001b94     0x4  sevproto.o [1]
  .bss                zero     0x20001b98     0x4  sevproto.o [1]
  .bss                zero     0x20001b9c     0x4  sim800.o [1]
  .bss                zero     0x20001ba0     0x4  sim800.o [1]
  .bss                zero     0x20001ba4     0x4  sim800.o [1]
  .bss                zero     0x20001ba8     0x4  sim800.o [1]
  .bss                zero     0x20001bac     0x4  sim800.o [1]
  .bss                zero     0x20001bb0     0x4  sim800.o [1]
  .bss                zero     0x20001bb4     0x4  sim800.o [1]
  .bss                zero     0x20001bb8     0x4  sim800.o [1]
  .bss                zero     0x20001bbc     0x4  sim800.o [1]
  .bss                zero     0x20001bc0     0x4  sim800.o [1]
  .bss                zero     0x20001bc4     0x4  sim800.o [1]
  .bss                zero     0x20001bc8     0x4  sim800.o [1]
  .bss                zero     0x20001bcc     0x4  sim800.o [1]
  .bss                zero     0x20001bd0     0x4  sim800.o [1]
  .bss                zero     0x20001bd4     0x4  sim800.o [1]
  .bss                zero     0x20001bd8     0x4  usart.o [1]
  .bss                zero     0x20001bdc     0x4  usart.o [1]
  .bss                zero     0x20001be0     0x4  xgetmemchunk.o [3]
  .bss                zero     0x20001be4     0x1  gprs.o [1]
  .bss                zero     0x20001be5     0x1  gprs.o [1]
  .bss                zero     0x20001be6     0x1  gprs.o [1]
  .bss                zero     0x20001be7     0x1  gprs.o [1]
  .bss                zero     0x20001be8     0x1  gprs.o [1]
  .bss                zero     0x20001be9     0x1  process.o [1]
  .bss                zero     0x20001bea     0x1  process.o [1]
  .bss                zero     0x20001beb     0x1  process.o [1]
  .bss                zero     0x20001bec     0x1  process.o [1]
  .bss                zero     0x20001bed     0x1  process.o [1]
  .bss                zero     0x20001bee     0x1  process.o [1]
  .bss                zero     0x20001bef     0x1  senprote-rs3010K.o [1]
  .bss                zero     0x20001bf0     0x1  senprote-t770.o [1]
  .bss                zero     0x20001bf1     0x1  senprote-t800.o [1]
  .bss                zero     0x20001bf2     0x1  senprote-t830.o [1]
  .bss                zero     0x20001bf3     0x1  senprote-water.o [1]
  .bss                zero     0x20001bf4     0x1  senproto-rst460.o [1]
  .bss                zero     0x20001bf5     0x1  senproto-zbm001.o [1]
  CSTACK                       0x20001bf8  0x1000  <Block>
    CSTACK            uninit   0x20001bf8  0x1000  <Block tail>
  HEAP                         0x20002bf8  0x2000  <Block>
    HEAP              uninit   0x20002bf8  0x2000  <Block tail>
                             - 0x20004bf8  0x4bf8


*******************************************************************************
*** INIT TABLE
***

          Address     Size
          -------     ----
Zero (__iar_zero_init3)
    1 destination range, total size 0x18a2:
          0x20000354  0x18a2

Copy/lz77 (__iar_lz77_init3)
    1 source range, total size 0x1a8 (49% of destination):
          0x0800c9d0   0x1a8
    1 destination range, total size 0x354:
          0x20000000   0x354



*******************************************************************************
*** MODULE SUMMARY
***

    Module                  ro code  ro data  rw data
    ------                  -------  -------  -------
D:\Ruhr\Xiongmao\github\DTU1.0\project\Debug\Obj: [1]
    battery.o                   608       36
    clock.o                     312                16
    configure.o                 252       36
    crc.o                       372
    deviceid.o                   44
    etimer.o                    424       20       24
    fifo.o                      270
    framebuff.o                 266
    gpio.o                      218       87      176
    gprs.o                    1 784      544       89
    list.o                      178
    main.o                      128
    memb.o                      160
    misc.o                      176
    process.o                   848               410
    rtc.o                       284
    sdcdtu.o                  5 596      321    2 936
    senif.o                     404       66      132
    senprote-rs3010K.o          624      532        9
    senprote-t770.o             492      528        9
    senprote-t800.o             480      528        9
    senprote-t830.o             480      528        9
    senprote-water.o            480      528        9
    senproto-rst460.o           416       20        9
    senproto-zbm001.o           760      532        9
    senproto.o                   24       16       32
    sensor_data_backup.o        700       28
    sevproto.o                  328        6      532
    sim800.o                  5 504    1 038    1 472
    spiffs_disk.o             3 518               464
    spiflash.o                  696
    startup_stm32f10x_md.o      444
    stm32f10x_adc.o             506
    stm32f10x_bkp.o              80
    stm32f10x_crc.o              12
    stm32f10x_flash.o            28
    stm32f10x_gpio.o            366
    stm32f10x_iwdg.o             56
    stm32f10x_pwr.o             104
    stm32f10x_rcc.o             664       10       20
    stm32f10x_rtc.o             264
    stm32f10x_spi.o             162
    stm32f10x_usart.o           416
    system_status.o             308       64       56
    timer.o                      46
    usart.o                     584       12        8
    usart_stream.o              276               160
    -------------------------------------------------
    Total:                   31 142    5 480    6 590

command line: [2]
    -------------------------------------------------
    Total:

dl7M_tln.a: [3]
    abort.o                       6
    div.o                        14
    dlmalloc.o                5 392               496
    errno.o                      12        2        4
    exit.o                        4
    getzone.o                    10
    gmtime.o                     10
    low_level_init.o              4
    printf.o                     36
    putchar.o                    40
    setlocale.o                  41        4        8
    sprintf.o                    52
    sscanf.o                     36
    xgetdst.o                   356
    xgetmemchunk.o               44                 4
    xgettime.o                   66
    xisdst.o                    308        2        4
    xisdstData.o                           2        4
    xprintflarge_nomb.o       3 078
    xprout.o                     22
    xscanfsmall_nomb.o        1 288
    xsprout.o                    10
    xsscin.o                     30
    xstol.o                     134
    xstoul.o                    412
    xtls.o                        2
    xttotm.o                    392       22       44
    -------------------------------------------------
    Total:                   11 799       32      564

m7M_tl.a: [4]
    DblAdd.o                    212
    DblCmpLe.o                   46
    DblDiv.o                    598
    DblMul.o                    418
    DblSub.o                    384
    DblToI32.o                   44
    FltToDbl.o                   78
    I32ToDbl.o                   28
    xdnorm.o                     66
    -------------------------------------------------
    Total:                    1 874

rt7M_tl.a: [5]
    ABImemcpy_unaligned.o       118
    ABImemmove_unaligned.o      120
    ABImemset.o                 102
    I64DivMod.o                 306
    I64DivZer.o                   2
    cexit.o                      10
    cmain.o                      26
    cstartup_M.o                 12
    data_init.o                  40
    lz77_init.o                 450
    memchr.o                     88
    memcmp_unaligned.o           98
    strchr.o                     22
    strcmp_unaligned.o           66
    strcpy_unaligned.o           68
    strlen.o                     54
    zero_init3.o                 64
    -------------------------------------------------
    Total:                    1 646

shb_l.a: [6]
    exit.o                       20
    -------------------------------------------------
    Total:                       20

    Gaps                         47        4        4
    Linker created                        44   12 288
-----------------------------------------------------
    Grand Total:             46 528    5 560   19 446


*******************************************************************************
*** ENTRY LIST
***

Entry                      Address   Size  Type      Object
-----                      -------   ----  ----      ------
.iar.init_table$$Base   0x0800c358          --   Gb  - Linker created -
.iar.init_table$$Limit  0x0800c384          --   Gb  - Linker created -
?main                   0x0800c4c1         Code  Gb  cmain.o [5]
ADCPrescTable           0x20000344    0x4  Data  Lc  stm32f10x_rcc.o [1]
ADC_Cmd                 0x08007603   0x1a  Code  Gb  stm32f10x_adc.o [1]
ADC_GetCalibrationStatus
                        0x08007649   0x18  Code  Gb  stm32f10x_adc.o [1]
ADC_GetConversionValue  0x08007769    0x6  Code  Gb  stm32f10x_adc.o [1]
ADC_GetFlagStatus       0x08007779   0x1a  Code  Gb  stm32f10x_adc.o [1]
ADC_GetResetCalibrationStatus
                        0x08007627   0x18  Code  Gb  stm32f10x_adc.o [1]
ADC_Init                0x08007599   0x50  Code  Gb  stm32f10x_adc.o [1]
ADC_RegularChannelConfig
                        0x0800767b   0xee  Code  Gb  stm32f10x_adc.o [1]
ADC_ResetCalibration    0x0800761d    0xa  Code  Gb  stm32f10x_adc.o [1]
ADC_SoftwareStartConvCmd
                        0x08007661   0x1a  Code  Gb  stm32f10x_adc.o [1]
ADC_StartCalibration    0x0800763f    0xa  Code  Gb  stm32f10x_adc.o [1]
ADC_StructInit          0x080075e9   0x1a  Code  Gb  stm32f10x_adc.o [1]
APBAHBPrescTable        0x2000024c   0x10  Data  Lc  stm32f10x_rcc.o [1]
BKP_ClearFlag           0x08005d5d    0xe  Code  Gb  stm32f10x_bkp.o [1]
BKP_ReadBackupRegister  0x08005d41   0x1c  Code  Gb  stm32f10x_bkp.o [1]
BKP_WriteBackupRegister
                        0x08005d25   0x1c  Code  Gb  stm32f10x_bkp.o [1]
CRC_ResetDR             0x08008a55    0x8  Code  Gb  stm32f10x_crc.o [1]
CSTACK$$Base            0x20001bf8          --   Gb  - Linker created -
CSTACK$$Limit           0x20002bf8          --   Gb  - Linker created -
FLASH_SetLatency        0x08008a61   0x18  Code  Gb  stm32f10x_flash.o [1]
GPIO_Init               0x08007429  0x136  Code  Gb  stm32f10x_gpio.o [1]
GPIO_ReadInputDataBit   0x0800755f   0x1a  Code  Gb  stm32f10x_gpio.o [1]
GPIO_ResetBits          0x0800757f    0x6  Code  Gb  stm32f10x_gpio.o [1]
GPIO_SetBits            0x08007579    0x6  Code  Gb  stm32f10x_gpio.o [1]
GPIO_WriteBit           0x08007585   0x12  Code  Gb  stm32f10x_gpio.o [1]
HEAP$$Base              0x20002bf8          --   Gb  - Linker created -
HEAP$$Limit             0x20004bf8          --   Gb  - Linker created -
IWDG_Enable             0x0800b37b    0xa  Code  Gb  stm32f10x_iwdg.o [1]
IWDG_ReloadCounter      0x0800b371    0xa  Code  Gb  stm32f10x_iwdg.o [1]
IWDG_SetPrescaler       0x0800b361    0x8  Code  Gb  stm32f10x_iwdg.o [1]
IWDG_SetReload          0x0800b369    0x8  Code  Gb  stm32f10x_iwdg.o [1]
IWDG_WriteAccessCmd     0x0800b359    0x8  Code  Gb  stm32f10x_iwdg.o [1]
InStream_Read           0x0800aec1   0x22  Code  Lc  lz77_init.o [5]
LoadInt                 0x080083cd   0x6e  Code  Lc  xprintflarge_nomb.o [3]
NVIC_Init               0x08008a87   0x6c  Code  Gb  misc.o [1]
NVIC_PriorityGroupConfig
                        0x08008a7d    0xa  Code  Gb  misc.o [1]
NVIC_SetPriority        0x08006365   0x26  Code  Lc  clock.o [1]
OutStream_Write         0x0800aee3   0x40  Code  Lc  lz77_init.o [5]
PWR_BackupAccessCmd     0x08005cbd    0x8  Code  Gb  stm32f10x_pwr.o [1]
PWR_ClearFlag           0x08005d07    0xe  Code  Gb  stm32f10x_pwr.o [1]
PWR_EnterSTANDBYMode    0x08005cc5   0x28  Code  Gb  stm32f10x_pwr.o [1]
PWR_GetFlagStatus       0x08005ced   0x1a  Code  Gb  stm32f10x_pwr.o [1]
RCC_ADCCLKConfig        0x08005eff   0x14  Code  Gb  stm32f10x_rcc.o [1]
RCC_AHBPeriphClockCmd   0x08006035   0x1e  Code  Gb  stm32f10x_rcc.o [1]
RCC_APB1PeriphClockCmd  0x08006071   0x1e  Code  Gb  stm32f10x_rcc.o [1]
RCC_APB2PeriphClockCmd  0x08006053   0x1e  Code  Gb  stm32f10x_rcc.o [1]
RCC_GetClocksFreq       0x08005f53   0xe2  Code  Gb  stm32f10x_rcc.o [1]
RCC_GetFlagStatus       0x0800608f   0x50  Code  Gb  stm32f10x_rcc.o [1]
RCC_GetSYSCLKSource     0x08005eb7    0xa  Code  Gb  stm32f10x_rcc.o [1]
RCC_HCLKConfig          0x08005ec1   0x14  Code  Gb  stm32f10x_rcc.o [1]
RCC_LSEConfig           0x08005f13   0x2c  Code  Gb  stm32f10x_rcc.o [1]
RCC_PCLK1Config         0x08005ed5   0x14  Code  Gb  stm32f10x_rcc.o [1]
RCC_PCLK2Config         0x08005ee9   0x16  Code  Gb  stm32f10x_rcc.o [1]
RCC_PLLCmd              0x08005e99    0xa  Code  Gb  stm32f10x_rcc.o [1]
RCC_PLLConfig           0x08005e7d   0x1c  Code  Gb  stm32f10x_rcc.o [1]
RCC_RTCCLKCmd           0x08005f4b    0x8  Code  Gb  stm32f10x_rcc.o [1]
RCC_RTCCLKConfig        0x08005f3f    0xc  Code  Gb  stm32f10x_rcc.o [1]
RCC_SYSCLKConfig        0x08005ea3   0x14  Code  Gb  stm32f10x_rcc.o [1]
RTCAlarm_IRQHandler     0x08001eff    0xa  Code  Gb  rtc.o [1]
RTC_ClearFlag           0x08005e51    0xc  Code  Gb  stm32f10x_rtc.o [1]
RTC_EnterConfigMode     0x08005d93    0xe  Code  Gb  stm32f10x_rtc.o [1]
RTC_ExitConfigMode      0x08005da1   0x10  Code  Gb  stm32f10x_rtc.o [1]
RTC_GetCounter          0x08005db1   0x16  Code  Gb  stm32f10x_rtc.o [1]
RTC_GetFlagStatus       0x08005e35   0x1c  Code  Gb  stm32f10x_rtc.o [1]
RTC_ITConfig            0x08005d75   0x1e  Code  Gb  stm32f10x_rtc.o [1]
RTC_SetAlarm            0x08005dfb   0x18  Code  Gb  stm32f10x_rtc.o [1]
RTC_SetCounter          0x08005dc7   0x18  Code  Gb  stm32f10x_rtc.o [1]
RTC_SetPrescaler        0x08005ddf   0x1c  Code  Gb  stm32f10x_rtc.o [1]
RTC_WaitForLastTask     0x08005e13    0xa  Code  Gb  stm32f10x_rtc.o [1]
RTC_WaitForSynchro      0x08005e1d   0x18  Code  Gb  stm32f10x_rtc.o [1]
Region$$Table$$Base     0x0800c358          --   Gb  - Linker created -
Region$$Table$$Limit    0x0800c384          --   Gb  - Linker created -
SPI_Cmd                 0x08009b2b   0x1c  Code  Gb  stm32f10x_spi.o [1]
SPI_FLASH_ChipSelect    0x08008c51   0x22  Code  Lc  spiflash.o [1]
SPI_FLASH_Init          0x08008e4d   0xae  Code  Gb  spiflash.o [1]
SPI_FLASH_Read          0x08008e19   0x34  Code  Gb  spiflash.o [1]
SPI_FLASH_SectorErase   0x08008d89   0x26  Code  Gb  spiflash.o [1]
SPI_FLASH_SelectProtect
                        0x08008ca5   0x5a  Code  Lc  spiflash.o [1]
SPI_FLASH_SendCommandAndAddress
                        0x08008d2b   0x2a  Code  Lc  spiflash.o [1]
SPI_FLASH_SwapByte      0x08008c73   0x32  Code  Lc  spiflash.o [1]
SPI_FLASH_WaitForBusy   0x08008d55   0x34  Code  Lc  spiflash.o [1]
SPI_FLASH_Write         0x08008daf   0x6a  Code  Gb  spiflash.o [1]
SPI_FLASH_WriteDisable  0x08008d15   0x16  Code  Lc  spiflash.o [1]
SPI_FLASH_WriteEnable   0x08008cff   0x16  Code  Lc  spiflash.o [1]
SPI_I2S_GetFlagStatus   0x08009b4f   0x18  Code  Gb  stm32f10x_spi.o [1]
SPI_I2S_ReceiveData     0x08009b4b    0x4  Code  Gb  stm32f10x_spi.o [1]
SPI_I2S_SendData        0x08009b47    0x4  Code  Gb  stm32f10x_spi.o [1]
SPI_Init                0x08009ac5   0x40  Code  Gb  stm32f10x_spi.o [1]
SPI_StructInit          0x08009b05   0x26  Code  Gb  stm32f10x_spi.o [1]
SysTick_CLKSourceConfig
                        0x08008af3   0x20  Code  Gb  misc.o [1]
SysTick_Config          0x0800638b   0x30  Code  Lc  clock.o [1]
SysTick_Handler         0x08006451   0x2c  Code  Gb  clock.o [1]
SystemInit              0x0800c121    0x2  Code  Gb  main.o [1]
USART1_IRQHandler       0x08007da7   0x3c  Code  Gb  usart.o [1]
USART2_IRQHandler       0x08007de3   0x26  Code  Gb  usart.o [1]
USART_Cmd               0x0800927d   0x1c  Code  Gb  stm32f10x_usart.o [1]
USART_GetFlagStatus     0x080092ff   0x1e  Code  Gb  stm32f10x_usart.o [1]
USART_ITConfig          0x08009299   0x56  Code  Gb  stm32f10x_usart.o [1]
USART_Init              0x0800917d   0xde  Code  Gb  stm32f10x_usart.o [1]
USART_ReceiveData       0x080092f7    0x8  Code  Gb  stm32f10x_usart.o [1]
USART_STREAM1_data_buffer
                        0x20001914   0x40  Data  Lc  usart_stream.o [1]
USART_STREAM1_fifo      0x20001a8c   0x10  Data  Lc  usart_stream.o [1]
USART_STREAM1_input_handler
                        0x080064a1   0x10  Code  Gb  usart_stream.o [1]
USART_STREAM2_data_buffer
                        0x20001954   0x40  Data  Lc  usart_stream.o [1]
USART_STREAM2_fifo      0x20001a9c   0x10  Data  Lc  usart_stream.o [1]
USART_STREAM2_input_handler
                        0x080064b1   0x10  Code  Gb  usart_stream.o [1]
USART_SendData          0x080092ef    0x8  Code  Gb  stm32f10x_usart.o [1]
USART_StructInit        0x08009261   0x1c  Code  Gb  stm32f10x_usart.o [1]
YYCURSOR                0x20001bc4    0x4  Data  Gb  sim800.o [1]
YYMARKER                0x20001bcc    0x4  Data  Gb  sim800.o [1]
YYSTART                 0x20001bc8    0x4  Data  Gb  sim800.o [1]
_GenldLargeNoMb         0x080087c1  0x248  Code  Lc  xprintflarge_nomb.o [3]
_GetN                   0x0800931d   0x22  Code  Lc  xscanfsmall_nomb.o [3]
_Getdst                 0x0800a035  0x13c  Code  Gb  xgetdst.o [3]
_GetintSmallNoMb        0x080095fb  0x214  Code  Lc  xscanfsmall_nomb.o [3]
_GetstrSmallNoMb        0x08009547   0xb4  Code  Lc  xscanfsmall_nomb.o [3]
_Gettime                0x08009fcb   0x42  Code  Gb  xgettime.o [3]
_IsdstStr               0x20000330    0x4  Data  Gb  setlocale.o [3]
_Isdst_olddst           0x20000348    0x4  Data  Lc  xisdst.o [3]
_Isdst_rules            0x2000034c    0x4  Data  Gb  xisdstData.o [3]
_LdtobLargeNoMb         0x08008541  0x27a  Code  Lc  xprintflarge_nomb.o [3]
_LitobLargeNoMb         0x0800843b  0x106  Code  Lc  xprintflarge_nomb.o [3]
_PrintfLargeNoMb        0x08007e4d  0x57a  Code  Gb  xprintflarge_nomb.o [3]
_Prout                  0x0800c6b9   0x16  Code  Gb  xprout.o [3]
_PutcharsLargeNoMb      0x08008a09   0x2e  Code  Lc  xprintflarge_nomb.o [3]
_SProut                 0x0800262f    0xa  Code  Gb  xsprout.o [3]
_SScin                  0x080023cb   0x1e  Code  Gb  xsscin.o [3]
_ScanfSmallNoMb         0x08009359  0x1e8  Code  Gb  xscanfsmall_nomb.o [3]
_Ttotm_ts               0x20000110   0x2c  Data  Lc  xttotm.o [3]
_TzoneStr               0x2000032c    0x4  Data  Gb  setlocale.o [3]
_UngetN                 0x0800933f   0x1a  Code  Lc  xscanfsmall_nomb.o [3]
__aeabi_cdcmple         0x080098d9         Code  Gb  DblCmpLe.o [4]
__aeabi_d2uiz           0x08009909         Code  Gb  DblToI32.o [4]
__aeabi_ddiv            0x08007955         Code  Gb  DblDiv.o [4]
__aeabi_dmul            0x080077b1         Code  Gb  DblMul.o [4]
__aeabi_dsub            0x08009935         Code  Gb  DblSub.o [4]
__aeabi_errno_addr      0x0800a171    0x6  Code  Gb  errno.o [3]
__aeabi_f2d             0x0800a475         Code  Gb  FltToDbl.o [4]
__aeabi_ldiv0           0x0800649d         Code  Gb  I64DivZer.o [5]
__aeabi_ldivmod         0x080021f9         Code  Gb  I64DivMod.o [5]
__aeabi_memset          0x08003fe9         Code  Gb  ABImemset.o [5]
__aeabi_ui2d            0x08007795         Code  Gb  I32ToDbl.o [4]
__aeabi_uldivmod        0x0800223d         Code  Gb  I64DivMod.o [5]
__cmain                 0x0800c4c1         Code  Gb  cmain.o [5]
__data_GetMemChunk      0x08006635   0x2c  Code  Gb  xgetmemchunk.o [3]
__error                 0x20001b98    0x4  Data  Lc  sevproto.o [1]
__exit                  0x08008c3d   0x14  Code  Gb  exit.o [6]
__getzone               0x08009fc1    0x6  Code  Gb  getzone.o [3]
__gmtime32              0x0800741f    0xa  Code  Gb  gmtime.o [3]
__iar_Daysto32          0x08008ff5   0x3a  Code  Gb  xttotm.o [3]
__iar_Dnorm             0x08009895   0x42  Code  Gb  xdnorm.o [4]
__iar_Errno             0x20000350    0x4  Data  Gb  errno.o [3]
__iar_Isdst32           0x08009b69  0x134  Code  Gb  xisdst.o [3]
__iar_Memchr            0x0800983d         Code  Gb  memchr.o [5]
__iar_Memset            0x08003fe9         Code  Gb  ABImemset.o [5]
__iar_Memset_word       0x08003ff1         Code  Gb  ABImemset.o [5]
__iar_Stolx             0x08009c9d   0x86  Code  Gb  xstol.o [3]
__iar_Stoul             0x08009e6d    0x4  Code  Gb  xstoul.o [3]
__iar_Stoulx            0x08009d25  0x142  Code  Gb  xstoul.o [3]
__iar_Strchr            0x08009825         Code  Gb  strchr.o [5]
__iar_Ttotm32           0x0800902f  0x112  Code  Gb  xttotm.o [3]
__iar_TzoneStr_init     0x08009f95   0x24  Code  Gb  setlocale.o [3]
__iar_d2uiz             0x08009915         Code  Gb  DblToI32.o [4]
__iar_dadd              0x08009ec1         Code  Gb  DblAdd.o [4]
__iar_data_init3        0x0800c30d   0x28  Code  Gb  data_init.o [5]
__iar_dlfree            0x08003ad1  0x510  Code  Gb  dlmalloc.o [3]
__iar_dlib_perthread_access
                        0x08009b67    0x2  Code  Gb  xtls.o [3]
__iar_dlmalloc          0x08003811  0x2b4  Code  Gb  dlmalloc.o [3]
__iar_dsub              0x08009949         Code  Gb  DblSub.o [4]
__iar_dsubStart         0x0800995b         Code  Gb  DblSub.o [4]
__iar_lz77_init3        0x0800af23  0x160  Code  Gb  lz77_init.o [5]
__iar_program_start     0x0800c8f5         Code  Gb  cstartup_M.o [5]
__iar_strcmp            0x08008f09         Code  Gb  strcmp_unaligned.o [5]
__iar_ui2d              0x08007799         Code  Gb  I32ToDbl.o [4]
__iar_unaligned___aeabi_memcpy
                        0x08004051         Code  Gb  ABImemcpy_unaligned.o [5]
__iar_unaligned___aeabi_memcpy4
                        0x08004071         Code  Gb  ABImemcpy_unaligned.o [5]
__iar_unaligned___aeabi_memcpy8
                        0x08004071         Code  Gb  ABImemcpy_unaligned.o [5]
__iar_unaligned___aeabi_memmove
                        0x080065b5         Code  Gb  ABImemmove_unaligned.o [5]
__iar_unaligned___aeabi_memmove4
                        0x080065b5         Code  Gb  ABImemmove_unaligned.o [5]
__iar_unaligned___aeabi_memmove8
                        0x080065b5         Code  Gb  ABImemmove_unaligned.o [5]
__iar_unaligned_memcmp  0x08008f91         Code  Gb  memcmp_unaligned.o [5]
__iar_unaligned_strcmp  0x08008f09         Code  Gb  strcmp_unaligned.o [5]
__iar_unaligned_strcpy  0x08008f4d         Code  Gb  strcpy_unaligned.o [5]
__iar_zero_init3        0x0800c1f5   0x40  Code  Gb  zero_init3.o [5]
__low_level_init        0x0800c4db    0x4  Code  Gb  low_level_init.o [3]
__seq                   0x20001b94    0x4  Data  Lc  sevproto.o [1]
__vector_table          0x08000000         Data  Gb  startup_stm32f10x_md.o [1]
__write                 0x0800c123    0x6  Code  Gb  main.o [1]
_call_main              0x0800c4cd         Code  Gb  cmain.o [5]
_exit                   0x0800c4e5         Code  Gb  cexit.o [5]
_gm_                    0x20000f54  0x1d8  Data  Lc  dlmalloc.o [3]
_main                   0x0800c4d7         Code  Gb  cmain.o [5]
abort                   0x0800662d    0x6  Code  Gb  abort.o [3]
adc_init                0x080044b9   0x82  Code  Lc  battery.o [1]
adc_read                0x0800453b   0x1e  Code  Lc  battery.o [1]
add_timer               0x0800218f   0x42  Code  Lc  etimer.o [1]
address_backup          0x20001bef    0x1  Data  Lc  senprote-rs3010K.o [1]
address_backup          0x20001bf0    0x1  Data  Lc  senprote-t770.o [1]
address_backup          0x20001bf1    0x1  Data  Lc  senprote-t800.o [1]
address_backup          0x20001bf2    0x1  Data  Lc  senprote-t830.o [1]
address_backup          0x20001bf3    0x1  Data  Lc  senprote-water.o [1]
address_backup          0x20001bf4    0x1  Data  Lc  senproto-rst460.o [1]
address_backup          0x20001bf5    0x1  Data  Lc  senproto-zbm001.o [1]
app_process             0x20001b9c    0x4  Data  Lc  sim800.o [1]
backup_check_time       0x080041bd   0x44  Code  Lc  sensor_data_backup.o [1]
backup_clean            0x08004165   0x58  Code  Gb  sensor_data_backup.o [1]
backup_commit_process   0x200001fc   0x10  Data  Gb  sdcdtu.o [1]
backup_init             0x08004101   0x64  Code  Gb  sensor_data_backup.o [1]
backup_pop              0x08004201   0xf2  Code  Gb  sensor_data_backup.o [1]
backup_push             0x080042f3   0xc0  Code  Gb  sensor_data_backup.o [1]
battery_check_power     0x08004577   0x80  Code  Gb  battery.o [1]
battery_init            0x080046d9   0x24  Code  Gb  battery.o [1]
battery_read            0x080045f7   0xe2  Code  Gb  battery.o [1]
call_process            0x0800271f   0x4a  Code  Lc  process.o [1]
callbacks               0x20001b14    0x4  Data  Lc  gprs.o [1]
cgatt_data              0x20001ba4    0x4  Data  Lc  sim800.o [1]
charg_state             0x08004559    0xa  Code  Lc  battery.o [1]
checksum_calc           0x0800b0d3   0x1e  Code  Gb  senproto-rst460.o [1]
cifsr_data              0x20001a5c   0x10  Data  Lc  sim800.o [1]
clock_init              0x080063bb   0x8e  Code  Gb  clock.o [1]
clock_time              0x08006449    0x8  Code  Gb  clock.o [1]
cmd_buffer_dataptr      0x080056b5    0x4  Code  Lc  sim800.o [1]
cmd_buffer_init         0x0800569b   0x1a  Code  Lc  sim800.o [1]
cmd_buffer_length       0x080056b9    0x8  Code  Lc  sim800.o [1]
cmd_buffer_push_byte    0x080056cb   0x10  Code  Lc  sim800.o [1]
cmd_buffer_size         0x080056c1    0xa  Code  Lc  sim800.o [1]
cmdbuffs                0x200002e8    0xc  Data  Lc  sim800.o [1]
cmdbuffs_memb_count     0x20001bd4    0x4  Data  Lc  sim800.o [1]
cmdbuffs_memb_mem       0x20001514  0x110  Data  Lc  sim800.o [1]
commit_buff             0x200002ac    0xc  Data  Lc  sdcdtu.o [1]
configure_data_buffer   0x20001404  0x110  Data  Lc  sdcdtu.o [1]
configure_read          0x080043bd   0x68  Code  Gb  configure.o [1]
configure_update_apply  0x08004493   0x18  Code  Gb  configure.o [1]
configure_update_check  0x0800448f    0x4  Code  Gb  configure.o [1]
configure_update_init   0x08004425   0x26  Code  Gb  configure.o [1]
configure_update_process
                        0x200001cc   0x10  Data  Gb  sdcdtu.o [1]
configure_update_push   0x0800444b   0x44  Code  Gb  configure.o [1]
cpin_status             0x20001ba0    0x4  Data  Lc  sim800.o [1]
crc16                   0x0800a4c5   0x3a  Code  Lc  senprote-rs3010K.o [1]
crc16                   0x0800a735   0x3a  Code  Lc  senprote-t770.o [1]
crc16                   0x0800a921   0x3a  Code  Lc  senprote-t800.o [1]
crc16                   0x0800ab01   0x3a  Code  Lc  senprote-t830.o [1]
crc16                   0x0800ace1   0x3a  Code  Lc  senprote-water.o [1]
crc32_calc              0x0800626b   0xe8  Code  Gb  crc.o [1]
crc_init                0x080061f1   0x10  Code  Gb  crc.o [1]
creg_data               0x20001af0    0x8  Data  Lc  sim800.o [1]
csq_data                0x20001ae8    0x8  Data  Lc  sim800.o [1]
current_cmd_buffer      0x20001bd0    0x4  Data  Lc  sim800.o [1]
deviceid_read           0x08001dc1   0x2c  Code  Gb  deviceid.o [1]
digits                  0x08009e70   0x28  Data  Lc  xstoul.o [3]
div                     0x08009ab5    0xe  Code  Gb  div.o [3]
dl_SPIFFS_close         0x08007191   0xaa  Code  Gb  spiffs_disk.o [1]
dl_SPIFFS_creat         0x08007339   0x2a  Code  Gb  spiffs_disk.o [1]
dl_SPIFFS_info          0x080072f7   0x3c  Code  Gb  spiffs_disk.o [1]
dl_SPIFFS_lseek         0x080068ff   0xd4  Code  Gb  spiffs_disk.o [1]
dl_SPIFFS_open          0x080069d3   0xb8  Code  Gb  spiffs_disk.o [1]
dl_SPIFFS_read          0x08006a8b  0x1ac  Code  Gb  spiffs_disk.o [1]
dl_SPIFFS_remove        0x0800723b   0xbc  Code  Gb  spiffs_disk.o [1]
dl_SPIFFS_rename        0x08007363   0x4e  Code  Gb  spiffs_disk.o [1]
dl_SPIFFS_stat          0x080068e1   0x1e  Code  Gb  spiffs_disk.o [1]
dl_SPIFFS_write         0x08006c37  0x55a  Code  Gb  spiffs_disk.o [1]
dl_fs_init              0x08006661   0x62  Code  Gb  spiffs_disk.o [1]
do_event                0x080027cd   0xc0  Code  Lc  process.o [1]
do_poll                 0x0800279d   0x30  Code  Lc  process.o [1]
dtuconfig               0x20000334    0x4  Data  Gb  sdcdtu.o [1]
dtudata_commit_process  0x200001ec   0x10  Data  Gb  sdcdtu.o [1]
etimer_process          0x2000015c   0x10  Data  Gb  etimer.o [1]
etimer_request_poll     0x08002185    0xa  Code  Gb  etimer.o [1]
etimer_set              0x080021d1   0x16  Code  Gb  etimer.o [1]
events                  0x2000112c  0x180  Data  Lc  process.o [1]
exit                    0x0800c4df    0x4  Code  Gb  exit.o [3]
exit_process            0x08002687   0x98  Code  Lc  process.o [1]
fevent                  0x20001beb    0x1  Data  Lc  process.o [1]
fifo_get_avlid          0x08008b55   0x12  Code  Gb  fifo.o [1]
fifo_get_length         0x08008b3f   0x16  Code  Gb  fifo.o [1]
fifo_init               0x08008b2d   0x12  Code  Gb  fifo.o [1]
fifo_pop                0x08008bc5   0x76  Code  Gb  fifo.o [1]
fifo_pop_byte           0x08008b95   0x30  Code  Gb  fifo.o [1]
fifo_push_byte          0x08008b67   0x2e  Code  Gb  fifo.o [1]
framebuff_avlid         0x080029b7    0x8  Code  Gb  framebuff.o [1]
framebuff_clean         0x080029f3    0x6  Code  Gb  framebuff.o [1]
framebuff_datptr        0x080029f9    0x4  Code  Gb  framebuff.o [1]
framebuff_init          0x080029a1    0xe  Code  Gb  framebuff.o [1]
framebuff_length        0x080029af    0x8  Code  Gb  framebuff.o [1]
framebuff_push          0x080029bf   0x34  Code  Gb  framebuff.o [1]
framebuff_push_u16      0x08002a63   0x24  Code  Gb  framebuff.o [1]
framebuff_push_u32      0x08002a87   0x24  Code  Gb  framebuff.o [1]
framebuff_push_u8       0x08002a3f   0x24  Code  Gb  framebuff.o [1]
framebuff_remove        0x080029fd   0x42  Code  Gb  framebuff.o [1]
framebuffer_commit_buff_data_buffer
                        0x20001724  0x100  Data  Lc  sdcdtu.o [1]
framebuffer_gprs_send_buffer_data_buffer
                        0x20000754  0x200  Data  Lc  sdcdtu.o [1]
framebuffer_sensorDataStringBuffer_data_buffer
                        0x20000b54  0x200  Data  Lc  sdcdtu.o [1]
framebuffer_sensorInterfaceSendReceiveBuffer_data_buffer
                        0x20000954  0x200  Data  Lc  sdcdtu.o [1]
framebuffer_sevproto_prepare_buff_data_buffer
                        0x20000d54  0x200  Data  Lc  sevproto.o [1]
g_fs_block              0x20001b00    0x8  Data  Lc  spiffs_disk.o [1]
g_fs_header             0x200012ac  0x158  Data  Lc  spiffs_disk.o [1]
getint                  0x0800a00d   0x28  Code  Lc  xgetdst.o [3]
gpio_get_pin            0x080061a5   0x26  Code  Gb  gpio.o [1]
gpio_init               0x080061d1   0x1e  Code  Gb  gpio.o [1]
gpio_set_as_input       0x08006143   0x2e  Code  Gb  gpio.o [1]
gpio_set_as_output      0x08006115   0x2e  Code  Gb  gpio.o [1]
gpio_set_pin            0x08006171   0x34  Code  Gb  gpio.o [1]
gpiocfg                 0x20000000   0xb0  Data  Gb  gpio.o [1]
gprs_close              0x08001d15   0x1a  Code  Gb  gprs.o [1]
gprs_communication_process
                        0x2000016c   0x10  Data  Gb  gprs.o [1]
gprs_connect            0x08001cf5    0x6  Code  Gb  gprs.o [1]
gprs_connect_status     0x20001b1c    0x4  Data  Lc  gprs.o [1]
gprs_domain             0x20001b20    0x4  Data  Lc  gprs.o [1]
gprs_event_closed       0x20001be8    0x1  Data  Gb  gprs.o [1]
gprs_event_connect      0x20001be6    0x1  Data  Gb  gprs.o [1]
gprs_event_disconnect   0x20001be7    0x1  Data  Gb  gprs.o [1]
gprs_event_recv         0x20001be5    0x1  Data  Gb  gprs.o [1]
gprs_event_sent         0x20001be4    0x1  Data  Gb  gprs.o [1]
gprs_init               0x08001c97   0x46  Code  Gb  gprs.o [1]
gprs_open               0x08001cfb   0x1a  Code  Gb  gprs.o [1]
gprs_parent_process     0x20001b18    0x4  Data  Lc  gprs.o [1]
gprs_port               0x20001b24    0x4  Data  Lc  gprs.o [1]
gprs_process            0x2000017c   0x10  Data  Gb  gprs.o [1]
gprs_send               0x08001ce3   0x12  Code  Gb  gprs.o [1]
gprs_send_buffer        0x2000027c    0xc  Data  Lc  sdcdtu.o [1]
gprs_set_parent_process
                        0x08001cdd    0x6  Code  Gb  gprs.o [1]
hardware_update_process
                        0x200001dc   0x10  Data  Gb  sdcdtu.o [1]
init_mparams            0x08002af3   0x32  Code  Lc  dlmalloc.o [3]
init_top                0x08002b25   0x34  Code  Lc  dlmalloc.o [3]
inner_fs_file_ceate     0x0800674b  0x11e  Code  Gb  spiffs_disk.o [1]
inner_fs_file_is_exist  0x080066c3   0x40  Code  Gb  spiffs_disk.o [1]
inner_fs_file_jump_end  0x08006869   0x78  Code  Gb  spiffs_disk.o [1]
inner_fs_get_free_block
                        0x08006703   0x48  Code  Gb  spiffs_disk.o [1]
inner_make_crc16        0x080073c5   0x5a  Code  Gb  spiffs_disk.o [1]
lastevent               0x20001be9    0x1  Data  Lc  process.o [1]
list_add                0x0800259f   0x26  Code  Gb  list.o [1]
list_head               0x0800257d    0x4  Code  Gb  list.o [1]
list_item_next          0x08002623    0xc  Code  Gb  list.o [1]
list_length             0x0800260f   0x14  Code  Gb  list.o [1]
list_pop                0x080025c5   0x14  Code  Gb  list.o [1]
list_remove             0x080025d9   0x36  Code  Gb  list.o [1]
list_tail               0x08002581   0x1e  Code  Gb  list.o [1]
lmos                    0x0800914c   0x18  Data  Lc  xttotm.o [3]
main                    0x0800c0d1   0x4c  Code  Gb  main.o [1]
memb_alloc              0x0800235f   0x30  Code  Gb  memb.o [1]
memb_free               0x0800238f   0x3c  Code  Gb  memb.o [1]
memb_init               0x0800232b   0x34  Code  Gb  memb.o [1]
memchr                  0x0800983d         Code  Gb  memchr.o [5]
mos                     0x08009164   0x18  Data  Lc  xttotm.o [3]
mparams                 0x20001994   0x18  Data  Lc  dlmalloc.o [3]
ms_count                0x20001ac0    0x8  Data  Gb  clock.o [1]
ndigs                   0x08009e98   0x28  Data  Lc  xstoul.o [3]
nevents                 0x20001bea    0x1  Data  Lc  process.o [1]
next_expiration         0x20001b10    0x4  Data  Lc  etimer.o [1]
next_wakeuptime         0x20001b3c    0x4  Data  Lc  sdcdtu.o [1]
parse_process           0x2000022c   0x10  Data  Gb  sim800.o [1]
poll_requested          0x20001bec    0x1  Data  Lc  process.o [1]
power_ctrl1             0x200002b8    0xc  Data  Lc  senif.o [1]
power_ctrl2             0x200002c4    0xc  Data  Lc  senif.o [1]
power_ctrl3             0x200002d0    0xc  Data  Lc  senif.o [1]
power_ctrl_init         0x080023e9   0x26  Code  Lc  senif.o [1]
prepend_alloc           0x08002b59  0x36c  Code  Lc  dlmalloc.o [3]
printf                  0x08005c99   0x24  Code  Gb  printf.o [3]
process_alloc_event     0x08002639   0x12  Code  Gb  process.o [1]
process_current         0x20001b2c    0x4  Data  Gb  process.o [1]
process_exit            0x08002769   0x10  Code  Gb  process.o [1]
process_init            0x08002779   0x24  Code  Gb  process.o [1]
process_is_running      0x08002979   0x10  Code  Gb  process.o [1]
process_list            0x20001b28    0x4  Data  Gb  process.o [1]
process_poll            0x0800292d   0x1c  Code  Gb  process.o [1]
process_post            0x080028ab   0x64  Code  Gb  process.o [1]
process_post_synch      0x0800290f   0x1e  Code  Gb  process.o [1]
process_run             0x0800288d   0x1e  Code  Gb  process.o [1]
process_start           0x0800264b   0x3c  Code  Gb  process.o [1]
process_thread_backup_commit_process
                        0x08001115  0x16c  Code  Lc  sdcdtu.o [1]
process_thread_configure_update_process
                        0x0800080f  0x2d0  Code  Lc  sdcdtu.o [1]
process_thread_dtudata_commit_process
                        0x08000f99  0x174  Code  Lc  sdcdtu.o [1]
process_thread_etimer_process
                        0x080020a1   0xe4  Code  Lc  etimer.o [1]
process_thread_gprs_communication_process
                        0x080016c9  0x4fa  Code  Lc  gprs.o [1]
process_thread_gprs_process
                        0x08001bc3   0xd4  Code  Lc  gprs.o [1]
process_thread_hardware_update_process
                        0x08000d39  0x23e  Code  Lc  sdcdtu.o [1]
process_thread_parse_process
                        0x0800579d  0x1d8  Code  Lc  sim800.o [1]
process_thread_sdcdtu_process
                        0x080012b5  0x38c  Code  Lc  sdcdtu.o [1]
process_thread_sendat_collect_process
                        0x0800033f  0x2a0  Code  Lc  sdcdtu.o [1]
process_thread_sendat_commit_process
                        0x080005df  0x230  Code  Lc  sdcdtu.o [1]
process_thread_sensor_prewarm_process
                        0x0800022b  0x114  Code  Lc  sdcdtu.o [1]
process_thread_sim800_power_ctrl_process
                        0x0800598d  0x12e  Code  Lc  sim800.o [1]
process_thread_sim800_power_state
                        0x080056db   0x98  Code  Lc  sim800.o [1]
process_thread_system_monit_process
                        0x0800b2a7   0x86  Code  Lc  system_status.o [1]
process_thread_system_status_process
                        0x0800b225   0x82  Code  Lc  system_status.o [1]
process_thread_timesync_process
                        0x080000ed  0x13e  Code  Lc  sdcdtu.o [1]
putchar                 0x0800c2e5   0x28  Code  Gb  putchar.o [3]
recv_data_buffer        0x20000354  0x400  Data  Lc  sim800.o [1]
recv_data_ptr           0x20001bb4    0x4  Data  Lc  sim800.o [1]
recv_data_size          0x20001bb0    0x4  Data  Lc  sim800.o [1]
refin                   0x08006201   0x2c  Code  Lc  crc.o [1]
refout                  0x0800622d   0x3e  Code  Lc  crc.o [1]
rs3010k_parse           0x0800a561  0x1c2  Code  Gb  senprote-rs3010K.o [1]
rs3010k_prepare         0x0800a4ff   0x62  Code  Gb  senprote-rs3010K.o [1]
rs3010k_senproto        0x200002f4    0x8  Data  Gb  senprote-rs3010K.o [1]
rst460_parse            0x0800b0f1  0x12a  Code  Gb  senproto-rst460.o [1]
rst460_prepare          0x0800b085   0x4e  Code  Gb  senproto-rst460.o [1]
rst460_senproto         0x2000031c    0x8  Data  Gb  senproto-rst460.o [1]
rtc_get_time            0x08001e87    0x8  Code  Gb  rtc.o [1]
rtc_init                0x08001ded   0x8e  Code  Gb  rtc.o [1]
rtc_set_time            0x08001e7b    0xc  Code  Gb  rtc.o [1]
rtc_wakeup_after_second
                        0x08001e8f   0x30  Code  Gb  rtc.o [1]
rtc_wakeup_at_second    0x08001ebf   0x40  Code  Gb  rtc.o [1]
sccb_memb               0x20000288    0xc  Data  Lc  sdcdtu.o [1]
sccb_memb_memb_count    0x200019dc   0x10  Data  Lc  sdcdtu.o [1]
sccb_memb_memb_mem      0x20001624  0x100  Data  Lc  sdcdtu.o [1]
sdcdtu_frameware_update_data_reply_process
                        0x08000c95   0xa4  Code  Lc  sdcdtu.o [1]
sdcdtu_frameware_update_data_require_prepare
                        0x08000bf1   0x7a  Code  Lc  sdcdtu.o [1]
sdcdtu_frameware_update_reply_version_process
                        0x08000b3d   0xb4  Code  Lc  sdcdtu.o [1]
sdcdtu_frameware_update_require_version_prepare
                        0x08000adf   0x5e  Code  Lc  sdcdtu.o [1]
sdcdtu_init             0x08001645    0xc  Code  Gb  sdcdtu.o [1]
sdcdtu_process          0x2000020c   0x10  Data  Gb  sdcdtu.o [1]
second_count            0x20001ac8    0x8  Data  Gb  clock.o [1]
segment_holding         0x08002ad9   0x1a  Code  Lc  dlmalloc.o [3]
send_data_ptr           0x20001ba8    0x4  Data  Lc  sim800.o [1]
send_data_size          0x20001bac    0x4  Data  Lc  sim800.o [1]
sendat_collect_list     0x2000033c    0x4  Data  Lc  sdcdtu.o [1]
sendat_collect_list_list
                        0x20001b48    0x4  Data  Lc  sdcdtu.o [1]
sendat_collect_process  0x200001ac   0x10  Data  Gb  sdcdtu.o [1]
sendat_commit_list      0x20000340    0x4  Data  Lc  sdcdtu.o [1]
sendat_commit_list_list
                        0x20001b4c    0x4  Data  Lc  sdcdtu.o [1]
sendat_commit_process   0x200001bc   0x10  Data  Gb  sdcdtu.o [1]
senif_close             0x080024eb   0x28  Code  Gb  senif.o [1]
senif_init              0x0800240f   0x3a  Code  Gb  senif.o [1]
senif_open              0x080024a5   0x46  Code  Gb  senif.o [1]
senif_power_close       0x08002477   0x2e  Code  Gb  senif.o [1]
senif_power_open        0x08002449   0x2e  Code  Gb  senif.o [1]
senif_read              0x08002553   0x24  Code  Gb  senif.o [1]
senif_write             0x08002513   0x40  Code  Gb  senif.o [1]
senifs_init             0x0800c0a9   0x28  Code  Lc  main.o [1]
senproto_lookup         0x08002989   0x18  Code  Gb  senproto.o [1]
sensorDataStringBuffer  0x200002a0    0xc  Data  Lc  sdcdtu.o [1]
sensorInterfaceSendReceiveBuffer
                        0x20000294    0xc  Data  Lc  sdcdtu.o [1]
sensor_interfaces       0x200000b0   0x60  Data  Lc  senif.o [1]
sensor_prewarm_list     0x20000338    0x4  Data  Lc  sdcdtu.o [1]
sensor_prewarm_list_list
                        0x20001b44    0x4  Data  Lc  sdcdtu.o [1]
sensor_prewarm_process  0x2000019c   0x10  Data  Gb  sdcdtu.o [1]
sensors_table           0x2000013c   0x20  Data  Gb  senproto.o [1]
sevproto_check          0x08001f09   0xc4  Code  Gb  sevproto.o [1]
sevproto_prepare        0x08001fcd   0x78  Code  Gb  sevproto.o [1]
sevproto_prepare_buff   0x200002dc    0xc  Data  Lc  sevproto.o [1]
sim800_cmd_ate0         0x08005bcb   0x20  Code  Gb  sim800.o [1]
sim800_cmd_cifsr        0x08005b8b   0x20  Code  Gb  sim800.o [1]
sim800_cmd_ciicr        0x08005b6b   0x20  Code  Gb  sim800.o [1]
sim800_cmd_ciphead      0x08005bab   0x20  Code  Gb  sim800.o [1]
sim800_cmd_cipstart     0x08005beb   0x28  Code  Gb  sim800.o [1]
sim800_cmd_cstt         0x08005b47   0x24  Code  Gb  sim800.o [1]
sim800_init             0x08005ac5   0x60  Code  Gb  sim800.o [1]
sim800_power_ctrl_process
                        0x2000023c   0x10  Data  Gb  sim800.o [1]
sim800_power_off        0x08005b39    0xe  Code  Gb  sim800.o [1]
sim800_power_on         0x08005b2b    0xe  Code  Gb  sim800.o [1]
sim800_power_state      0x2000021c   0x10  Data  Gb  sim800.o [1]
sim800_send             0x08005c13   0x2e  Code  Gb  sim800.o [1]
sim800_set_parent       0x08005b25    0x6  Code  Gb  sim800.o [1]
simple_delay            0x08004563   0x14  Code  Lc  battery.o [1]
sprintf                 0x08007bad   0x34  Code  Gb  sprintf.o [3]
sscanf                  0x08007e29   0x24  Code  Gb  sscanf.o [3]
strchr                  0x08009825         Code  Gb  strchr.o [5]
strlen                  0x080040c9         Code  Gb  strlen.o [5]
sys_alloc               0x08002ec5  0x386  Code  Lc  dlmalloc.o [3]
system_monit_process    0x2000026c   0x10  Data  Gb  system_status.o [1]
system_status_init      0x0800b32d   0x14  Code  Gb  system_status.o [1]
system_status_process   0x2000025c   0x10  Data  Gb  system_status.o [1]
t770_parse              0x0800a7d1  0x140  Code  Gb  senprote-t770.o [1]
t770_prepare            0x0800a76f   0x62  Code  Gb  senprote-t770.o [1]
t770_senproto           0x200002fc    0x8  Data  Gb  senprote-t770.o [1]
t800_parse              0x0800a9bd  0x134  Code  Gb  senprote-t800.o [1]
t800_prepare            0x0800a95b   0x62  Code  Gb  senprote-t800.o [1]
t800_senproto           0x20000304    0x8  Data  Gb  senprote-t800.o [1]
t830_parse              0x0800ab9d  0x134  Code  Gb  senprote-t830.o [1]
t830_prepare            0x0800ab3b   0x62  Code  Gb  senprote-t830.o [1]
t830_senproto           0x2000030c    0x8  Data  Gb  senprote-t830.o [1]
table_crc_hi            0x0800b4a8  0x100  Data  Lc  senprote-rs3010K.o [1]
table_crc_hi            0x0800b6a8  0x100  Data  Lc  senprote-t770.o [1]
table_crc_hi            0x0800b8a8  0x100  Data  Lc  senprote-t800.o [1]
table_crc_hi            0x0800baa8  0x100  Data  Lc  senprote-t830.o [1]
table_crc_hi            0x0800bca8  0x100  Data  Lc  senprote-water.o [1]
table_crc_hi            0x0800bea8  0x100  Data  Lc  senproto-zbm001.o [1]
table_crc_lo            0x0800b5a8  0x100  Data  Lc  senprote-rs3010K.o [1]
table_crc_lo            0x0800b7a8  0x100  Data  Lc  senprote-t770.o [1]
table_crc_lo            0x0800b9a8  0x100  Data  Lc  senprote-t800.o [1]
table_crc_lo            0x0800bba8  0x100  Data  Lc  senprote-t830.o [1]
table_crc_lo            0x0800bda8  0x100  Data  Lc  senprote-water.o [1]
table_crc_lo            0x0800bfa8  0x100  Data  Lc  senproto-zbm001.o [1]
timer_expired           0x08002abb   0x1e  Code  Gb  timer.o [1]
timer_set               0x08002aab   0x10  Code  Gb  timer.o [1]
timerlist               0x20001ab8    0x4  Data  Lc  etimer.o [1]
timesync_process        0x2000018c   0x10  Data  Gb  sdcdtu.o [1]
tmalloc_large           0x08003259  0x39e  Code  Lc  dlmalloc.o [3]
tmalloc_small           0x080035f7  0x21a  Code  Lc  dlmalloc.o [3]
update_time             0x08002051   0x50  Code  Lc  etimer.o [1]
usart1_input_fun        0x20001bd8    0x4  Data  Lc  usart.o [1]
usart2_input_fun        0x20001bdc    0x4  Data  Lc  usart.o [1]
usart_configure         0x08007ccd   0x7a  Code  Gb  usart.o [1]
usart_init              0x08007be1   0xec  Code  Gb  usart.o [1]
usart_stream_byte       0x08006565   0x38  Code  Gb  usart_stream.o [1]
usart_stream_init       0x080064c1   0x38  Code  Gb  usart_stream.o [1]
usart_stream_read       0x08006527   0x3e  Code  Gb  usart_stream.o [1]
usart_stream_write      0x080064f9   0x2e  Code  Gb  usart_stream.o [1]
usart_write             0x08007d47   0x60  Code  Gb  usart.o [1]
water_parse             0x0800ad7d  0x134  Code  Gb  senprote-water.o [1]
water_prepare           0x0800ad1b   0x62  Code  Gb  senprote-water.o [1]
water_senproto          0x20000314    0x8  Data  Gb  senprote-water.o [1]
xFs                     0x200018a4   0x70  Data  Gb  spiffs_disk.o [1]
yychar                  0x20001bb8    0x4  Data  Gb  sim800.o [1]
yycheck                 0x0800c264   0x30  Data  Lc  sim800.o [1]
yydefact                0x0800c16c   0x44  Data  Lc  sim800.o [1]
yydefgoto               0x0800c798   0x14  Data  Lc  sim800.o [1]
yydestruct              0x08004719    0xc  Code  Lc  sim800.o [1]
yyerror                 0x08005695    0x6  Code  Gb  sim800.o [1]
yylex                   0x08004d11  0x974  Code  Gb  sim800.o [1]
yylval                  0x20001bbc    0x4  Data  Gb  sim800.o [1]
yynerrs                 0x20001bc0    0x4  Data  Gb  sim800.o [1]
yypact                  0x0800c128   0x44  Data  Lc  sim800.o [1]
yyparse                 0x08004725  0x5c0  Code  Gb  sim800.o [1]
yypgoto                 0x0800c784   0x14  Data  Lc  sim800.o [1]
yyr1                    0x0800c294   0x28  Data  Lc  sim800.o [1]
yyr2                    0x0800c2bc   0x28  Data  Lc  sim800.o [1]
yystos                  0x0800c1b0   0x44  Data  Lc  sim800.o [1]
yytable                 0x0800c234   0x30  Data  Lc  sim800.o [1]
yytranslate             0x0800b390  0x118  Data  Lc  sim800.o [1]
zbm001_parse            0x0800a229  0x23c  Code  Gb  senproto-zbm001.o [1]
zbm001_prepare          0x0800a1b7   0x72  Code  Gb  senproto-zbm001.o [1]
zbm001_senproto         0x20000324    0x8  Data  Gb  senproto-zbm001.o [1]
zcrc16                  0x0800a17d   0x3a  Code  Lc  senproto-zbm001.o [1]


[1] = D:\Ruhr\Xiongmao\github\DTU1.0\project\Debug\Obj
[2] = command line
[3] = dl7M_tln.a
[4] = m7M_tl.a
[5] = rt7M_tl.a
[6] = shb_l.a

  46 528 bytes of readonly  code memory
   5 560 bytes of readonly  data memory
  19 446 bytes of readwrite data memory

Errors: none
Warnings: none
