###############################################################################
#
# IAR ELF Linker V7.40.3.8902/W32 for ARM                 15/Dec/2017  11:10:28
# Copyright 2007-2015 IAR Systems AB.
#
#    Output file  =  D:\Ruhr\Xiongmao\github\DTU1.0\project\Debug\Exe\c.out
#    Map file     =  D:\Ruhr\Xiongmao\github\DTU1.0\project\Debug\List\c.map
#    Command line =  
#        D:\Ruhr\Xiongmao\github\DTU1.0\project\Debug\Obj\battery.o
#        D:\Ruhr\Xiongmao\github\DTU1.0\project\Debug\Obj\clock.o
#        D:\Ruhr\Xiongmao\github\DTU1.0\project\Debug\Obj\configure.o
#        D:\Ruhr\Xiongmao\github\DTU1.0\project\Debug\Obj\crc.o
#        D:\Ruhr\Xiongmao\github\DTU1.0\project\Debug\Obj\deviceid.o
#        D:\Ruhr\Xiongmao\github\DTU1.0\project\Debug\Obj\etimer.o
#        D:\Ruhr\Xiongmao\github\DTU1.0\project\Debug\Obj\fifo.o
#        D:\Ruhr\Xiongmao\github\DTU1.0\project\Debug\Obj\framebuff.o
#        D:\Ruhr\Xiongmao\github\DTU1.0\project\Debug\Obj\frameware.o
#        D:\Ruhr\Xiongmao\github\DTU1.0\project\Debug\Obj\gpio.o
#        D:\Ruhr\Xiongmao\github\DTU1.0\project\Debug\Obj\gprs.o
#        D:\Ruhr\Xiongmao\github\DTU1.0\project\Debug\Obj\list.o
#        D:\Ruhr\Xiongmao\github\DTU1.0\project\Debug\Obj\logger.o
#        D:\Ruhr\Xiongmao\github\DTU1.0\project\Debug\Obj\main.o
#        D:\Ruhr\Xiongmao\github\DTU1.0\project\Debug\Obj\memb.o
#        D:\Ruhr\Xiongmao\github\DTU1.0\project\Debug\Obj\misc.o
#        D:\Ruhr\Xiongmao\github\DTU1.0\project\Debug\Obj\process.o
#        D:\Ruhr\Xiongmao\github\DTU1.0\project\Debug\Obj\rtc.o
#        D:\Ruhr\Xiongmao\github\DTU1.0\project\Debug\Obj\rtimer-arch.o
#        D:\Ruhr\Xiongmao\github\DTU1.0\project\Debug\Obj\sdcdtu.o
#        D:\Ruhr\Xiongmao\github\DTU1.0\project\Debug\Obj\senif.o
#        D:\Ruhr\Xiongmao\github\DTU1.0\project\Debug\Obj\senprote-rs3010K.o
#        D:\Ruhr\Xiongmao\github\DTU1.0\project\Debug\Obj\senprote-t770.o
#        D:\Ruhr\Xiongmao\github\DTU1.0\project\Debug\Obj\senprote-t830.o
#        D:\Ruhr\Xiongmao\github\DTU1.0\project\Debug\Obj\senproto-rst460.o
#        D:\Ruhr\Xiongmao\github\DTU1.0\project\Debug\Obj\senproto-zbm001.o
#        D:\Ruhr\Xiongmao\github\DTU1.0\project\Debug\Obj\senproto.o
#        D:\Ruhr\Xiongmao\github\DTU1.0\project\Debug\Obj\sensor_data_backup.o
#        D:\Ruhr\Xiongmao\github\DTU1.0\project\Debug\Obj\sevproto.o
#        D:\Ruhr\Xiongmao\github\DTU1.0\project\Debug\Obj\sim800.o
#        D:\Ruhr\Xiongmao\github\DTU1.0\project\Debug\Obj\spiffs_cache.o
#        D:\Ruhr\Xiongmao\github\DTU1.0\project\Debug\Obj\spiffs_check.o
#        D:\Ruhr\Xiongmao\github\DTU1.0\project\Debug\Obj\spiffs_disk.o
#        D:\Ruhr\Xiongmao\github\DTU1.0\project\Debug\Obj\spiffs_gc.o
#        D:\Ruhr\Xiongmao\github\DTU1.0\project\Debug\Obj\spiffs_hydrogen.o
#        D:\Ruhr\Xiongmao\github\DTU1.0\project\Debug\Obj\spiffs_nucleus.o
#        D:\Ruhr\Xiongmao\github\DTU1.0\project\Debug\Obj\spiflash.o
#        D:\Ruhr\Xiongmao\github\DTU1.0\project\Debug\Obj\startup_stm32f10x_md.o
#        D:\Ruhr\Xiongmao\github\DTU1.0\project\Debug\Obj\stm32f10x_adc.o
#        D:\Ruhr\Xiongmao\github\DTU1.0\project\Debug\Obj\stm32f10x_bkp.o
#        D:\Ruhr\Xiongmao\github\DTU1.0\project\Debug\Obj\stm32f10x_can.o
#        D:\Ruhr\Xiongmao\github\DTU1.0\project\Debug\Obj\stm32f10x_cec.o
#        D:\Ruhr\Xiongmao\github\DTU1.0\project\Debug\Obj\stm32f10x_crc.o
#        D:\Ruhr\Xiongmao\github\DTU1.0\project\Debug\Obj\stm32f10x_dac.o
#        D:\Ruhr\Xiongmao\github\DTU1.0\project\Debug\Obj\stm32f10x_dbgmcu.o
#        D:\Ruhr\Xiongmao\github\DTU1.0\project\Debug\Obj\stm32f10x_dma.o
#        D:\Ruhr\Xiongmao\github\DTU1.0\project\Debug\Obj\stm32f10x_exti.o
#        D:\Ruhr\Xiongmao\github\DTU1.0\project\Debug\Obj\stm32f10x_flash.o
#        D:\Ruhr\Xiongmao\github\DTU1.0\project\Debug\Obj\stm32f10x_fsmc.o
#        D:\Ruhr\Xiongmao\github\DTU1.0\project\Debug\Obj\stm32f10x_gpio.o
#        D:\Ruhr\Xiongmao\github\DTU1.0\project\Debug\Obj\stm32f10x_i2c.o
#        D:\Ruhr\Xiongmao\github\DTU1.0\project\Debug\Obj\stm32f10x_iwdg.o
#        D:\Ruhr\Xiongmao\github\DTU1.0\project\Debug\Obj\stm32f10x_pwr.o
#        D:\Ruhr\Xiongmao\github\DTU1.0\project\Debug\Obj\stm32f10x_rcc.o
#        D:\Ruhr\Xiongmao\github\DTU1.0\project\Debug\Obj\stm32f10x_rtc.o
#        D:\Ruhr\Xiongmao\github\DTU1.0\project\Debug\Obj\stm32f10x_sdio.o
#        D:\Ruhr\Xiongmao\github\DTU1.0\project\Debug\Obj\stm32f10x_spi.o
#        D:\Ruhr\Xiongmao\github\DTU1.0\project\Debug\Obj\stm32f10x_tim.o
#        D:\Ruhr\Xiongmao\github\DTU1.0\project\Debug\Obj\stm32f10x_usart.o
#        D:\Ruhr\Xiongmao\github\DTU1.0\project\Debug\Obj\stm32f10x_wwdg.o
#        D:\Ruhr\Xiongmao\github\DTU1.0\project\Debug\Obj\system_status.o
#        D:\Ruhr\Xiongmao\github\DTU1.0\project\Debug\Obj\timer.o
#        D:\Ruhr\Xiongmao\github\DTU1.0\project\Debug\Obj\usart.o
#        D:\Ruhr\Xiongmao\github\DTU1.0\project\Debug\Obj\usart_stream.o -o
#        D:\Ruhr\Xiongmao\github\DTU1.0\project\Debug\Exe\c.out --map
#        D:\Ruhr\Xiongmao\github\DTU1.0\project\Debug\List\c.map --config
#        D:\Ruhr\Xiongmao\github\DTU1.0\project\gprsdtu.icf --entry
#        __iar_program_start --vfe
#
###############################################################################

*******************************************************************************
*** RUNTIME MODEL ATTRIBUTES
***

CppFlavor       = *
__Heap_Handler  = DLMalloc
__SystemLibrary = DLib


*******************************************************************************
*** PLACEMENT SUMMARY
***

"A1":  place at 0x08000000 { ro section .intvec };
"P1":  place in [from 0x08000000 to 0x0800ffff] { ro };
"P2":  place in [from 0x20000000 to 0x20004fff] { rw, block CSTACK, block HEAP };

  Section             Kind        Address    Size  Object
  -------             ----        -------    ----  ------
"A1":                                        0xec
  .intvec             ro code  0x08000000    0xec  startup_stm32f10x_md.o [1]
                             - 0x080000ec    0xec

"P1":                                      0xbd59
  .text               ro code  0x080000ec  0x1510  dlmalloc.o [3]
  .text               ro code  0x080015fc     0x6  abort.o [3]
  .text               ro code  0x08001602    0x1e  xsscin.o [3]
  .text               ro code  0x08001620    0x2c  xgetmemchunk.o [3]
  .text               ro code  0x0800164c     0xc  XXexit.o [5]
  .text               ro code  0x08001658  0x14b4  sim800.o [1]
  .text               ro code  0x08002b0c   0x320  process.o [1]
  .text               ro code  0x08002e2c   0x210  usart.o [1]
  .text               ro code  0x0800303c    0x24  sscanf.o [3]
  .text               ro code  0x08003060    0x66  ABImemset.o [5]
  .text               ro code  0x080030c6     0xa  xsprout.o [3]
  .text               ro code  0x080030d0    0xc6  gpio.o [1]
  .text               ro code  0x08003198    0xdc  usart_stream.o [1]
  .text               ro code  0x08003274    0xf4  stm32f10x_gpio.o [1]
  .text               ro code  0x08003368   0x194  etimer.o [1]
  .text               ro code  0x080034fc    0xf4  logger.o [1]
  .text               ro code  0x080035f0    0x86  memb.o [1]
  .text               ro code  0x08003678    0x34  sprintf.o [3]
  .text               ro code  0x080036ac    0x36  strlen.o [5]
  .text               ro code  0x080036e4    0xac  misc.o [1]
  .text               ro code  0x08003790   0x254  stm32f10x_rcc.o [1]
  .text               ro code  0x080039e4   0x174  stm32f10x_usart.o [1]
  .text               ro code  0x08003b58    0x24  printf.o [3]
  .text               ro code  0x08003b7c   0x508  xscanfsmall_nomb.o [3]
  .text               ro code  0x08004084    0xf4  fifo.o [1]
  .text               ro code  0x08004178   0x130  clock.o [1]
  .text               ro code  0x080042a8    0x2c  timer.o [1]
  .text               ro code  0x080042d4    0x16  vla_alloc.o [3]
  .text               ro code  0x080042ec   0xc64  spiffs_disk.o [1]
  .text               ro code  0x08004f50   0x16c  senif.o [1]
  .text               ro code  0x080050bc   0xdae  xprintffull_nomb.o [3]
  .text               ro code  0x08005e6c    0x16  strchr.o [5]
  .text               ro code  0x08005e82    0x86  xstol.o [3]
  .text               ro code  0x08005f08   0x19c  xstoul.o [3]
  .text               ro code  0x080060a4    0x76  ABImemcpy_unaligned.o [5]
  .text               ro code  0x0800611c    0x1c  stm32f10x_flash.o [1]
  .text               ro code  0x08006138   0x132  I64DivMod.o [5]
  .text               ro code  0x0800626c   0x2ac  spiflash.o [1]
  .text               ro code  0x08006518    0x42  strcmp_unaligned.o [5]
  .text               ro code  0x0800655c    0x44  strcpy_unaligned.o [5]
  .text               ro code  0x080065a0    0x62  memcmp_unaligned.o [5]
  .text               ro code  0x08006604    0x58  memchr.o [5]
  .text               ro code  0x0800665c    0x42  xdnorm.o [4]
  .text               ro code  0x080066a0    0x2e  DblCmpLe.o [4]
  .text               ro code  0x080066d0    0x2e  DblCmpGe.o [4]
  .text               ro code  0x08006700   0x110  xdscale.o [4]
  .text               ro code  0x08006810    0x58  DblToI32.o [4]
  .text               ro code  0x08006868    0x30  I32ToDbl.o [4]
  .text               ro code  0x08006898   0x180  DblSub.o [4]
  .text               ro code  0x08006a18   0x1a2  DblMul.o [4]
  .text               ro code  0x08006bbc   0x256  DblDiv.o [4]
  .text               ro code  0x08006e12     0xe  div.o [3]
  .text               ro code  0x08006e20     0xc  errno.o [3]
  .text               ro code  0x08006e2c     0x2  I64DivZer.o [5]
  .text               ro code  0x08006e30    0x9c  stm32f10x_spi.o [1]
  .text               ro code  0x08006ecc    0xd4  DblAdd.o [4]
  .text               ro code  0x08006fa0     0x2  xtls.o [3]
  .text               ro code  0x08006fa4  0x1474  sdcdtu.o [1]
  .text               ro code  0x08008418   0x6e4  gprs.o [1]
  .text               ro code  0x08008afc    0x28  deviceid.o [1]
  .text               ro code  0x08008b24   0x12a  rtc.o [1]
  .text               ro code  0x08008c50   0x104  sevproto.o [1]
  .text               ro code  0x08008d54    0x9e  list.o [1]
  .text               ro code  0x08008df4    0x14  senproto.o [1]
  .text               ro code  0x08008e08    0xee  framebuff.o [1]
  .text               ro code  0x08008ef8   0x2a8  sensor_data_backup.o [1]
  .text               ro code  0x080091a0    0xf8  configure.o [1]
  .text               ro code  0x08009298   0x260  battery.o [1]
  .text               ro code  0x080094f8    0x64  stm32f10x_pwr.o [1]
  .text               ro code  0x0800955c    0x4c  stm32f10x_bkp.o [1]
  .text               ro code  0x080095a8   0x108  stm32f10x_rtc.o [1]
  .text               ro code  0x080096b0   0x140  crc.o [1]
  .text               ro code  0x080097f0    0x78  ABImemmove_unaligned.o [5]
  .text               ro code  0x08009868     0xa  gmtime.o [3]
  .text               ro code  0x08009874   0x1be  stm32f10x_adc.o [1]
  .text               ro code  0x08009a34     0xc  stm32f10x_crc.o [1]
  .text               ro code  0x08009a40   0x188  xttotm.o [3]
  .text               ro code  0x08009bc8   0x134  xisdst.o [3]
  .text               ro code  0x08009cfc    0x29  setlocale.o [3]
  .text               ro code  0x08009d28     0xa  getzone.o [3]
  .text               ro code  0x08009d32    0x42  xgettime.o [3]
  .text               ro code  0x08009d74   0x164  xgetdst.o [3]
  .text               ro code  0x08009ed8   0x234  senproto-zbm001.o [1]
  .text               ro code  0x0800a10c    0x4e  FltToDbl.o [4]
  .text               ro code  0x0800a15c   0x1c4  senprote-rs3010K.o [1]
  .text               ro code  0x0800a320   0x1c2  lz77_init.o [5]
  .text               ro code  0x0800a4e4   0x178  senprote-t770.o [1]
  .text               ro code  0x0800a65c   0x16c  senprote-t830.o [1]
  .text               ro code  0x0800a7c8   0x150  senproto-rst460.o [1]
  .text               ro code  0x0800a918   0x12c  system_status.o [1]
  .text               ro code  0x0800aa44    0x38  stm32f10x_iwdg.o [1]
  .rodata             const    0x0800aa7c   0x118  sim800.o [1]
  .rodata             const    0x0800ab94   0x100  senprote-rs3010K.o [1]
  .rodata             const    0x0800ac94   0x100  senprote-rs3010K.o [1]
  .rodata             const    0x0800ad94   0x100  senprote-t770.o [1]
  .rodata             const    0x0800ae94   0x100  senprote-t770.o [1]
  .rodata             const    0x0800af94   0x100  senprote-t830.o [1]
  .rodata             const    0x0800b094   0x100  senprote-t830.o [1]
  .rodata             const    0x0800b194   0x100  senproto-zbm001.o [1]
  .rodata             const    0x0800b294   0x100  senproto-zbm001.o [1]
  .text               ro code  0x0800b394    0x7e  main.o [1]
  .rodata             const    0x0800b414    0x44  sim800.o [1]
  .rodata             const    0x0800b458    0x44  sim800.o [1]
  .rodata             const    0x0800b49c    0x44  sim800.o [1]
  .text               ro code  0x0800b4e0    0x40  zero_init3.o [5]
  .rodata             const    0x0800b520    0x30  sim800.o [1]
  .rodata             const    0x0800b550    0x30  sim800.o [1]
  .rodata             const    0x0800b580    0x28  sim800.o [1]
  .rodata             const    0x0800b5a8    0x28  sim800.o [1]
  .text               ro code  0x0800b5d0    0x28  putchar.o [3]
  .text               ro code  0x0800b5f8    0x28  data_init.o [5]
  .rodata             const    0x0800b620    0x24  battery.o [1]
  .iar.init_table     const    0x0800b644    0x2c  - Linker created -
  .rodata             const    0x0800b670    0x20  sim800.o [1]
  .rodata             const    0x0800b690    0x20  sim800.o [1]
  .rodata             const    0x0800b6b0    0x1c  gprs.o [1]
  .rodata             const    0x0800b6cc    0x1c  gprs.o [1]
  .rodata             const    0x0800b6e8    0x1c  gprs.o [1]
  .rodata             const    0x0800b704    0x1c  gprs.o [1]
  .rodata             const    0x0800b720    0x1c  gprs.o [1]
  .rodata             const    0x0800b73c    0x1c  sdcdtu.o [1]
  .rodata             const    0x0800b758    0x1c  sdcdtu.o [1]
  .rodata             const    0x0800b774    0x1c  sensor_data_backup.o [1]
  .rodata             const    0x0800b790    0x1c  sim800.o [1]
  .text               ro code  0x0800b7ac    0x1a  cmain.o [5]
  .text               ro code  0x0800b7c6     0x4  low_level_init.o [3]
  .text               ro code  0x0800b7ca     0x4  exit.o [3]
  .text               ro code  0x0800b7d0     0xa  cexit.o [5]
  .rodata             const    0x0800b7dc    0x18  gprs.o [1]
  .rodata             const    0x0800b7f4    0x18  gprs.o [1]
  .rodata             const    0x0800b80c    0x18  gprs.o [1]
  .rodata             const    0x0800b824    0x18  gprs.o [1]
  .rodata             const    0x0800b83c    0x18  gprs.o [1]
  .rodata             const    0x0800b854    0x18  gprs.o [1]
  .rodata             const    0x0800b86c    0x18  gprs.o [1]
  .rodata             const    0x0800b884    0x18  gprs.o [1]
  .rodata             const    0x0800b89c    0x18  gprs.o [1]
  .rodata             const    0x0800b8b4    0x18  gprs.o [1]
  .rodata             const    0x0800b8cc    0x18  gprs.o [1]
  .rodata             const    0x0800b8e4    0x18  gprs.o [1]
  .rodata             const    0x0800b8fc    0x18  sdcdtu.o [1]
  .rodata             const    0x0800b914    0x18  sdcdtu.o [1]
  .rodata             const    0x0800b92c    0x18  sdcdtu.o [1]
  .rodata             const    0x0800b944    0x18  sdcdtu.o [1]
  .rodata             const    0x0800b95c    0x18  sdcdtu.o [1]
  .rodata             const    0x0800b974    0x18  system_status.o [1]
  .rodata             const    0x0800b98c    0x18  system_status.o [1]
  .text               ro code  0x0800b9a4    0x16  xprout.o [3]
  .rodata             const    0x0800b9bc    0x14  configure.o [1]
  .rodata             const    0x0800b9d0    0x14  gprs.o [1]
  .rodata             const    0x0800b9e4    0x14  gprs.o [1]
  .rodata             const    0x0800b9f8    0x14  gprs.o [1]
  .rodata             const    0x0800ba0c    0x14  gprs.o [1]
  .rodata             const    0x0800ba20    0x14  sdcdtu.o [1]
  .rodata             const    0x0800ba34    0x14  sim800.o [1]
  .rodata             const    0x0800ba48    0x14  sim800.o [1]
  .rodata             const    0x0800ba5c    0x14  sim800.o [1]
  .rodata             const    0x0800ba70    0x14  sim800.o [1]
  .rodata             const    0x0800ba84    0x14  sim800.o [1]
  .rodata             const    0x0800ba98    0x10  configure.o [1]
  .rodata             const    0x0800baa8    0x10  sdcdtu.o [1]
  .rodata             const    0x0800bab8    0x10  senprote-rs3010K.o [1]
  .rodata             const    0x0800bac8    0x10  senproto-rst460.o [1]
  .rodata             const    0x0800bad8    0x10  senproto-zbm001.o [1]
  .rodata             const    0x0800bae8    0x10  sim800.o [1]
  .rodata             const    0x0800baf8    0x10  sim800.o [1]
  .rodata             const    0x0800bb08    0x10  sim800.o [1]
  .rodata             const    0x0800bb18    0x10  sim800.o [1]
  .rodata             const    0x0800bb28    0x10  sim800.o [1]
  .rodata             const    0x0800bb38    0x10  sim800.o [1]
  .rodata             const    0x0800bb48    0x10  sim800.o [1]
  .text               ro code  0x0800bb58    0x10  startup_stm32f10x_md.o [1]
  .rodata             const    0x0800bb68     0xc  etimer.o [1]
  .rodata             const    0x0800bb74     0xc  gprs.o [1]
  .rodata             const    0x0800bb80     0xc  logger.o [1]
  .rodata             const    0x0800bb8c     0xc  senprote-t770.o [1]
  .rodata             const    0x0800bb98     0xc  senprote-t830.o [1]
  .rodata             const    0x0800bba4     0xc  sim800.o [1]
  .rodata             const    0x0800bbb0     0xc  sim800.o [1]
  .rodata             const    0x0800bbbc     0xc  sim800.o [1]
  .rodata             const    0x0800bbc8     0xc  usart.o [1]
  .text               ro code  0x0800bbd4     0xc  cstartup_M.o [5]
  .rodata             const    0x0800bbe0     0x8  gprs.o [1]
  .rodata             const    0x0800bbe8     0x8  sim800.o [1]
  .text               ro code  0x0800bbf0     0x4  startup_stm32f10x_md.o [1]
  .text               ro code  0x0800bbf4     0x4  startup_stm32f10x_md.o [1]
  .text               ro code  0x0800bbf8     0x4  startup_stm32f10x_md.o [1]
  .text               ro code  0x0800bbfc     0x4  startup_stm32f10x_md.o [1]
  .text               ro code  0x0800bc00     0x4  startup_stm32f10x_md.o [1]
  .text               ro code  0x0800bc04     0x4  startup_stm32f10x_md.o [1]
  .text               ro code  0x0800bc08     0x4  startup_stm32f10x_md.o [1]
  .text               ro code  0x0800bc0c     0x4  startup_stm32f10x_md.o [1]
  .text               ro code  0x0800bc10     0x4  startup_stm32f10x_md.o [1]
  .text               ro code  0x0800bc14     0x4  startup_stm32f10x_md.o [1]
  .text               ro code  0x0800bc18     0x4  startup_stm32f10x_md.o [1]
  .text               ro code  0x0800bc1c     0x4  startup_stm32f10x_md.o [1]
  .text               ro code  0x0800bc20     0x4  startup_stm32f10x_md.o [1]
  .text               ro code  0x0800bc24     0x4  startup_stm32f10x_md.o [1]
  .text               ro code  0x0800bc28     0x4  startup_stm32f10x_md.o [1]
  .text               ro code  0x0800bc2c     0x4  startup_stm32f10x_md.o [1]
  .text               ro code  0x0800bc30     0x4  startup_stm32f10x_md.o [1]
  .text               ro code  0x0800bc34     0x4  startup_stm32f10x_md.o [1]
  .text               ro code  0x0800bc38     0x4  startup_stm32f10x_md.o [1]
  .text               ro code  0x0800bc3c     0x4  startup_stm32f10x_md.o [1]
  .text               ro code  0x0800bc40     0x4  startup_stm32f10x_md.o [1]
  .text               ro code  0x0800bc44     0x4  startup_stm32f10x_md.o [1]
  .text               ro code  0x0800bc48     0x4  startup_stm32f10x_md.o [1]
  .text               ro code  0x0800bc4c     0x4  startup_stm32f10x_md.o [1]
  .text               ro code  0x0800bc50     0x4  startup_stm32f10x_md.o [1]
  .text               ro code  0x0800bc54     0x4  startup_stm32f10x_md.o [1]
  .text               ro code  0x0800bc58     0x4  startup_stm32f10x_md.o [1]
  .text               ro code  0x0800bc5c     0x4  startup_stm32f10x_md.o [1]
  .text               ro code  0x0800bc60     0x4  startup_stm32f10x_md.o [1]
  .text               ro code  0x0800bc64     0x4  startup_stm32f10x_md.o [1]
  .text               ro code  0x0800bc68     0x4  startup_stm32f10x_md.o [1]
  .text               ro code  0x0800bc6c     0x4  startup_stm32f10x_md.o [1]
  .text               ro code  0x0800bc70     0x4  startup_stm32f10x_md.o [1]
  .text               ro code  0x0800bc74     0x4  startup_stm32f10x_md.o [1]
  .text               ro code  0x0800bc78     0x4  startup_stm32f10x_md.o [1]
  .text               ro code  0x0800bc7c     0x4  startup_stm32f10x_md.o [1]
  .text               ro code  0x0800bc80     0x4  startup_stm32f10x_md.o [1]
  .text               ro code  0x0800bc84     0x4  startup_stm32f10x_md.o [1]
  .text               ro code  0x0800bc88     0x4  startup_stm32f10x_md.o [1]
  .text               ro code  0x0800bc8c     0x4  startup_stm32f10x_md.o [1]
  .text               ro code  0x0800bc90     0x4  startup_stm32f10x_md.o [1]
  .text               ro code  0x0800bc94     0x4  startup_stm32f10x_md.o [1]
  .text               ro code  0x0800bc98     0x4  startup_stm32f10x_md.o [1]
  .text               ro code  0x0800bc9c     0x4  startup_stm32f10x_md.o [1]
  .text               ro code  0x0800bca0     0x4  startup_stm32f10x_md.o [1]
  .text               ro code  0x0800bca4     0x4  startup_stm32f10x_md.o [1]
  .text               ro code  0x0800bca8     0x4  startup_stm32f10x_md.o [1]
  .text               ro code  0x0800bcac     0x4  startup_stm32f10x_md.o [1]
  .rodata             const    0x0800bcb0     0x0  zero_init3.o [5]
  .rodata             const    0x0800bcb0     0x0  lz77_init.o [5]
  Initializer bytes   const    0x0800bcb0   0x195  <for P2 s0>
                             - 0x0800be45  0xbd59

"P2":                                      0x2be0
  P2 s0                        0x20000000   0x33c  <Init block>
    .data             inited   0x20000000    0xb0  gpio.o [1]
    .data             inited   0x200000b0    0x60  senif.o [1]
    __DLIB_PERTHREAD  inited   0x20000110    0x2c  xttotm.o [3]
    .data             inited   0x2000013c    0x18  senproto.o [1]
    .data             inited   0x20000154    0x10  etimer.o [1]
    .data             inited   0x20000164    0x10  gprs.o [1]
    .data             inited   0x20000174    0x10  gprs.o [1]
    .data             inited   0x20000184    0x10  sdcdtu.o [1]
    .data             inited   0x20000194    0x10  sdcdtu.o [1]
    .data             inited   0x200001a4    0x10  sdcdtu.o [1]
    .data             inited   0x200001b4    0x10  sdcdtu.o [1]
    .data             inited   0x200001c4    0x10  sdcdtu.o [1]
    .data             inited   0x200001d4    0x10  sdcdtu.o [1]
    .data             inited   0x200001e4    0x10  sdcdtu.o [1]
    .data             inited   0x200001f4    0x10  sdcdtu.o [1]
    .data             inited   0x20000204    0x10  sdcdtu.o [1]
    .data             inited   0x20000214    0x10  sim800.o [1]
    .data             inited   0x20000224    0x10  sim800.o [1]
    .data             inited   0x20000234    0x10  sim800.o [1]
    .data             inited   0x20000244    0x10  stm32f10x_rcc.o [1]
    .data             inited   0x20000254    0x10  system_status.o [1]
    .data             inited   0x20000264    0x10  system_status.o [1]
    .data             inited   0x20000274     0xc  sdcdtu.o [1]
    .data             inited   0x20000280     0xc  sdcdtu.o [1]
    .data             inited   0x2000028c     0xc  sdcdtu.o [1]
    .data             inited   0x20000298     0xc  sdcdtu.o [1]
    .data             inited   0x200002a4     0xc  sdcdtu.o [1]
    .data             inited   0x200002b0     0xc  senif.o [1]
    .data             inited   0x200002bc     0xc  senif.o [1]
    .data             inited   0x200002c8     0xc  senif.o [1]
    .data             inited   0x200002d4     0xc  sevproto.o [1]
    .data             inited   0x200002e0     0xc  sim800.o [1]
    .data             inited   0x200002ec     0x8  senprote-rs3010K.o [1]
    .data             inited   0x200002f4     0x8  senprote-t770.o [1]
    .data             inited   0x200002fc     0x8  senprote-t830.o [1]
    .data             inited   0x20000304     0x8  senproto-rst460.o [1]
    .data             inited   0x2000030c     0x8  senproto-zbm001.o [1]
    __DLIB_PERTHREAD  inited   0x20000314     0x8  setlocale.o [3]
    .data             inited   0x2000031c     0x4  sdcdtu.o [1]
    .data             inited   0x20000320     0x4  sdcdtu.o [1]
    .data             inited   0x20000324     0x4  sdcdtu.o [1]
    .data             inited   0x20000328     0x4  sdcdtu.o [1]
    .data             inited   0x2000032c     0x4  stm32f10x_rcc.o [1]
    __DLIB_PERTHREAD  inited   0x20000330     0x4  xisdst.o [3]
    __DLIB_PERTHREAD  inited   0x20000334     0x4  xisdstData.o [3]
    __DLIB_PERTHREAD  inited   0x20000338     0x4  errno.o [3]
  .bss                zero     0x2000033c   0x400  sim800.o [1]
  .bss                zero     0x2000073c   0x200  sdcdtu.o [1]
  .bss                zero     0x2000093c   0x200  sdcdtu.o [1]
  .bss                zero     0x20000b3c   0x200  sdcdtu.o [1]
  .bss                zero     0x20000d3c   0x200  sevproto.o [1]
  .bss                zero     0x20000f3c   0x1d8  dlmalloc.o [3]
  .bss                zero     0x20001114   0x180  process.o [1]
  .bss                zero     0x20001294   0x158  spiffs_disk.o [1]
  .bss                zero     0x200013ec   0x110  sdcdtu.o [1]
  .bss                zero     0x200014fc   0x110  sim800.o [1]
  .bss                zero     0x2000160c   0x100  sdcdtu.o [1]
  .bss                zero     0x2000170c   0x100  sdcdtu.o [1]
  .bss                zero     0x2000180c    0x80  sdcdtu.o [1]
  .bss                zero     0x2000188c    0x70  spiffs_disk.o [1]
  .bss                zero     0x200018fc    0x40  usart_stream.o [1]
  .bss                zero     0x2000193c    0x40  usart_stream.o [1]
  .bss                zero     0x2000197c    0x18  dlmalloc.o [3]
  .bss                zero     0x20001994    0x10  gprs.o [1]
  .bss                zero     0x200019a4    0x10  gprs.o [1]
  .bss                zero     0x200019b4    0x10  sdcdtu.o [1]
  .bss                zero     0x200019c4    0x10  sdcdtu.o [1]
  .bss                zero     0x200019d4    0x10  sdcdtu.o [1]
  .bss                zero     0x200019e4    0x10  sdcdtu.o [1]
  .bss                zero     0x200019f4    0x10  sdcdtu.o [1]
  .bss                zero     0x20001a04    0x10  sdcdtu.o [1]
  .bss                zero     0x20001a14    0x10  sdcdtu.o [1]
  .bss                zero     0x20001a24    0x10  sdcdtu.o [1]
  .bss                zero     0x20001a34    0x10  sdcdtu.o [1]
  .bss                zero     0x20001a44    0x10  sim800.o [1]
  .bss                zero     0x20001a54    0x10  sim800.o [1]
  .bss                zero     0x20001a64    0x10  system_status.o [1]
  .bss                zero     0x20001a74    0x10  usart_stream.o [1]
  .bss                zero     0x20001a84    0x10  usart_stream.o [1]
  .bss                zero     0x20001a94     0xc  sdcdtu.o [1]
  .bss                zero     0x20001aa0     0x4  etimer.o [1]
  .bss                zero     0x20001aa8     0x8  clock.o [1]
  .bss                zero     0x20001ab0     0x8  clock.o [1]
  .bss                zero     0x20001ab8     0x8  sdcdtu.o [1]
  .bss                zero     0x20001ac0     0x8  sdcdtu.o [1]
  .bss                zero     0x20001ac8     0x8  sdcdtu.o [1]
  .bss                zero     0x20001ad0     0x8  sim800.o [1]
  .bss                zero     0x20001ad8     0x8  sim800.o [1]
  .bss                zero     0x20001ae0     0x8  sim800.o [1]
  .bss                zero     0x20001ae8     0x8  spiffs_disk.o [1]
  .bss                zero     0x20001af0     0x8  system_status.o [1]
  .bss                zero     0x20001af8     0x4  etimer.o [1]
  .bss                zero     0x20001afc     0x4  gprs.o [1]
  .bss                zero     0x20001b00     0x4  gprs.o [1]
  .bss                zero     0x20001b04     0x4  gprs.o [1]
  .bss                zero     0x20001b08     0x4  gprs.o [1]
  .bss                zero     0x20001b0c     0x4  gprs.o [1]
  .bss                zero     0x20001b10     0x4  process.o [1]
  .bss                zero     0x20001b14     0x4  process.o [1]
  .bss                zero     0x20001b18     0x4  process.o [1]
  .bss                zero     0x20001b1c     0x4  process.o [1]
  .bss                zero     0x20001b20     0x4  process.o [1]
  .bss                zero     0x20001b24     0x4  sdcdtu.o [1]
  .bss                zero     0x20001b28     0x4  sdcdtu.o [1]
  .bss                zero     0x20001b2c     0x4  sdcdtu.o [1]
  .bss                zero     0x20001b30     0x4  sdcdtu.o [1]
  .bss                zero     0x20001b34     0x4  sdcdtu.o [1]
  .bss                zero     0x20001b38     0x4  sdcdtu.o [1]
  .bss                zero     0x20001b3c     0x4  sdcdtu.o [1]
  .bss                zero     0x20001b40     0x4  sdcdtu.o [1]
  .bss                zero     0x20001b44     0x4  sdcdtu.o [1]
  .bss                zero     0x20001b48     0x4  sdcdtu.o [1]
  .bss                zero     0x20001b4c     0x4  sdcdtu.o [1]
  .bss                zero     0x20001b50     0x4  sdcdtu.o [1]
  .bss                zero     0x20001b54     0x4  sdcdtu.o [1]
  .bss                zero     0x20001b58     0x4  sdcdtu.o [1]
  .bss                zero     0x20001b5c     0x4  sdcdtu.o [1]
  .bss                zero     0x20001b60     0x4  sdcdtu.o [1]
  .bss                zero     0x20001b64     0x4  sdcdtu.o [1]
  .bss                zero     0x20001b68     0x4  sdcdtu.o [1]
  .bss                zero     0x20001b6c     0x4  sdcdtu.o [1]
  .bss                zero     0x20001b70     0x4  sdcdtu.o [1]
  .bss                zero     0x20001b74     0x4  sdcdtu.o [1]
  .bss                zero     0x20001b78     0x4  sdcdtu.o [1]
  .bss                zero     0x20001b7c     0x4  sevproto.o [1]
  .bss                zero     0x20001b80     0x4  sevproto.o [1]
  .bss                zero     0x20001b84     0x4  sim800.o [1]
  .bss                zero     0x20001b88     0x4  sim800.o [1]
  .bss                zero     0x20001b8c     0x4  sim800.o [1]
  .bss                zero     0x20001b90     0x4  sim800.o [1]
  .bss                zero     0x20001b94     0x4  sim800.o [1]
  .bss                zero     0x20001b98     0x4  sim800.o [1]
  .bss                zero     0x20001b9c     0x4  sim800.o [1]
  .bss                zero     0x20001ba0     0x4  sim800.o [1]
  .bss                zero     0x20001ba4     0x4  sim800.o [1]
  .bss                zero     0x20001ba8     0x4  sim800.o [1]
  .bss                zero     0x20001bac     0x4  sim800.o [1]
  .bss                zero     0x20001bb0     0x4  sim800.o [1]
  .bss                zero     0x20001bb4     0x4  sim800.o [1]
  .bss                zero     0x20001bb8     0x4  sim800.o [1]
  .bss                zero     0x20001bbc     0x4  sim800.o [1]
  .bss                zero     0x20001bc0     0x4  usart.o [1]
  .bss                zero     0x20001bc4     0x4  usart.o [1]
  .bss                zero     0x20001bc8     0x4  xgetmemchunk.o [3]
  .bss                zero     0x20001bcc     0x1  gprs.o [1]
  .bss                zero     0x20001bcd     0x1  gprs.o [1]
  .bss                zero     0x20001bce     0x1  gprs.o [1]
  .bss                zero     0x20001bcf     0x1  gprs.o [1]
  .bss                zero     0x20001bd0     0x1  gprs.o [1]
  .bss                zero     0x20001bd1     0x1  process.o [1]
  .bss                zero     0x20001bd2     0x1  process.o [1]
  .bss                zero     0x20001bd3     0x1  process.o [1]
  .bss                zero     0x20001bd4     0x1  process.o [1]
  .bss                zero     0x20001bd5     0x1  process.o [1]
  .bss                zero     0x20001bd6     0x1  process.o [1]
  .bss                zero     0x20001bd7     0x1  senprote-rs3010K.o [1]
  .bss                zero     0x20001bd8     0x1  senprote-t770.o [1]
  .bss                zero     0x20001bd9     0x1  senprote-t830.o [1]
  .bss                zero     0x20001bda     0x1  senproto-rst460.o [1]
  .bss                zero     0x20001bdb     0x1  senproto-zbm001.o [1]
  CSTACK                       0x20001be0   0x800  <Block>
    CSTACK            uninit   0x20001be0   0x800  <Block tail>
  HEAP                         0x200023e0   0x800  <Block>
    HEAP              uninit   0x200023e0   0x800  <Block tail>
                             - 0x20002be0  0x2be0


*******************************************************************************
*** INIT TABLE
***

          Address     Size
          -------     ----
Zero (__iar_zero_init3)
    1 destination range, total size 0x18a0:
          0x2000033c  0x18a0

Copy/lz77 (__iar_lz77_init3)
    1 source range, total size 0x195 (48% of destination):
          0x0800bcb0   0x195
    1 destination range, total size 0x33c:
          0x20000000   0x33c



*******************************************************************************
*** MODULE SUMMARY
***

    Module                  ro code  ro data  rw data
    ------                  -------  -------  -------
D:\Ruhr\Xiongmao\github\DTU1.0\project\Debug\Obj: [1]
    battery.o                   608       36
    clock.o                     304                16
    configure.o                 248       36
    crc.o                       320
    deviceid.o                   40
    etimer.o                    404       20       24
    fifo.o                      244
    framebuff.o                 238
    gpio.o                      198       86      176
    gprs.o                    1 764      543       89
    list.o                      158
    logger.o                    244       12
    main.o                      126
    memb.o                      134
    misc.o                      172
    process.o                   800               410
    rtc.o                       298
    sdcdtu.o                  5 236      320    2 936
    senif.o                     364       65      132
    senprote-rs3010K.o          452      532        9
    senprote-t770.o             376      528        9
    senprote-t830.o             364      528        9
    senproto-rst460.o           336       20        9
    senproto-zbm001.o           564      532        9
    senproto.o                   20       12       24
    sensor_data_backup.o        680       28
    sevproto.o                  260        6      532
    sim800.o                  5 300    1 036    1 472
    spiffs_disk.o             3 172               464
    spiflash.o                  684
    startup_stm32f10x_md.o      444
    stm32f10x_adc.o             446
    stm32f10x_bkp.o              76
    stm32f10x_crc.o              12
    stm32f10x_flash.o            28
    stm32f10x_gpio.o            244
    stm32f10x_iwdg.o             56
    stm32f10x_pwr.o             100
    stm32f10x_rcc.o             596       10       20
    stm32f10x_rtc.o             264
    stm32f10x_spi.o             156
    stm32f10x_usart.o           372
    system_status.o             300       64       56
    timer.o                      44
    usart.o                     528       12        8
    usart_stream.o              220               160
    -------------------------------------------------
    Total:                   27 994    4 426    6 564

command line: [2]
    -------------------------------------------------
    Total:

dl7M_tln.a: [3]
    abort.o                       6
    div.o                        14
    dlmalloc.o                5 392               496
    errno.o                      12        2        4
    exit.o                        4
    getzone.o                    10
    gmtime.o                     10
    low_level_init.o              4
    printf.o                     36
    putchar.o                    40
    setlocale.o                  41        4        8
    sprintf.o                    52
    sscanf.o                     36
    vla_alloc.o                  22
    xgetdst.o                   356
    xgetmemchunk.o               44                 4
    xgettime.o                   66
    xisdst.o                    308        2        4
    xisdstData.o                           2        4
    xprintffull_nomb.o        3 502
    xprout.o                     22
    xscanfsmall_nomb.o        1 288
    xsprout.o                    10
    xsscin.o                     30
    xstol.o                     134
    xstoul.o                    412
    xtls.o                        2
    xttotm.o                    392       21       44
    -------------------------------------------------
    Total:                   12 245       31      564

m7M_tl.a: [4]
    DblAdd.o                    212
    DblCmpGe.o                   46
    DblCmpLe.o                   46
    DblDiv.o                    598
    DblMul.o                    418
    DblSub.o                    384
    DblToI32.o                   88
    FltToDbl.o                   78
    I32ToDbl.o                   48
    xdnorm.o                     66
    xdscale.o                   272
    -------------------------------------------------
    Total:                    2 256

rt7M_tl.a: [5]
    ABImemcpy_unaligned.o       118
    ABImemmove_unaligned.o      120
    ABImemset.o                 102
    I64DivMod.o                 306
    I64DivZer.o                   2
    XXexit.o                     12
    cexit.o                      10
    cmain.o                      26
    cstartup_M.o                 12
    data_init.o                  40
    lz77_init.o                 450
    memchr.o                     88
    memcmp_unaligned.o           98
    strchr.o                     22
    strcmp_unaligned.o           66
    strcpy_unaligned.o           68
    strlen.o                     54
    zero_init3.o                 64
    -------------------------------------------------
    Total:                    1 658

    Gaps                         49        6        4
    Linker created                        44    4 096
-----------------------------------------------------
    Grand Total:             44 202    4 507   11 228


*******************************************************************************
*** ENTRY LIST
***

Entry                      Address   Size  Type      Object
-----                      -------   ----  ----      ------
.iar.init_table$$Base   0x0800b644          --   Gb  - Linker created -
.iar.init_table$$Limit  0x0800b670          --   Gb  - Linker created -
?main                   0x0800b7ad         Code  Gb  cmain.o [5]
ADCPrescTable           0x2000032c    0x4  Data  Lc  stm32f10x_rcc.o [1]
ADC_Cmd                 0x080098d9   0x1a  Code  Gb  stm32f10x_adc.o [1]
ADC_GetCalibrationStatus
                        0x0800991b   0x14  Code  Gb  stm32f10x_adc.o [1]
ADC_GetConversionValue  0x08009a0d    0x6  Code  Gb  stm32f10x_adc.o [1]
ADC_GetFlagStatus       0x08009a1d   0x16  Code  Gb  stm32f10x_adc.o [1]
ADC_GetResetCalibrationStatus
                        0x080098fd   0x14  Code  Gb  stm32f10x_adc.o [1]
ADC_Init                0x08009875   0x4a  Code  Gb  stm32f10x_adc.o [1]
ADC_RegularChannelConfig
                        0x08009949   0xc4  Code  Gb  stm32f10x_adc.o [1]
ADC_ResetCalibration    0x080098f3    0xa  Code  Gb  stm32f10x_adc.o [1]
ADC_SoftwareStartConvCmd
                        0x0800992f   0x1a  Code  Gb  stm32f10x_adc.o [1]
ADC_StartCalibration    0x08009911    0xa  Code  Gb  stm32f10x_adc.o [1]
ADC_StructInit          0x080098bf   0x1a  Code  Gb  stm32f10x_adc.o [1]
APBAHBPrescTable        0x20000244   0x10  Data  Lc  stm32f10x_rcc.o [1]
BKP_ClearFlag           0x08009593    0xe  Code  Gb  stm32f10x_bkp.o [1]
BKP_ReadBackupRegister  0x08009579   0x1a  Code  Gb  stm32f10x_bkp.o [1]
BKP_WriteBackupRegister
                        0x0800955d   0x1c  Code  Gb  stm32f10x_bkp.o [1]
CRC_ResetDR             0x08009a35    0x8  Code  Gb  stm32f10x_crc.o [1]
CSTACK$$Base            0x20001be0          --   Gb  - Linker created -
CSTACK$$Limit           0x200023e0          --   Gb  - Linker created -
FLASH_SetLatency        0x0800611d   0x16  Code  Gb  stm32f10x_flash.o [1]
GPIO_Init               0x08003275   0xc0  Code  Gb  stm32f10x_gpio.o [1]
GPIO_ReadInputDataBit   0x08003335   0x16  Code  Gb  stm32f10x_gpio.o [1]
GPIO_ResetBits          0x08003351    0x6  Code  Gb  stm32f10x_gpio.o [1]
GPIO_SetBits            0x0800334b    0x6  Code  Gb  stm32f10x_gpio.o [1]
GPIO_WriteBit           0x08003357   0x12  Code  Gb  stm32f10x_gpio.o [1]
HEAP$$Base              0x200023e0          --   Gb  - Linker created -
HEAP$$Limit             0x20002be0          --   Gb  - Linker created -
IWDG_Enable             0x0800aa67    0xa  Code  Gb  stm32f10x_iwdg.o [1]
IWDG_ReloadCounter      0x0800aa5d    0xa  Code  Gb  stm32f10x_iwdg.o [1]
IWDG_SetPrescaler       0x0800aa4d    0x8  Code  Gb  stm32f10x_iwdg.o [1]
IWDG_SetReload          0x0800aa55    0x8  Code  Gb  stm32f10x_iwdg.o [1]
IWDG_WriteAccessCmd     0x0800aa45    0x8  Code  Gb  stm32f10x_iwdg.o [1]
InStream_Read           0x0800a321   0x22  Code  Lc  lz77_init.o [5]
LoadInt                 0x08005649   0x6e  Code  Lc  xprintffull_nomb.o [3]
NVIC_Init               0x080036ef   0x68  Code  Gb  misc.o [1]
NVIC_PriorityGroupConfig
                        0x080036e5    0xa  Code  Gb  misc.o [1]
NVIC_SetPriority        0x08004179   0x22  Code  Lc  clock.o [1]
OutStream_Write         0x0800a343   0x40  Code  Lc  lz77_init.o [5]
PWR_BackupAccessCmd     0x080094f9    0x8  Code  Gb  stm32f10x_pwr.o [1]
PWR_ClearFlag           0x0800953f    0xe  Code  Gb  stm32f10x_pwr.o [1]
PWR_EnterSTANDBYMode    0x08009501   0x28  Code  Gb  stm32f10x_pwr.o [1]
PWR_GetFlagStatus       0x08009529   0x16  Code  Gb  stm32f10x_pwr.o [1]
RCC_ADCCLKConfig        0x08003801   0x12  Code  Gb  stm32f10x_rcc.o [1]
RCC_AHBPeriphClockCmd   0x08003911   0x20  Code  Gb  stm32f10x_rcc.o [1]
RCC_APB1PeriphClockCmd  0x08003951   0x20  Code  Gb  stm32f10x_rcc.o [1]
RCC_APB2PeriphClockCmd  0x08003931   0x20  Code  Gb  stm32f10x_rcc.o [1]
RCC_GetClocksFreq       0x08003851   0xc0  Code  Gb  stm32f10x_rcc.o [1]
RCC_GetFlagStatus       0x08003971   0x3e  Code  Gb  stm32f10x_rcc.o [1]
RCC_GetSYSCLKSource     0x080037bf    0xa  Code  Gb  stm32f10x_rcc.o [1]
RCC_HCLKConfig          0x080037c9   0x12  Code  Gb  stm32f10x_rcc.o [1]
RCC_LSEConfig           0x08003813   0x2a  Code  Gb  stm32f10x_rcc.o [1]
RCC_PCLK1Config         0x080037db   0x12  Code  Gb  stm32f10x_rcc.o [1]
RCC_PCLK2Config         0x080037ed   0x14  Code  Gb  stm32f10x_rcc.o [1]
RCC_PLLCmd              0x080037a5    0x8  Code  Gb  stm32f10x_rcc.o [1]
RCC_PLLConfig           0x08003791   0x14  Code  Gb  stm32f10x_rcc.o [1]
RCC_RTCCLKCmd           0x08003849    0x8  Code  Gb  stm32f10x_rcc.o [1]
RCC_RTCCLKConfig        0x0800383d    0xc  Code  Gb  stm32f10x_rcc.o [1]
RCC_SYSCLKConfig        0x080037ad   0x12  Code  Gb  stm32f10x_rcc.o [1]
RTCAlarm_IRQHandler     0x08008c45    0xa  Code  Gb  rtc.o [1]
RTC_ClearFlag           0x08009681    0xe  Code  Gb  stm32f10x_rtc.o [1]
RTC_EnterConfigMode     0x080095c9    0xe  Code  Gb  stm32f10x_rtc.o [1]
RTC_ExitConfigMode      0x080095d7   0x10  Code  Gb  stm32f10x_rtc.o [1]
RTC_GetCounter          0x080095e7   0x14  Code  Gb  stm32f10x_rtc.o [1]
RTC_GetFlagStatus       0x08009669   0x18  Code  Gb  stm32f10x_rtc.o [1]
RTC_ITConfig            0x080095a9   0x20  Code  Gb  stm32f10x_rtc.o [1]
RTC_SetAlarm            0x0800962f   0x18  Code  Gb  stm32f10x_rtc.o [1]
RTC_SetCounter          0x080095fb   0x18  Code  Gb  stm32f10x_rtc.o [1]
RTC_SetPrescaler        0x08009613   0x1c  Code  Gb  stm32f10x_rtc.o [1]
RTC_WaitForLastTask     0x08009647    0xa  Code  Gb  stm32f10x_rtc.o [1]
RTC_WaitForSynchro      0x08009651   0x18  Code  Gb  stm32f10x_rtc.o [1]
Region$$Table$$Base     0x0800b644          --   Gb  - Linker created -
Region$$Table$$Limit    0x0800b670          --   Gb  - Linker created -
SPI_Cmd                 0x08006e95   0x1c  Code  Gb  stm32f10x_spi.o [1]
SPI_FLASH_ChipSelect    0x0800626d   0x20  Code  Lc  spiflash.o [1]
SPI_FLASH_Init          0x0800645d   0xae  Code  Gb  spiflash.o [1]
SPI_FLASH_Read          0x0800642b   0x32  Code  Gb  spiflash.o [1]
SPI_FLASH_SectorErase   0x0800639f   0x26  Code  Gb  spiflash.o [1]
SPI_FLASH_SelectProtect
                        0x080062bf   0x5a  Code  Lc  spiflash.o [1]
SPI_FLASH_SendCommandAndAddress
                        0x08006345   0x26  Code  Lc  spiflash.o [1]
SPI_FLASH_SwapByte      0x0800628d   0x32  Code  Lc  spiflash.o [1]
SPI_FLASH_WaitForBusy   0x0800636b   0x34  Code  Lc  spiflash.o [1]
SPI_FLASH_Write         0x080063c5   0x66  Code  Gb  spiflash.o [1]
SPI_FLASH_WriteDisable  0x0800632f   0x16  Code  Lc  spiflash.o [1]
SPI_FLASH_WriteEnable   0x08006319   0x16  Code  Lc  spiflash.o [1]
SPI_I2S_GetFlagStatus   0x08006eb9   0x14  Code  Gb  stm32f10x_spi.o [1]
SPI_I2S_ReceiveData     0x08006eb5    0x4  Code  Gb  stm32f10x_spi.o [1]
SPI_I2S_SendData        0x08006eb1    0x4  Code  Gb  stm32f10x_spi.o [1]
SPI_Init                0x08006e31   0x3e  Code  Gb  stm32f10x_spi.o [1]
SPI_StructInit          0x08006e6f   0x26  Code  Gb  stm32f10x_spi.o [1]
SysTick_CLKSourceConfig
                        0x08003757   0x20  Code  Gb  misc.o [1]
SysTick_Config          0x0800419b   0x2e  Code  Lc  clock.o [1]
SysTick_Handler         0x0800425f   0x2c  Code  Gb  clock.o [1]
SystemInit              0x0800b40d    0x2  Code  Gb  main.o [1]
USART1_IRQHandler       0x08002fc5   0x38  Code  Gb  usart.o [1]
USART2_IRQHandler       0x08002ffd   0x22  Code  Gb  usart.o [1]
USART_Cmd               0x08003ac1   0x1c  Code  Gb  stm32f10x_usart.o [1]
USART_GetFlagStatus     0x08003b3f   0x1a  Code  Gb  stm32f10x_usart.o [1]
USART_ITConfig          0x08003add   0x52  Code  Gb  stm32f10x_usart.o [1]
USART_Init              0x080039e5   0xba  Code  Gb  stm32f10x_usart.o [1]
USART_ReceiveData       0x08003b37    0x8  Code  Gb  stm32f10x_usart.o [1]
USART_STREAM1_data_buffer
                        0x200018fc   0x40  Data  Lc  usart_stream.o [1]
USART_STREAM1_fifo      0x20001a74   0x10  Data  Lc  usart_stream.o [1]
USART_STREAM1_input_handler
                        0x08003199    0xe  Code  Gb  usart_stream.o [1]
USART_STREAM2_data_buffer
                        0x2000193c   0x40  Data  Lc  usart_stream.o [1]
USART_STREAM2_fifo      0x20001a84   0x10  Data  Lc  usart_stream.o [1]
USART_STREAM2_input_handler
                        0x080031a7    0xe  Code  Gb  usart_stream.o [1]
USART_SendData          0x08003b2f    0x8  Code  Gb  stm32f10x_usart.o [1]
USART_StructInit        0x08003aa5   0x1c  Code  Gb  stm32f10x_usart.o [1]
YYCURSOR                0x20001bac    0x4  Data  Gb  sim800.o [1]
YYMARKER                0x20001bb4    0x4  Data  Gb  sim800.o [1]
YYSTART                 0x20001bb0    0x4  Data  Gb  sim800.o [1]
_GenldFullNoMb          0x08005bbf  0x264  Code  Lc  xprintffull_nomb.o [3]
_GetN                   0x08003b7d   0x22  Code  Lc  xscanfsmall_nomb.o [3]
_Getdst                 0x08009d9d  0x13c  Code  Gb  xgetdst.o [3]
_GetintSmallNoMb        0x08003e5b  0x214  Code  Lc  xscanfsmall_nomb.o [3]
_GetstrSmallNoMb        0x08003da7   0xb4  Code  Lc  xscanfsmall_nomb.o [3]
_Gettime                0x08009d33   0x42  Code  Gb  xgettime.o [3]
_IsdstStr               0x20000318    0x4  Data  Gb  setlocale.o [3]
_Isdst_olddst           0x20000330    0x4  Data  Lc  xisdst.o [3]
_Isdst_rules            0x20000334    0x4  Data  Gb  xisdstData.o [3]
_LdtobFullNoMb          0x080057bd  0x3fc  Code  Lc  xprintffull_nomb.o [3]
_LitobFullNoMb          0x080056b7  0x106  Code  Lc  xprintffull_nomb.o [3]
_PrintfFullNoMb         0x080050bd  0x586  Code  Gb  xprintffull_nomb.o [3]
_Prout                  0x0800b9a5   0x16  Code  Gb  xprout.o [3]
_PutcharsFullNoMb       0x08005e23   0x2e  Code  Lc  xprintffull_nomb.o [3]
_SProut                 0x080030c7    0xa  Code  Gb  xsprout.o [3]
_SScin                  0x08001603   0x1e  Code  Gb  xsscin.o [3]
_ScanfSmallNoMb         0x08003bb9  0x1e8  Code  Gb  xscanfsmall_nomb.o [3]
_Ttotm_ts               0x20000110   0x2c  Data  Lc  xttotm.o [3]
_TzoneStr               0x20000314    0x4  Data  Gb  setlocale.o [3]
_UngetN                 0x08003b9f   0x1a  Code  Lc  xscanfsmall_nomb.o [3]
__aeabi_cdcmple         0x080066a1         Code  Gb  DblCmpLe.o [4]
__aeabi_cdrcmple        0x080066d1         Code  Gb  DblCmpGe.o [4]
__aeabi_d2iz            0x08006811         Code  Gb  DblToI32.o [4]
__aeabi_d2uiz           0x0800683d         Code  Gb  DblToI32.o [4]
__aeabi_ddiv            0x08006bbd         Code  Gb  DblDiv.o [4]
__aeabi_dmul            0x08006a19         Code  Gb  DblMul.o [4]
__aeabi_dsub            0x08006899         Code  Gb  DblSub.o [4]
__aeabi_errno_addr      0x08006e21    0x6  Code  Gb  errno.o [3]
__aeabi_f2d             0x0800a10d         Code  Gb  FltToDbl.o [4]
__aeabi_i2d             0x08006869         Code  Gb  I32ToDbl.o [4]
__aeabi_ldiv0           0x08006e2d         Code  Gb  I64DivZer.o [5]
__aeabi_ldivmod         0x08006139         Code  Gb  I64DivMod.o [5]
__aeabi_memset          0x08003061         Code  Gb  ABImemset.o [5]
__aeabi_ui2d            0x0800687d         Code  Gb  I32ToDbl.o [4]
__aeabi_uldivmod        0x0800617d         Code  Gb  I64DivMod.o [5]
__cmain                 0x0800b7ad         Code  Gb  cmain.o [5]
__data_GetMemChunk      0x08001621   0x2c  Code  Gb  xgetmemchunk.o [3]
__error                 0x20001b80    0x4  Data  Lc  sevproto.o [1]
__exit                  0x0800164d         Code  Gb  XXexit.o [5]
__getzone               0x08009d29    0x6  Code  Gb  getzone.o [3]
__gmtime32              0x08009869    0xa  Code  Gb  gmtime.o [3]
__iar_Daysto32          0x08009a41   0x3a  Code  Gb  xttotm.o [3]
__iar_Dnorm             0x0800665d   0x42  Code  Gb  xdnorm.o [4]
__iar_Dscale            0x08006701  0x110  Code  Gb  xdscale.o [4]
__iar_Errno             0x20000338    0x4  Data  Gb  errno.o [3]
__iar_Isdst32           0x08009bc9  0x134  Code  Gb  xisdst.o [3]
__iar_Memchr            0x08006605         Code  Gb  memchr.o [5]
__iar_Memset            0x08003061         Code  Gb  ABImemset.o [5]
__iar_Memset_word       0x08003069         Code  Gb  ABImemset.o [5]
__iar_Stolx             0x08005e83   0x86  Code  Gb  xstol.o [3]
__iar_Stoul             0x08006051    0x4  Code  Gb  xstoul.o [3]
__iar_Stoulx            0x08005f09  0x142  Code  Gb  xstoul.o [3]
__iar_Strchr            0x08005e6d         Code  Gb  strchr.o [5]
__iar_Ttotm32           0x08009a7b  0x112  Code  Gb  xttotm.o [3]
__iar_TzoneStr_init     0x08009cfd   0x24  Code  Gb  setlocale.o [3]
__iar_d2uiz             0x08006849         Code  Gb  DblToI32.o [4]
__iar_dadd              0x08006ecd         Code  Gb  DblAdd.o [4]
__iar_data_init3        0x0800b5f9   0x28  Code  Gb  data_init.o [5]
__iar_dlfree            0x080010e5  0x510  Code  Gb  dlmalloc.o [3]
__iar_dlib_perthread_access
                        0x08006fa1    0x2  Code  Gb  xtls.o [3]
__iar_dlmalloc          0x08000e25  0x2b4  Code  Gb  dlmalloc.o [3]
__iar_dsub              0x080068ad         Code  Gb  DblSub.o [4]
__iar_dsubStart         0x080068bf         Code  Gb  DblSub.o [4]
__iar_lz77_init3        0x0800a383  0x160  Code  Gb  lz77_init.o [5]
__iar_program_start     0x0800bbd5         Code  Gb  cstartup_M.o [5]
__iar_strcmp            0x08006519         Code  Gb  strcmp_unaligned.o [5]
__iar_ui2d              0x08006881         Code  Gb  I32ToDbl.o [4]
__iar_unaligned___aeabi_memcpy
                        0x080060a5         Code  Gb  ABImemcpy_unaligned.o [5]
__iar_unaligned___aeabi_memcpy4
                        0x080060c5         Code  Gb  ABImemcpy_unaligned.o [5]
__iar_unaligned___aeabi_memcpy8
                        0x080060c5         Code  Gb  ABImemcpy_unaligned.o [5]
__iar_unaligned___aeabi_memmove
                        0x080097f1         Code  Gb  ABImemmove_unaligned.o [5]
__iar_unaligned___aeabi_memmove4
                        0x080097f1         Code  Gb  ABImemmove_unaligned.o [5]
__iar_unaligned___aeabi_memmove8
                        0x080097f1         Code  Gb  ABImemmove_unaligned.o [5]
__iar_unaligned_memcmp  0x080065a1         Code  Gb  memcmp_unaligned.o [5]
__iar_unaligned_strcmp  0x08006519         Code  Gb  strcmp_unaligned.o [5]
__iar_unaligned_strcpy  0x0800655d         Code  Gb  strcpy_unaligned.o [5]
__iar_vla_alloc2        0x080042d5   0x12  Code  Gb  vla_alloc.o [3]
__iar_vla_dealloc2      0x080042e7    0x4  Code  Gb  vla_alloc.o [3]
__iar_zero_init3        0x0800b4e1   0x40  Code  Gb  zero_init3.o [5]
__low_level_init        0x0800b7c7    0x4  Code  Gb  low_level_init.o [3]
__seq                   0x20001b7c    0x4  Data  Lc  sevproto.o [1]
__vector_table          0x08000000         Data  Gb  startup_stm32f10x_md.o [1]
__write                 0x0800b40f    0x4  Code  Gb  main.o [1]
_call_main              0x0800b7b9         Code  Gb  cmain.o [5]
_exit                   0x0800b7d1         Code  Gb  cexit.o [5]
_gm_                    0x20000f3c  0x1d8  Data  Lc  dlmalloc.o [3]
_main                   0x0800b7c3         Code  Gb  cmain.o [5]
abort                   0x080015fd    0x6  Code  Gb  abort.o [3]
adc_init                0x08009299   0x82  Code  Lc  battery.o [1]
adc_read                0x0800931b   0x1e  Code  Lc  battery.o [1]
add_timer               0x08003499   0x40  Code  Lc  etimer.o [1]
address_backup          0x20001bd7    0x1  Data  Lc  senprote-rs3010K.o [1]
address_backup          0x20001bd8    0x1  Data  Lc  senprote-t770.o [1]
address_backup          0x20001bd9    0x1  Data  Lc  senprote-t830.o [1]
address_backup          0x20001bda    0x1  Data  Lc  senproto-rst460.o [1]
address_backup          0x20001bdb    0x1  Data  Lc  senproto-zbm001.o [1]
app_process             0x20001b84    0x4  Data  Lc  sim800.o [1]
backup_check_time       0x08008fb5   0x34  Code  Lc  sensor_data_backup.o [1]
backup_clean            0x08008f5d   0x58  Code  Gb  sensor_data_backup.o [1]
backup_commit_process   0x200001f4   0x10  Data  Gb  sdcdtu.o [1]
backup_init             0x08008ef9   0x64  Code  Gb  sensor_data_backup.o [1]
backup_pop              0x08008fe9   0xf0  Code  Gb  sensor_data_backup.o [1]
backup_push             0x080090d9   0xc0  Code  Gb  sensor_data_backup.o [1]
battery_check_power     0x08009357   0x80  Code  Gb  battery.o [1]
battery_init            0x080094b7   0x24  Code  Gb  battery.o [1]
battery_read            0x080093d7   0xe0  Code  Gb  battery.o [1]
call_process            0x08002bdd   0x44  Code  Lc  process.o [1]
callbacks               0x20001afc    0x4  Data  Lc  gprs.o [1]
cgatt_data              0x20001b8c    0x4  Data  Lc  sim800.o [1]
charg_state             0x08009339    0xa  Code  Lc  battery.o [1]
checksum_calc           0x0800a819   0x18  Code  Gb  senproto-rst460.o [1]
cifsr_data              0x20001a44   0x10  Data  Lc  sim800.o [1]
clock_init              0x080041c9   0x8e  Code  Gb  clock.o [1]
clock_time              0x08004257    0x8  Code  Gb  clock.o [1]
cmd_buffer_dataptr      0x08002521    0x4  Code  Lc  sim800.o [1]
cmd_buffer_init         0x0800250d   0x14  Code  Lc  sim800.o [1]
cmd_buffer_length       0x08002525    0x8  Code  Lc  sim800.o [1]
cmd_buffer_push_byte    0x08002537    0xe  Code  Lc  sim800.o [1]
cmd_buffer_size         0x0800252d    0xa  Code  Lc  sim800.o [1]
cmdbuffs                0x200002e0    0xc  Data  Lc  sim800.o [1]
cmdbuffs_memb_count     0x20001bbc    0x4  Data  Lc  sim800.o [1]
cmdbuffs_memb_mem       0x200014fc  0x110  Data  Lc  sim800.o [1]
commit_buff             0x200002a4    0xc  Data  Lc  sdcdtu.o [1]
configure_data_buffer   0x200013ec  0x110  Data  Lc  sdcdtu.o [1]
configure_read          0x080091a1   0x68  Code  Gb  configure.o [1]
configure_update_apply  0x08009273   0x18  Code  Gb  configure.o [1]
configure_update_check  0x0800926f    0x4  Code  Gb  configure.o [1]
configure_update_init   0x08009209   0x22  Code  Gb  configure.o [1]
configure_update_process
                        0x200001c4   0x10  Data  Gb  sdcdtu.o [1]
configure_update_push   0x0800922b   0x44  Code  Gb  configure.o [1]
cpin_status             0x20001b88    0x4  Data  Lc  sim800.o [1]
crc16                   0x0800a15d   0x32  Code  Lc  senprote-rs3010K.o [1]
crc16                   0x0800a4e5   0x32  Code  Lc  senprote-t770.o [1]
crc16                   0x0800a65d   0x32  Code  Lc  senprote-t830.o [1]
crc32_calc              0x0800972b   0xb6  Code  Gb  crc.o [1]
crc_init                0x080096b1   0x10  Code  Gb  crc.o [1]
creg_data               0x20001ad8    0x8  Data  Lc  sim800.o [1]
csq_data                0x20001ad0    0x8  Data  Lc  sim800.o [1]
current_cmd_buffer      0x20001bb8    0x4  Data  Lc  sim800.o [1]
deviceid_read           0x08008afd   0x28  Code  Gb  deviceid.o [1]
digits                  0x08006054   0x28  Data  Lc  xstoul.o [3]
div                     0x08006e13    0xe  Code  Gb  div.o [3]
dl_SPIFFS_close         0x08004cf3   0xa6  Code  Gb  spiffs_disk.o [1]
dl_SPIFFS_creat         0x08004e7b   0x1e  Code  Gb  spiffs_disk.o [1]
dl_SPIFFS_info          0x08004e43   0x38  Code  Gb  spiffs_disk.o [1]
dl_SPIFFS_lseek         0x08004571   0x7c  Code  Gb  spiffs_disk.o [1]
dl_SPIFFS_open          0x080045ed   0xa8  Code  Gb  spiffs_disk.o [1]
dl_SPIFFS_read          0x08004695  0x156  Code  Gb  spiffs_disk.o [1]
dl_SPIFFS_remove        0x08004d99   0xaa  Code  Gb  spiffs_disk.o [1]
dl_SPIFFS_rename        0x08004e99   0x4a  Code  Gb  spiffs_disk.o [1]
dl_SPIFFS_stat          0x0800455b   0x16  Code  Gb  spiffs_disk.o [1]
dl_SPIFFS_write         0x080047eb  0x508  Code  Gb  spiffs_disk.o [1]
dl_fs_init              0x080042ed   0x5e  Code  Gb  spiffs_disk.o [1]
do_event                0x08002c7f   0xc0  Code  Lc  process.o [1]
do_poll                 0x08002c51   0x2e  Code  Lc  process.o [1]
dtuconfig               0x2000031c    0x4  Data  Gb  sdcdtu.o [1]
dtudata_commit_process  0x200001e4   0x10  Data  Gb  sdcdtu.o [1]
etimer_process          0x20000154   0x10  Data  Gb  etimer.o [1]
etimer_request_poll     0x0800348f    0xa  Code  Gb  etimer.o [1]
etimer_set              0x080034d9   0x12  Code  Gb  etimer.o [1]
events                  0x20001114  0x180  Data  Lc  process.o [1]
exit                    0x0800b7cb    0x4  Code  Gb  exit.o [3]
exit_process            0x08002b4d   0x90  Code  Lc  process.o [1]
fevent                  0x20001bd3    0x1  Data  Lc  process.o [1]
fifo_get_avlid          0x080040ab   0x12  Code  Gb  fifo.o [1]
fifo_get_length         0x08004095   0x16  Code  Gb  fifo.o [1]
fifo_init               0x08004085   0x10  Code  Gb  fifo.o [1]
fifo_pop                0x0800411b   0x5e  Code  Gb  fifo.o [1]
fifo_pop_byte           0x080040eb   0x30  Code  Gb  fifo.o [1]
fifo_push_byte          0x080040bd   0x2e  Code  Gb  fifo.o [1]
framebuff_avlid         0x08008e1f    0x8  Code  Gb  framebuff.o [1]
framebuff_clean         0x08008e53    0x6  Code  Gb  framebuff.o [1]
framebuff_datptr        0x08008e59    0x4  Code  Gb  framebuff.o [1]
framebuff_init          0x08008e09    0xe  Code  Gb  framebuff.o [1]
framebuff_length        0x08008e17    0x8  Code  Gb  framebuff.o [1]
framebuff_push          0x08008e27   0x2c  Code  Gb  framebuff.o [1]
framebuff_push_u16      0x08008eb3   0x22  Code  Gb  framebuff.o [1]
framebuff_push_u32      0x08008ed5   0x22  Code  Gb  framebuff.o [1]
framebuff_push_u8       0x08008e91   0x22  Code  Gb  framebuff.o [1]
framebuff_remove        0x08008e5d   0x34  Code  Gb  framebuff.o [1]
framebuffer_commit_buff_data_buffer
                        0x2000170c  0x100  Data  Lc  sdcdtu.o [1]
framebuffer_gprs_send_buffer_data_buffer
                        0x2000073c  0x200  Data  Lc  sdcdtu.o [1]
framebuffer_sensorDataStringBuffer_data_buffer
                        0x20000b3c  0x200  Data  Lc  sdcdtu.o [1]
framebuffer_sensorInterfaceSendReceiveBuffer_data_buffer
                        0x2000093c  0x200  Data  Lc  sdcdtu.o [1]
framebuffer_sevproto_prepare_buff_data_buffer
                        0x20000d3c  0x200  Data  Lc  sevproto.o [1]
g_fs_block              0x20001ae8    0x8  Data  Lc  spiffs_disk.o [1]
g_fs_header             0x20001294  0x158  Data  Lc  spiffs_disk.o [1]
getint                  0x08009d75   0x28  Code  Lc  xgetdst.o [3]
gpio_get_pin            0x08003153   0x20  Code  Gb  gpio.o [1]
gpio_init               0x08003179   0x1e  Code  Gb  gpio.o [1]
gpio_set_as_input       0x080030fb   0x2a  Code  Gb  gpio.o [1]
gpio_set_as_output      0x080030d1   0x2a  Code  Gb  gpio.o [1]
gpio_set_pin            0x08003125   0x2e  Code  Gb  gpio.o [1]
gpiocfg                 0x20000000   0xb0  Data  Gb  gpio.o [1]
gprs_close              0x08008a51   0x1a  Code  Gb  gprs.o [1]
gprs_communication_process
                        0x20000164   0x10  Data  Gb  gprs.o [1]
gprs_connect            0x08008a35    0x6  Code  Gb  gprs.o [1]
gprs_connect_status     0x20001b04    0x4  Data  Lc  gprs.o [1]
gprs_domain             0x20001b08    0x4  Data  Lc  gprs.o [1]
gprs_event_closed       0x20001bd0    0x1  Data  Gb  gprs.o [1]
gprs_event_connect      0x20001bce    0x1  Data  Gb  gprs.o [1]
gprs_event_disconnect   0x20001bcf    0x1  Data  Gb  gprs.o [1]
gprs_event_recv         0x20001bcd    0x1  Data  Gb  gprs.o [1]
gprs_event_sent         0x20001bcc    0x1  Data  Gb  gprs.o [1]
gprs_init               0x080089d9   0x42  Code  Gb  gprs.o [1]
gprs_open               0x08008a3b   0x16  Code  Gb  gprs.o [1]
gprs_parent_process     0x20001b00    0x4  Data  Lc  gprs.o [1]
gprs_port               0x20001b0c    0x4  Data  Lc  gprs.o [1]
gprs_process            0x20000174   0x10  Data  Gb  gprs.o [1]
gprs_send               0x08008a27    0xe  Code  Gb  gprs.o [1]
gprs_send_buffer        0x20000274    0xc  Data  Lc  sdcdtu.o [1]
gprs_set_parent_process
                        0x08008a21    0x6  Code  Gb  gprs.o [1]
hardware_update_process
                        0x200001d4   0x10  Data  Gb  sdcdtu.o [1]
init_mparams            0x08000107   0x32  Code  Lc  dlmalloc.o [3]
init_top                0x08000139   0x34  Code  Lc  dlmalloc.o [3]
inner_fs_file_ceate     0x080043c9  0x11a  Code  Gb  spiffs_disk.o [1]
inner_fs_file_is_exist  0x0800434b   0x3e  Code  Gb  spiffs_disk.o [1]
inner_fs_file_jump_end  0x080044e3   0x78  Code  Gb  spiffs_disk.o [1]
inner_fs_get_free_block
                        0x08004389   0x40  Code  Gb  spiffs_disk.o [1]
inner_make_crc16        0x08004efd   0x54  Code  Gb  spiffs_disk.o [1]
lastevent               0x20001bd1    0x1  Data  Lc  process.o [1]
list_add                0x08008d71   0x24  Code  Gb  list.o [1]
list_head               0x08008d55    0x4  Code  Gb  list.o [1]
list_item_next          0x08008de7    0xc  Code  Gb  list.o [1]
list_length             0x08008dd5   0x12  Code  Gb  list.o [1]
list_pop                0x08008d95   0x12  Code  Gb  list.o [1]
list_remove             0x08008da7   0x2e  Code  Gb  list.o [1]
list_tail               0x08008d59   0x18  Code  Gb  list.o [1]
lmos                    0x08009b98   0x18  Data  Lc  xttotm.o [3]
log_out                 0x080034fd   0x8a  Code  Gb  logger.o [1]
log_print               0x08003587   0x60  Code  Gb  logger.o [1]
main                    0x0800b3bd   0x4c  Code  Gb  main.o [1]
memb_alloc              0x08003615   0x2c  Code  Gb  memb.o [1]
memb_free               0x08003641   0x36  Code  Gb  memb.o [1]
memb_init               0x080035f1   0x24  Code  Gb  memb.o [1]
memchr                  0x08006605         Code  Gb  memchr.o [5]
mos                     0x08009bb0   0x18  Data  Lc  xttotm.o [3]
mparams                 0x2000197c   0x18  Data  Lc  dlmalloc.o [3]
ms_count                0x20001aa8    0x8  Data  Gb  clock.o [1]
ndigs                   0x0800607c   0x28  Data  Lc  xstoul.o [3]
nevents                 0x20001bd2    0x1  Data  Lc  process.o [1]
next_expiration         0x20001af8    0x4  Data  Lc  etimer.o [1]
next_wakeuptime         0x20001b24    0x4  Data  Lc  sdcdtu.o [1]
parse_process           0x20000224   0x10  Data  Gb  sim800.o [1]
poll_requested          0x20001bd4    0x1  Data  Lc  process.o [1]
power_ctrl1             0x200002b0    0xc  Data  Lc  senif.o [1]
power_ctrl2             0x200002bc    0xc  Data  Lc  senif.o [1]
power_ctrl3             0x200002c8    0xc  Data  Lc  senif.o [1]
power_ctrl_init         0x08004f51   0x26  Code  Lc  senif.o [1]
prepend_alloc           0x0800016d  0x36c  Code  Lc  dlmalloc.o [3]
printf                  0x08003b59   0x24  Code  Gb  printf.o [3]
process_alloc_event     0x08002b0d    0xe  Code  Gb  process.o [1]
process_current         0x20001b14    0x4  Data  Gb  process.o [1]
process_exit            0x08002c21    0xc  Code  Gb  process.o [1]
process_init            0x08002c2d   0x24  Code  Gb  process.o [1]
process_is_running      0x08002e1d   0x10  Code  Gb  process.o [1]
process_list            0x20001b10    0x4  Data  Gb  process.o [1]
process_poll            0x08002dd1   0x1c  Code  Gb  process.o [1]
process_post            0x08002d5d   0x62  Code  Gb  process.o [1]
process_post_synch      0x08002dbf   0x12  Code  Gb  process.o [1]
process_run             0x08002d3f   0x1e  Code  Gb  process.o [1]
process_start           0x08002b1b   0x32  Code  Gb  process.o [1]
process_thread_backup_commit_process
                        0x08007e75  0x150  Code  Lc  sdcdtu.o [1]
process_thread_configure_update_process
                        0x08007669  0x2a0  Code  Lc  sdcdtu.o [1]
process_thread_dtudata_commit_process
                        0x08007d01  0x152  Code  Lc  sdcdtu.o [1]
process_thread_etimer_process
                        0x080033b1   0xde  Code  Lc  etimer.o [1]
process_thread_gprs_communication_process
                        0x08008419  0x4ec  Code  Lc  gprs.o [1]
process_thread_gprs_process
                        0x08008905   0xd0  Code  Lc  gprs.o [1]
process_thread_hardware_update_process
                        0x08007abb  0x234  Code  Lc  sdcdtu.o [1]
process_thread_parse_process
                        0x08002605  0x1d6  Code  Lc  sim800.o [1]
process_thread_sdcdtu_process
                        0x08007ff1  0x38c  Code  Lc  sdcdtu.o [1]
process_thread_sendat_collect_process
                        0x080071d5  0x274  Code  Lc  sdcdtu.o [1]
process_thread_sendat_commit_process
                        0x08007449  0x21a  Code  Lc  sdcdtu.o [1]
process_thread_sensor_prewarm_process
                        0x080070c9  0x10c  Code  Lc  sdcdtu.o [1]
process_thread_sim800_power_ctrl_process
                        0x080027f9  0x130  Code  Lc  sim800.o [1]
process_thread_sim800_power_state
                        0x08002545   0x94  Code  Lc  sim800.o [1]
process_thread_system_monit_process
                        0x0800a997   0x82  Code  Lc  system_status.o [1]
process_thread_system_status_process
                        0x0800a919   0x7e  Code  Lc  system_status.o [1]
process_thread_timesync_process
                        0x08006fa5  0x124  Code  Lc  sdcdtu.o [1]
putchar                 0x0800b5d1   0x28  Code  Gb  putchar.o [3]
recv_data_buffer        0x2000033c  0x400  Data  Lc  sim800.o [1]
recv_data_ptr           0x20001b9c    0x4  Data  Lc  sim800.o [1]
recv_data_size          0x20001b98    0x4  Data  Lc  sim800.o [1]
refin                   0x080096c1   0x2c  Code  Lc  crc.o [1]
refout                  0x080096ed   0x3e  Code  Lc  crc.o [1]
rs3010k_parse           0x0800a1f3  0x11e  Code  Gb  senprote-rs3010K.o [1]
rs3010k_prepare         0x0800a18f   0x64  Code  Gb  senprote-rs3010K.o [1]
rs3010k_senproto        0x200002ec    0x8  Data  Gb  senprote-rs3010K.o [1]
rst460_parse            0x0800a831   0xe0  Code  Gb  senproto-rst460.o [1]
rst460_prepare          0x0800a7c9   0x50  Code  Gb  senproto-rst460.o [1]
rst460_senproto         0x20000304    0x8  Data  Gb  senproto-rst460.o [1]
rtc_get_time            0x08008bb9    0x8  Code  Gb  rtc.o [1]
rtc_init                0x08008b25   0x8c  Code  Gb  rtc.o [1]
rtc_set_time            0x08008bb1    0x8  Code  Gb  rtc.o [1]
rtc_wakeup_after_second
                        0x08008bc1   0x36  Code  Gb  rtc.o [1]
rtc_wakeup_at_second    0x08008bf7   0x44  Code  Gb  rtc.o [1]
sccb_memb               0x20000280    0xc  Data  Lc  sdcdtu.o [1]
sccb_memb_memb_count    0x200019c4   0x10  Data  Lc  sdcdtu.o [1]
sccb_memb_memb_mem      0x2000160c  0x100  Data  Lc  sdcdtu.o [1]
sdcdtu_frameware_update_data_reply_process
                        0x08007a61   0x5a  Code  Lc  sdcdtu.o [1]
sdcdtu_frameware_update_data_require_prepare
                        0x080079cf   0x7a  Code  Lc  sdcdtu.o [1]
sdcdtu_frameware_update_reply_version_process
                        0x08007967   0x68  Code  Lc  sdcdtu.o [1]
sdcdtu_frameware_update_require_version_prepare
                        0x08007909   0x5e  Code  Lc  sdcdtu.o [1]
sdcdtu_init             0x08008385    0xc  Code  Gb  sdcdtu.o [1]
sdcdtu_process          0x20000204   0x10  Data  Gb  sdcdtu.o [1]
second_count            0x20001ab0    0x8  Data  Gb  clock.o [1]
segment_holding         0x080000ed   0x1a  Code  Lc  dlmalloc.o [3]
send_data_ptr           0x20001b90    0x4  Data  Lc  sim800.o [1]
send_data_size          0x20001b94    0x4  Data  Lc  sim800.o [1]
sendat_collect_list     0x20000324    0x4  Data  Lc  sdcdtu.o [1]
sendat_collect_list_list
                        0x20001b30    0x4  Data  Lc  sdcdtu.o [1]
sendat_collect_process  0x200001a4   0x10  Data  Gb  sdcdtu.o [1]
sendat_commit_list      0x20000328    0x4  Data  Lc  sdcdtu.o [1]
sendat_commit_list_list
                        0x20001b34    0x4  Data  Lc  sdcdtu.o [1]
sendat_commit_process   0x200001b4   0x10  Data  Gb  sdcdtu.o [1]
senif_close             0x08005043   0x24  Code  Gb  senif.o [1]
senif_init              0x08004f77   0x36  Code  Gb  senif.o [1]
senif_open              0x08005001   0x42  Code  Gb  senif.o [1]
senif_power_close       0x08004fd7   0x2a  Code  Gb  senif.o [1]
senif_power_open        0x08004fad   0x2a  Code  Gb  senif.o [1]
senif_read              0x0800509d   0x18  Code  Gb  senif.o [1]
senif_write             0x08005067   0x36  Code  Gb  senif.o [1]
senifs_init             0x0800b395   0x28  Code  Lc  main.o [1]
senproto_lookup         0x08008df5   0x14  Code  Gb  senproto.o [1]
sensorDataStringBuffer  0x20000298    0xc  Data  Lc  sdcdtu.o [1]
sensorInterfaceSendReceiveBuffer
                        0x2000028c    0xc  Data  Lc  sdcdtu.o [1]
sensor_interfaces       0x200000b0   0x60  Data  Lc  senif.o [1]
sensor_prewarm_list     0x20000320    0x4  Data  Lc  sdcdtu.o [1]
sensor_prewarm_list_list
                        0x20001b2c    0x4  Data  Lc  sdcdtu.o [1]
sensor_prewarm_process  0x20000194   0x10  Data  Gb  sdcdtu.o [1]
sensors_table           0x2000013c   0x18  Data  Gb  senproto.o [1]
sevproto_check          0x08008c51   0x8a  Code  Gb  sevproto.o [1]
sevproto_prepare        0x08008cdb   0x6e  Code  Gb  sevproto.o [1]
sevproto_prepare_buff   0x200002d4    0xc  Data  Lc  sevproto.o [1]
sim800_cmd_ate0         0x08002a45   0x20  Code  Gb  sim800.o [1]
sim800_cmd_cifsr        0x08002a01   0x20  Code  Gb  sim800.o [1]
sim800_cmd_ciicr        0x080029e1   0x20  Code  Gb  sim800.o [1]
sim800_cmd_ciphead      0x08002a25   0x20  Code  Gb  sim800.o [1]
sim800_cmd_cipstart     0x08002a65   0x24  Code  Gb  sim800.o [1]
sim800_cmd_cstt         0x080029bf   0x22  Code  Gb  sim800.o [1]
sim800_init             0x08002939   0x60  Code  Gb  sim800.o [1]
sim800_power_ctrl_process
                        0x20000234   0x10  Data  Gb  sim800.o [1]
sim800_power_off        0x080029b1    0xe  Code  Gb  sim800.o [1]
sim800_power_on         0x080029a3    0xe  Code  Gb  sim800.o [1]
sim800_power_state      0x20000214   0x10  Data  Gb  sim800.o [1]
sim800_send             0x08002a89   0x2a  Code  Gb  sim800.o [1]
sim800_set_parent       0x0800299d    0x6  Code  Gb  sim800.o [1]
simple_delay            0x08009343   0x14  Code  Lc  battery.o [1]
sprintf                 0x08003679   0x34  Code  Gb  sprintf.o [3]
sscanf                  0x0800303d   0x24  Code  Gb  sscanf.o [3]
strchr                  0x08005e6d         Code  Gb  strchr.o [5]
strlen                  0x080036ad         Code  Gb  strlen.o [5]
sys_alloc               0x080004d9  0x386  Code  Lc  dlmalloc.o [3]
system_monit_process    0x20000264   0x10  Data  Gb  system_status.o [1]
system_status_init      0x0800aa19   0x14  Code  Gb  system_status.o [1]
system_status_process   0x20000254   0x10  Data  Gb  system_status.o [1]
t770_parse              0x0800a57b   0xd2  Code  Gb  senprote-t770.o [1]
t770_prepare            0x0800a517   0x64  Code  Gb  senprote-t770.o [1]
t770_senproto           0x200002f4    0x8  Data  Gb  senprote-t770.o [1]
t830_parse              0x0800a6f3   0xc4  Code  Gb  senprote-t830.o [1]
t830_prepare            0x0800a68f   0x64  Code  Gb  senprote-t830.o [1]
t830_senproto           0x200002fc    0x8  Data  Gb  senprote-t830.o [1]
table_crc_hi            0x0800ab94  0x100  Data  Lc  senprote-rs3010K.o [1]
table_crc_hi            0x0800ad94  0x100  Data  Lc  senprote-t770.o [1]
table_crc_hi            0x0800af94  0x100  Data  Lc  senprote-t830.o [1]
table_crc_hi            0x0800b194  0x100  Data  Lc  senproto-zbm001.o [1]
table_crc_lo            0x0800ac94  0x100  Data  Lc  senprote-rs3010K.o [1]
table_crc_lo            0x0800ae94  0x100  Data  Lc  senprote-t770.o [1]
table_crc_lo            0x0800b094  0x100  Data  Lc  senprote-t830.o [1]
table_crc_lo            0x0800b294  0x100  Data  Lc  senproto-zbm001.o [1]
timer_expired           0x080042b7   0x1e  Code  Gb  timer.o [1]
timer_set               0x080042a9    0xe  Code  Gb  timer.o [1]
timerlist               0x20001aa0    0x4  Data  Lc  etimer.o [1]
timesync_process        0x20000184   0x10  Data  Gb  sdcdtu.o [1]
tmalloc_large           0x0800086d  0x39e  Code  Lc  dlmalloc.o [3]
tmalloc_small           0x08000c0b  0x21a  Code  Lc  dlmalloc.o [3]
update_time             0x08003369   0x48  Code  Lc  etimer.o [1]
usart1_input_fun        0x20001bc0    0x4  Data  Lc  usart.o [1]
usart2_input_fun        0x20001bc4    0x4  Data  Lc  usart.o [1]
usart_configure         0x08002f11   0x66  Code  Gb  usart.o [1]
usart_init              0x08002e2d   0xe4  Code  Gb  usart.o [1]
usart_stream_byte       0x08003233   0x28  Code  Gb  usart_stream.o [1]
usart_stream_init       0x080031b5   0x36  Code  Gb  usart_stream.o [1]
usart_stream_read       0x0800320b   0x28  Code  Gb  usart_stream.o [1]
usart_stream_write      0x080031eb   0x20  Code  Gb  usart_stream.o [1]
usart_write             0x08002f77   0x4e  Code  Gb  usart.o [1]
xFs                     0x2000188c   0x70  Data  Gb  spiffs_disk.o [1]
yychar                  0x20001ba0    0x4  Data  Gb  sim800.o [1]
yycheck                 0x0800b550   0x30  Data  Lc  sim800.o [1]
yydefact                0x0800b458   0x44  Data  Lc  sim800.o [1]
yydefgoto               0x0800ba84   0x14  Data  Lc  sim800.o [1]
yydestruct              0x08001659    0xa  Code  Lc  sim800.o [1]
yyerror                 0x08002509    0x4  Code  Gb  sim800.o [1]
yylex                   0x08001c59  0x89c  Code  Gb  sim800.o [1]
yylval                  0x20001ba4    0x4  Data  Gb  sim800.o [1]
yynerrs                 0x20001ba8    0x4  Data  Gb  sim800.o [1]
yypact                  0x0800b414   0x44  Data  Lc  sim800.o [1]
yyparse                 0x08001663  0x5dc  Code  Gb  sim800.o [1]
yypgoto                 0x0800ba70   0x14  Data  Lc  sim800.o [1]
yyr1                    0x0800b580   0x28  Data  Lc  sim800.o [1]
yyr2                    0x0800b5a8   0x28  Data  Lc  sim800.o [1]
yystos                  0x0800b49c   0x44  Data  Lc  sim800.o [1]
yytable                 0x0800b520   0x30  Data  Lc  sim800.o [1]
yytranslate             0x0800aa7c  0x118  Data  Lc  sim800.o [1]
zbm001_parse            0x08009f7f  0x17e  Code  Gb  senproto-zbm001.o [1]
zbm001_prepare          0x08009f0b   0x74  Code  Gb  senproto-zbm001.o [1]
zbm001_senproto         0x2000030c    0x8  Data  Gb  senproto-zbm001.o [1]
zcrc16                  0x08009ed9   0x32  Code  Lc  senproto-zbm001.o [1]


[1] = D:\Ruhr\Xiongmao\github\DTU1.0\project\Debug\Obj
[2] = command line
[3] = dl7M_tln.a
[4] = m7M_tl.a
[5] = rt7M_tl.a

  44 202 bytes of readonly  code memory
   4 507 bytes of readonly  data memory
  11 228 bytes of readwrite data memory

Errors: none
Warnings: none
