###############################################################################
#
# IAR ELF Linker V7.40.3.8902/W32 for ARM                 09/Jan/2018  13:27:50
# Copyright 2007-2015 IAR Systems AB.
#
#    Output file  =  D:\Ruhr\Xiongmao\github\DTU1.0\project\Debug\Exe\c.out
#    Map file     =  D:\Ruhr\Xiongmao\github\DTU1.0\project\Debug\List\c.map
#    Command line =  
#        D:\Ruhr\Xiongmao\github\DTU1.0\project\Debug\Obj\battery.o
#        D:\Ruhr\Xiongmao\github\DTU1.0\project\Debug\Obj\clock.o
#        D:\Ruhr\Xiongmao\github\DTU1.0\project\Debug\Obj\configure.o
#        D:\Ruhr\Xiongmao\github\DTU1.0\project\Debug\Obj\crc.o
#        D:\Ruhr\Xiongmao\github\DTU1.0\project\Debug\Obj\deviceid.o
#        D:\Ruhr\Xiongmao\github\DTU1.0\project\Debug\Obj\etimer.o
#        D:\Ruhr\Xiongmao\github\DTU1.0\project\Debug\Obj\fifo.o
#        D:\Ruhr\Xiongmao\github\DTU1.0\project\Debug\Obj\framebuff.o
#        D:\Ruhr\Xiongmao\github\DTU1.0\project\Debug\Obj\frameware.o
#        D:\Ruhr\Xiongmao\github\DTU1.0\project\Debug\Obj\gpio.o
#        D:\Ruhr\Xiongmao\github\DTU1.0\project\Debug\Obj\gprs.o
#        D:\Ruhr\Xiongmao\github\DTU1.0\project\Debug\Obj\list.o
#        D:\Ruhr\Xiongmao\github\DTU1.0\project\Debug\Obj\logger.o
#        D:\Ruhr\Xiongmao\github\DTU1.0\project\Debug\Obj\main.o
#        D:\Ruhr\Xiongmao\github\DTU1.0\project\Debug\Obj\memb.o
#        D:\Ruhr\Xiongmao\github\DTU1.0\project\Debug\Obj\misc.o
#        D:\Ruhr\Xiongmao\github\DTU1.0\project\Debug\Obj\process.o
#        D:\Ruhr\Xiongmao\github\DTU1.0\project\Debug\Obj\rtc.o
#        D:\Ruhr\Xiongmao\github\DTU1.0\project\Debug\Obj\rtimer-arch.o
#        D:\Ruhr\Xiongmao\github\DTU1.0\project\Debug\Obj\sdcdtu.o
#        D:\Ruhr\Xiongmao\github\DTU1.0\project\Debug\Obj\senif.o
#        D:\Ruhr\Xiongmao\github\DTU1.0\project\Debug\Obj\senprote-rs3010K.o
#        D:\Ruhr\Xiongmao\github\DTU1.0\project\Debug\Obj\senprote-t770.o
#        D:\Ruhr\Xiongmao\github\DTU1.0\project\Debug\Obj\senprote-t800.o
#        D:\Ruhr\Xiongmao\github\DTU1.0\project\Debug\Obj\senprote-t830.o
#        D:\Ruhr\Xiongmao\github\DTU1.0\project\Debug\Obj\senprote-water.o
#        D:\Ruhr\Xiongmao\github\DTU1.0\project\Debug\Obj\senproto-rst460.o
#        D:\Ruhr\Xiongmao\github\DTU1.0\project\Debug\Obj\senproto-zbm001.o
#        D:\Ruhr\Xiongmao\github\DTU1.0\project\Debug\Obj\senproto.o
#        D:\Ruhr\Xiongmao\github\DTU1.0\project\Debug\Obj\sensor_data_backup.o
#        D:\Ruhr\Xiongmao\github\DTU1.0\project\Debug\Obj\sevproto.o
#        D:\Ruhr\Xiongmao\github\DTU1.0\project\Debug\Obj\sim800.o
#        D:\Ruhr\Xiongmao\github\DTU1.0\project\Debug\Obj\spiffs_disk.o
#        D:\Ruhr\Xiongmao\github\DTU1.0\project\Debug\Obj\spiflash.o
#        D:\Ruhr\Xiongmao\github\DTU1.0\project\Debug\Obj\startup_stm32f10x_md.o
#        D:\Ruhr\Xiongmao\github\DTU1.0\project\Debug\Obj\stm32f10x_adc.o
#        D:\Ruhr\Xiongmao\github\DTU1.0\project\Debug\Obj\stm32f10x_bkp.o
#        D:\Ruhr\Xiongmao\github\DTU1.0\project\Debug\Obj\stm32f10x_can.o
#        D:\Ruhr\Xiongmao\github\DTU1.0\project\Debug\Obj\stm32f10x_cec.o
#        D:\Ruhr\Xiongmao\github\DTU1.0\project\Debug\Obj\stm32f10x_crc.o
#        D:\Ruhr\Xiongmao\github\DTU1.0\project\Debug\Obj\stm32f10x_dac.o
#        D:\Ruhr\Xiongmao\github\DTU1.0\project\Debug\Obj\stm32f10x_dbgmcu.o
#        D:\Ruhr\Xiongmao\github\DTU1.0\project\Debug\Obj\stm32f10x_dma.o
#        D:\Ruhr\Xiongmao\github\DTU1.0\project\Debug\Obj\stm32f10x_exti.o
#        D:\Ruhr\Xiongmao\github\DTU1.0\project\Debug\Obj\stm32f10x_flash.o
#        D:\Ruhr\Xiongmao\github\DTU1.0\project\Debug\Obj\stm32f10x_fsmc.o
#        D:\Ruhr\Xiongmao\github\DTU1.0\project\Debug\Obj\stm32f10x_gpio.o
#        D:\Ruhr\Xiongmao\github\DTU1.0\project\Debug\Obj\stm32f10x_i2c.o
#        D:\Ruhr\Xiongmao\github\DTU1.0\project\Debug\Obj\stm32f10x_iwdg.o
#        D:\Ruhr\Xiongmao\github\DTU1.0\project\Debug\Obj\stm32f10x_pwr.o
#        D:\Ruhr\Xiongmao\github\DTU1.0\project\Debug\Obj\stm32f10x_rcc.o
#        D:\Ruhr\Xiongmao\github\DTU1.0\project\Debug\Obj\stm32f10x_rtc.o
#        D:\Ruhr\Xiongmao\github\DTU1.0\project\Debug\Obj\stm32f10x_sdio.o
#        D:\Ruhr\Xiongmao\github\DTU1.0\project\Debug\Obj\stm32f10x_spi.o
#        D:\Ruhr\Xiongmao\github\DTU1.0\project\Debug\Obj\stm32f10x_tim.o
#        D:\Ruhr\Xiongmao\github\DTU1.0\project\Debug\Obj\stm32f10x_usart.o
#        D:\Ruhr\Xiongmao\github\DTU1.0\project\Debug\Obj\stm32f10x_wwdg.o
#        D:\Ruhr\Xiongmao\github\DTU1.0\project\Debug\Obj\system_status.o
#        D:\Ruhr\Xiongmao\github\DTU1.0\project\Debug\Obj\timer.o
#        D:\Ruhr\Xiongmao\github\DTU1.0\project\Debug\Obj\usart.o
#        D:\Ruhr\Xiongmao\github\DTU1.0\project\Debug\Obj\usart_stream.o -o
#        D:\Ruhr\Xiongmao\github\DTU1.0\project\Debug\Exe\c.out --map
#        D:\Ruhr\Xiongmao\github\DTU1.0\project\Debug\List\c.map --config
#        D:\Ruhr\Xiongmao\github\DTU1.0\project\gprsdtu.icf --semihosting
#        --entry __iar_program_start --vfe
#
###############################################################################

*******************************************************************************
*** RUNTIME MODEL ATTRIBUTES
***

CppFlavor       = *
__Heap_Handler  = DLMalloc
__SystemLibrary = DLib


*******************************************************************************
*** PLACEMENT SUMMARY
***

"A1":  place at 0x08000000 { ro section .intvec };
"P1":  place in [from 0x08000000 to 0x0800ffff] { ro };
"P2":  place in [from 0x20000000 to 0x20004fff] { rw, block CSTACK, block HEAP };

  Section             Kind        Address    Size  Object
  -------             ----        -------    ----  ------
"A1":                                        0xec
  .intvec             ro code  0x08000000    0xec  startup_stm32f10x_md.o [1]
                             - 0x080000ec    0xec

"P1":                                      0xcf5e
  .text               ro code  0x080000ec  0x1614  sdcdtu.o [1]
  .text               ro code  0x08001700   0x710  gprs.o [1]
  .text               ro code  0x08001e10    0x2c  deviceid.o [1]
  .text               ro code  0x08001e3c   0x132  rtc.o [1]
  .text               ro code  0x08001f6e    0x1e  xsscin.o [3]
  .text               ro code  0x08001f8c   0x148  sevproto.o [1]
  .text               ro code  0x080020d4   0x1a8  etimer.o [1]
  .text               ro code  0x0800227c   0x132  I64DivMod.o [5]
  .text               ro code  0x080023ae    0xa0  memb.o [1]
  .text               ro code  0x0800244e     0xa  xsprout.o [3]
  .text               ro code  0x08002458   0x194  senif.o [1]
  .text               ro code  0x080025ec    0xb2  list.o [1]
  .text               ro code  0x080026a0   0x350  process.o [1]
  .text               ro code  0x080029f0    0x18  senproto.o [1]
  .text               ro code  0x08002a08   0x10a  framebuff.o [1]
  .text               ro code  0x08002b12    0x2e  timer.o [1]
  .text               ro code  0x08002b40  0x1510  dlmalloc.o [3]
  .text               ro code  0x08004050    0x66  ABImemset.o [5]
  .text               ro code  0x080040b8    0x76  ABImemcpy_unaligned.o [5]
  .text               ro code  0x08004130    0xa4  logger.o [1]
  .text               ro code  0x080041d4    0x36  strlen.o [5]
  .text               ro code  0x0800420c   0x2bc  sensor_data_backup.o [1]
  .text               ro code  0x080044c8    0xfc  configure.o [1]
  .text               ro code  0x080045c4   0x2c8  battery.o [1]
  .text               ro code  0x0800488c  0x1590  sim800.o [1]
  .text               ro code  0x08005e1c    0x24  printf.o [3]
  .text               ro code  0x08005e40    0x68  stm32f10x_pwr.o [1]
  .text               ro code  0x08005ea8    0x50  stm32f10x_bkp.o [1]
  .text               ro code  0x08005ef8   0x108  stm32f10x_rtc.o [1]
  .text               ro code  0x08006000   0x298  stm32f10x_rcc.o [1]
  .text               ro code  0x08006298    0xda  gpio.o [1]
  .text               ro code  0x08006374   0x174  crc.o [1]
  .text               ro code  0x080064e8   0x138  clock.o [1]
  .text               ro code  0x08006620     0x2  I64DivZer.o [5]
  .text               ro code  0x08006624   0x114  usart_stream.o [1]
  .text               ro code  0x08006738    0x78  ABImemmove_unaligned.o [5]
  .text               ro code  0x080067b0     0x6  abort.o [3]
  .text               ro code  0x080067b8    0x2c  xgetmemchunk.o [3]
  .text               ro code  0x080067e4    0x16  vla_alloc.o [3]
  .text               ro code  0x080067fc    0x34  sprintf.o [3]
  .text               ro code  0x08006830   0xdbe  spiffs_disk.o [1]
  .text               ro code  0x080075ee     0xa  gmtime.o [3]
  .text               ro code  0x080075f8   0x16e  stm32f10x_gpio.o [1]
  .text               ro code  0x08007768   0x1fa  stm32f10x_adc.o [1]
  .text               ro code  0x08007964    0x30  I32ToDbl.o [4]
  .text               ro code  0x08007994   0x1a2  DblMul.o [4]
  .text               ro code  0x08007b38   0x256  DblDiv.o [4]
  .text               ro code  0x08007d90   0x248  usart.o [1]
  .text               ro code  0x08007fd8    0x24  sscanf.o [3]
  .text               ro code  0x08007ffc   0xdae  xprintffull_nomb.o [3]
  .text               ro code  0x08008dac     0xc  stm32f10x_crc.o [1]
  .text               ro code  0x08008db8    0x1c  stm32f10x_flash.o [1]
  .text               ro code  0x08008dd4    0xb0  misc.o [1]
  .text               ro code  0x08008e84   0x10e  fifo.o [1]
  .text               ro code  0x08008f94    0x14  exit.o [6]
  .text               ro code  0x08008fa8   0x2b8  spiflash.o [1]
  .text               ro code  0x08009260    0x42  strcmp_unaligned.o [5]
  .text               ro code  0x080092a4    0x44  strcpy_unaligned.o [5]
  .text               ro code  0x080092e8    0x62  memcmp_unaligned.o [5]
  .text               ro code  0x0800934c   0x188  xttotm.o [3]
  .text               ro code  0x080094d4   0x1a0  stm32f10x_usart.o [1]
  .text               ro code  0x08009674   0x508  xscanfsmall_nomb.o [3]
  .text               ro code  0x08009b7c    0x16  strchr.o [5]
  .text               ro code  0x08009b94    0x58  memchr.o [5]
  .text               ro code  0x08009bec    0x42  xdnorm.o [4]
  .text               ro code  0x08009c30    0x2e  DblCmpLe.o [4]
  .text               ro code  0x08009c60    0x2e  DblCmpGe.o [4]
  .text               ro code  0x08009c90   0x110  xdscale.o [4]
  .text               ro code  0x08009da0    0x58  DblToI32.o [4]
  .text               ro code  0x08009df8   0x180  DblSub.o [4]
  .text               ro code  0x08009f78     0xe  div.o [3]
  .text               ro code  0x08009f88    0xa2  stm32f10x_spi.o [1]
  .text               ro code  0x0800a02a     0x2  xtls.o [3]
  .text               ro code  0x0800a02c   0x134  xisdst.o [3]
  .text               ro code  0x0800a160    0x86  xstol.o [3]
  .text               ro code  0x0800a1e8   0x19c  xstoul.o [3]
  .text               ro code  0x0800a384    0xd4  DblAdd.o [4]
  .text               ro code  0x0800a458    0x29  setlocale.o [3]
  .text               ro code  0x0800a484     0xa  getzone.o [3]
  .text               ro code  0x0800a48e    0x42  xgettime.o [3]
  .text               ro code  0x0800a4d0   0x164  xgetdst.o [3]
  .text               ro code  0x0800a634     0xc  errno.o [3]
  .text               ro code  0x0800a640   0x2f8  senproto-zbm001.o [1]
  .text               ro code  0x0800a938    0x4e  FltToDbl.o [4]
  .text               ro code  0x0800a988   0x270  senprote-rs3010K.o [1]
  .text               ro code  0x0800abf8   0x1ec  senprote-t770.o [1]
  .text               ro code  0x0800ade4   0x1e0  senprote-t800.o [1]
  .text               ro code  0x0800afc4   0x1e0  senprote-t830.o [1]
  .text               ro code  0x0800b1a4   0x1e0  senprote-water.o [1]
  .text               ro code  0x0800b384   0x1c2  lz77_init.o [5]
  .text               ro code  0x0800b548   0x1a0  senproto-rst460.o [1]
  .text               ro code  0x0800b6e8   0x134  system_status.o [1]
  .text               ro code  0x0800b81c    0x38  stm32f10x_iwdg.o [1]
  .rodata             const    0x0800b854   0x118  sim800.o [1]
  .rodata             const    0x0800b96c   0x100  senprote-rs3010K.o [1]
  .rodata             const    0x0800ba6c   0x100  senprote-rs3010K.o [1]
  .rodata             const    0x0800bb6c   0x100  senprote-t770.o [1]
  .rodata             const    0x0800bc6c   0x100  senprote-t770.o [1]
  .rodata             const    0x0800bd6c   0x100  senprote-t800.o [1]
  .rodata             const    0x0800be6c   0x100  senprote-t800.o [1]
  .rodata             const    0x0800bf6c   0x100  senprote-t830.o [1]
  .rodata             const    0x0800c06c   0x100  senprote-t830.o [1]
  .rodata             const    0x0800c16c   0x100  senprote-water.o [1]
  .rodata             const    0x0800c26c   0x100  senprote-water.o [1]
  .rodata             const    0x0800c36c   0x100  senproto-zbm001.o [1]
  .rodata             const    0x0800c46c   0x100  senproto-zbm001.o [1]
  .text               ro code  0x0800c56c    0x80  main.o [1]
  .rodata             const    0x0800c5ec    0x44  sim800.o [1]
  .rodata             const    0x0800c630    0x44  sim800.o [1]
  .rodata             const    0x0800c674    0x44  sim800.o [1]
  .text               ro code  0x0800c6b8    0x40  zero_init3.o [5]
  .rodata             const    0x0800c6f8    0x30  sim800.o [1]
  .rodata             const    0x0800c728    0x30  sim800.o [1]
  .rodata             const    0x0800c758    0x28  sim800.o [1]
  .rodata             const    0x0800c780    0x28  sim800.o [1]
  .text               ro code  0x0800c7a8    0x28  putchar.o [3]
  .text               ro code  0x0800c7d0    0x28  data_init.o [5]
  .rodata             const    0x0800c7f8    0x24  battery.o [1]
  .iar.init_table     const    0x0800c81c    0x2c  - Linker created -
  .rodata             const    0x0800c848    0x20  sim800.o [1]
  .rodata             const    0x0800c868    0x20  sim800.o [1]
  .rodata             const    0x0800c888    0x1c  gprs.o [1]
  .rodata             const    0x0800c8a4    0x1c  gprs.o [1]
  .rodata             const    0x0800c8c0    0x1c  gprs.o [1]
  .rodata             const    0x0800c8dc    0x1c  gprs.o [1]
  .rodata             const    0x0800c8f8    0x1c  gprs.o [1]
  .rodata             const    0x0800c914    0x1c  sdcdtu.o [1]
  .rodata             const    0x0800c930    0x1c  sdcdtu.o [1]
  .rodata             const    0x0800c94c    0x1c  sensor_data_backup.o [1]
  .rodata             const    0x0800c968    0x1c  sim800.o [1]
  .text               ro code  0x0800c984    0x1a  cmain.o [5]
  .text               ro code  0x0800c99e     0x4  low_level_init.o [3]
  .text               ro code  0x0800c9a2     0x4  exit.o [3]
  .text               ro code  0x0800c9a8     0xa  cexit.o [5]
  .rodata             const    0x0800c9b4    0x18  gprs.o [1]
  .rodata             const    0x0800c9cc    0x18  gprs.o [1]
  .rodata             const    0x0800c9e4    0x18  gprs.o [1]
  .rodata             const    0x0800c9fc    0x18  gprs.o [1]
  .rodata             const    0x0800ca14    0x18  gprs.o [1]
  .rodata             const    0x0800ca2c    0x18  gprs.o [1]
  .rodata             const    0x0800ca44    0x18  gprs.o [1]
  .rodata             const    0x0800ca5c    0x18  gprs.o [1]
  .rodata             const    0x0800ca74    0x18  gprs.o [1]
  .rodata             const    0x0800ca8c    0x18  gprs.o [1]
  .rodata             const    0x0800caa4    0x18  gprs.o [1]
  .rodata             const    0x0800cabc    0x18  gprs.o [1]
  .rodata             const    0x0800cad4    0x18  sdcdtu.o [1]
  .rodata             const    0x0800caec    0x18  sdcdtu.o [1]
  .rodata             const    0x0800cb04    0x18  sdcdtu.o [1]
  .rodata             const    0x0800cb1c    0x18  sdcdtu.o [1]
  .rodata             const    0x0800cb34    0x18  sdcdtu.o [1]
  .rodata             const    0x0800cb4c    0x18  system_status.o [1]
  .rodata             const    0x0800cb64    0x18  system_status.o [1]
  .text               ro code  0x0800cb7c    0x16  xprout.o [3]
  .rodata             const    0x0800cb94    0x14  configure.o [1]
  .rodata             const    0x0800cba8    0x14  gprs.o [1]
  .rodata             const    0x0800cbbc    0x14  gprs.o [1]
  .rodata             const    0x0800cbd0    0x14  gprs.o [1]
  .rodata             const    0x0800cbe4    0x14  gprs.o [1]
  .rodata             const    0x0800cbf8    0x14  sdcdtu.o [1]
  .rodata             const    0x0800cc0c    0x14  sim800.o [1]
  .rodata             const    0x0800cc20    0x14  sim800.o [1]
  .rodata             const    0x0800cc34    0x14  sim800.o [1]
  .rodata             const    0x0800cc48    0x14  sim800.o [1]
  .rodata             const    0x0800cc5c    0x14  sim800.o [1]
  .rodata             const    0x0800cc70    0x10  configure.o [1]
  .rodata             const    0x0800cc80    0x10  sdcdtu.o [1]
  .rodata             const    0x0800cc90    0x10  senprote-rs3010K.o [1]
  .rodata             const    0x0800cca0    0x10  senproto-rst460.o [1]
  .rodata             const    0x0800ccb0    0x10  senproto-zbm001.o [1]
  .rodata             const    0x0800ccc0    0x10  sim800.o [1]
  .rodata             const    0x0800ccd0    0x10  sim800.o [1]
  .rodata             const    0x0800cce0    0x10  sim800.o [1]
  .rodata             const    0x0800ccf0    0x10  sim800.o [1]
  .rodata             const    0x0800cd00    0x10  sim800.o [1]
  .rodata             const    0x0800cd10    0x10  sim800.o [1]
  .rodata             const    0x0800cd20    0x10  sim800.o [1]
  .text               ro code  0x0800cd30    0x10  startup_stm32f10x_md.o [1]
  .rodata             const    0x0800cd40     0xc  etimer.o [1]
  .rodata             const    0x0800cd4c     0xc  gprs.o [1]
  .rodata             const    0x0800cd58     0xc  logger.o [1]
  .rodata             const    0x0800cd64     0xc  senprote-t770.o [1]
  .rodata             const    0x0800cd70     0xc  senprote-t800.o [1]
  .rodata             const    0x0800cd7c     0xc  senprote-t830.o [1]
  .rodata             const    0x0800cd88     0xc  senprote-water.o [1]
  .rodata             const    0x0800cd94     0xc  sim800.o [1]
  .rodata             const    0x0800cda0     0xc  sim800.o [1]
  .rodata             const    0x0800cdac     0xc  sim800.o [1]
  .rodata             const    0x0800cdb8     0xc  usart.o [1]
  .text               ro code  0x0800cdc4     0xc  cstartup_M.o [5]
  .rodata             const    0x0800cdd0     0x8  gprs.o [1]
  .rodata             const    0x0800cdd8     0x8  sim800.o [1]
  .text               ro code  0x0800cde0     0x4  startup_stm32f10x_md.o [1]
  .text               ro code  0x0800cde4     0x4  startup_stm32f10x_md.o [1]
  .text               ro code  0x0800cde8     0x4  startup_stm32f10x_md.o [1]
  .text               ro code  0x0800cdec     0x4  startup_stm32f10x_md.o [1]
  .text               ro code  0x0800cdf0     0x4  startup_stm32f10x_md.o [1]
  .text               ro code  0x0800cdf4     0x4  startup_stm32f10x_md.o [1]
  .text               ro code  0x0800cdf8     0x4  startup_stm32f10x_md.o [1]
  .text               ro code  0x0800cdfc     0x4  startup_stm32f10x_md.o [1]
  .text               ro code  0x0800ce00     0x4  startup_stm32f10x_md.o [1]
  .text               ro code  0x0800ce04     0x4  startup_stm32f10x_md.o [1]
  .text               ro code  0x0800ce08     0x4  startup_stm32f10x_md.o [1]
  .text               ro code  0x0800ce0c     0x4  startup_stm32f10x_md.o [1]
  .text               ro code  0x0800ce10     0x4  startup_stm32f10x_md.o [1]
  .text               ro code  0x0800ce14     0x4  startup_stm32f10x_md.o [1]
  .text               ro code  0x0800ce18     0x4  startup_stm32f10x_md.o [1]
  .text               ro code  0x0800ce1c     0x4  startup_stm32f10x_md.o [1]
  .text               ro code  0x0800ce20     0x4  startup_stm32f10x_md.o [1]
  .text               ro code  0x0800ce24     0x4  startup_stm32f10x_md.o [1]
  .text               ro code  0x0800ce28     0x4  startup_stm32f10x_md.o [1]
  .text               ro code  0x0800ce2c     0x4  startup_stm32f10x_md.o [1]
  .text               ro code  0x0800ce30     0x4  startup_stm32f10x_md.o [1]
  .text               ro code  0x0800ce34     0x4  startup_stm32f10x_md.o [1]
  .text               ro code  0x0800ce38     0x4  startup_stm32f10x_md.o [1]
  .text               ro code  0x0800ce3c     0x4  startup_stm32f10x_md.o [1]
  .text               ro code  0x0800ce40     0x4  startup_stm32f10x_md.o [1]
  .text               ro code  0x0800ce44     0x4  startup_stm32f10x_md.o [1]
  .text               ro code  0x0800ce48     0x4  startup_stm32f10x_md.o [1]
  .text               ro code  0x0800ce4c     0x4  startup_stm32f10x_md.o [1]
  .text               ro code  0x0800ce50     0x4  startup_stm32f10x_md.o [1]
  .text               ro code  0x0800ce54     0x4  startup_stm32f10x_md.o [1]
  .text               ro code  0x0800ce58     0x4  startup_stm32f10x_md.o [1]
  .text               ro code  0x0800ce5c     0x4  startup_stm32f10x_md.o [1]
  .text               ro code  0x0800ce60     0x4  startup_stm32f10x_md.o [1]
  .text               ro code  0x0800ce64     0x4  startup_stm32f10x_md.o [1]
  .text               ro code  0x0800ce68     0x4  startup_stm32f10x_md.o [1]
  .text               ro code  0x0800ce6c     0x4  startup_stm32f10x_md.o [1]
  .text               ro code  0x0800ce70     0x4  startup_stm32f10x_md.o [1]
  .text               ro code  0x0800ce74     0x4  startup_stm32f10x_md.o [1]
  .text               ro code  0x0800ce78     0x4  startup_stm32f10x_md.o [1]
  .text               ro code  0x0800ce7c     0x4  startup_stm32f10x_md.o [1]
  .text               ro code  0x0800ce80     0x4  startup_stm32f10x_md.o [1]
  .text               ro code  0x0800ce84     0x4  startup_stm32f10x_md.o [1]
  .text               ro code  0x0800ce88     0x4  startup_stm32f10x_md.o [1]
  .text               ro code  0x0800ce8c     0x4  startup_stm32f10x_md.o [1]
  .text               ro code  0x0800ce90     0x4  startup_stm32f10x_md.o [1]
  .text               ro code  0x0800ce94     0x4  startup_stm32f10x_md.o [1]
  .text               ro code  0x0800ce98     0x4  startup_stm32f10x_md.o [1]
  .text               ro code  0x0800ce9c     0x4  startup_stm32f10x_md.o [1]
  .rodata             const    0x0800cea0     0x0  zero_init3.o [5]
  .rodata             const    0x0800cea0     0x0  lz77_init.o [5]
  Initializer bytes   const    0x0800cea0   0x1aa  <for P2 s0>
                             - 0x0800d04a  0xcf5e

"P2":                                      0x4bf8
  P2 s0                        0x20000000   0x354  <Init block>
    .data             inited   0x20000000    0xb0  gpio.o [1]
    .data             inited   0x200000b0    0x60  senif.o [1]
    __DLIB_PERTHREAD  inited   0x20000110    0x2c  xttotm.o [3]
    .data             inited   0x2000013c    0x20  senproto.o [1]
    .data             inited   0x2000015c    0x10  etimer.o [1]
    .data             inited   0x2000016c    0x10  gprs.o [1]
    .data             inited   0x2000017c    0x10  gprs.o [1]
    .data             inited   0x2000018c    0x10  sdcdtu.o [1]
    .data             inited   0x2000019c    0x10  sdcdtu.o [1]
    .data             inited   0x200001ac    0x10  sdcdtu.o [1]
    .data             inited   0x200001bc    0x10  sdcdtu.o [1]
    .data             inited   0x200001cc    0x10  sdcdtu.o [1]
    .data             inited   0x200001dc    0x10  sdcdtu.o [1]
    .data             inited   0x200001ec    0x10  sdcdtu.o [1]
    .data             inited   0x200001fc    0x10  sdcdtu.o [1]
    .data             inited   0x2000020c    0x10  sdcdtu.o [1]
    .data             inited   0x2000021c    0x10  sim800.o [1]
    .data             inited   0x2000022c    0x10  sim800.o [1]
    .data             inited   0x2000023c    0x10  sim800.o [1]
    .data             inited   0x2000024c    0x10  stm32f10x_rcc.o [1]
    .data             inited   0x2000025c    0x10  system_status.o [1]
    .data             inited   0x2000026c    0x10  system_status.o [1]
    .data             inited   0x2000027c     0xc  sdcdtu.o [1]
    .data             inited   0x20000288     0xc  sdcdtu.o [1]
    .data             inited   0x20000294     0xc  sdcdtu.o [1]
    .data             inited   0x200002a0     0xc  sdcdtu.o [1]
    .data             inited   0x200002ac     0xc  sdcdtu.o [1]
    .data             inited   0x200002b8     0xc  senif.o [1]
    .data             inited   0x200002c4     0xc  senif.o [1]
    .data             inited   0x200002d0     0xc  senif.o [1]
    .data             inited   0x200002dc     0xc  sevproto.o [1]
    .data             inited   0x200002e8     0xc  sim800.o [1]
    .data             inited   0x200002f4     0x8  senprote-rs3010K.o [1]
    .data             inited   0x200002fc     0x8  senprote-t770.o [1]
    .data             inited   0x20000304     0x8  senprote-t800.o [1]
    .data             inited   0x2000030c     0x8  senprote-t830.o [1]
    .data             inited   0x20000314     0x8  senprote-water.o [1]
    .data             inited   0x2000031c     0x8  senproto-rst460.o [1]
    .data             inited   0x20000324     0x8  senproto-zbm001.o [1]
    __DLIB_PERTHREAD  inited   0x2000032c     0x8  setlocale.o [3]
    .data             inited   0x20000334     0x4  sdcdtu.o [1]
    .data             inited   0x20000338     0x4  sdcdtu.o [1]
    .data             inited   0x2000033c     0x4  sdcdtu.o [1]
    .data             inited   0x20000340     0x4  sdcdtu.o [1]
    .data             inited   0x20000344     0x4  stm32f10x_rcc.o [1]
    __DLIB_PERTHREAD  inited   0x20000348     0x4  xisdst.o [3]
    __DLIB_PERTHREAD  inited   0x2000034c     0x4  xisdstData.o [3]
    __DLIB_PERTHREAD  inited   0x20000350     0x4  errno.o [3]
  .bss                zero     0x20000354   0x400  sim800.o [1]
  .bss                zero     0x20000754   0x200  sdcdtu.o [1]
  .bss                zero     0x20000954   0x200  sdcdtu.o [1]
  .bss                zero     0x20000b54   0x200  sdcdtu.o [1]
  .bss                zero     0x20000d54   0x200  sevproto.o [1]
  .bss                zero     0x20000f54   0x1d8  dlmalloc.o [3]
  .bss                zero     0x2000112c   0x180  process.o [1]
  .bss                zero     0x200012ac   0x158  spiffs_disk.o [1]
  .bss                zero     0x20001404   0x110  sdcdtu.o [1]
  .bss                zero     0x20001514   0x110  sim800.o [1]
  .bss                zero     0x20001624   0x100  sdcdtu.o [1]
  .bss                zero     0x20001724   0x100  sdcdtu.o [1]
  .bss                zero     0x20001824    0x80  sdcdtu.o [1]
  .bss                zero     0x200018a4    0x70  spiffs_disk.o [1]
  .bss                zero     0x20001914    0x40  usart_stream.o [1]
  .bss                zero     0x20001954    0x40  usart_stream.o [1]
  .bss                zero     0x20001994    0x18  dlmalloc.o [3]
  .bss                zero     0x200019ac    0x10  gprs.o [1]
  .bss                zero     0x200019bc    0x10  gprs.o [1]
  .bss                zero     0x200019cc    0x10  sdcdtu.o [1]
  .bss                zero     0x200019dc    0x10  sdcdtu.o [1]
  .bss                zero     0x200019ec    0x10  sdcdtu.o [1]
  .bss                zero     0x200019fc    0x10  sdcdtu.o [1]
  .bss                zero     0x20001a0c    0x10  sdcdtu.o [1]
  .bss                zero     0x20001a1c    0x10  sdcdtu.o [1]
  .bss                zero     0x20001a2c    0x10  sdcdtu.o [1]
  .bss                zero     0x20001a3c    0x10  sdcdtu.o [1]
  .bss                zero     0x20001a4c    0x10  sdcdtu.o [1]
  .bss                zero     0x20001a5c    0x10  sim800.o [1]
  .bss                zero     0x20001a6c    0x10  sim800.o [1]
  .bss                zero     0x20001a7c    0x10  system_status.o [1]
  .bss                zero     0x20001a8c    0x10  usart_stream.o [1]
  .bss                zero     0x20001a9c    0x10  usart_stream.o [1]
  .bss                zero     0x20001aac     0xc  sdcdtu.o [1]
  .bss                zero     0x20001ab8     0x4  etimer.o [1]
  .bss                zero     0x20001ac0     0x8  clock.o [1]
  .bss                zero     0x20001ac8     0x8  clock.o [1]
  .bss                zero     0x20001ad0     0x8  sdcdtu.o [1]
  .bss                zero     0x20001ad8     0x8  sdcdtu.o [1]
  .bss                zero     0x20001ae0     0x8  sdcdtu.o [1]
  .bss                zero     0x20001ae8     0x8  sim800.o [1]
  .bss                zero     0x20001af0     0x8  sim800.o [1]
  .bss                zero     0x20001af8     0x8  sim800.o [1]
  .bss                zero     0x20001b00     0x8  spiffs_disk.o [1]
  .bss                zero     0x20001b08     0x8  system_status.o [1]
  .bss                zero     0x20001b10     0x4  etimer.o [1]
  .bss                zero     0x20001b14     0x4  gprs.o [1]
  .bss                zero     0x20001b18     0x4  gprs.o [1]
  .bss                zero     0x20001b1c     0x4  gprs.o [1]
  .bss                zero     0x20001b20     0x4  gprs.o [1]
  .bss                zero     0x20001b24     0x4  gprs.o [1]
  .bss                zero     0x20001b28     0x4  process.o [1]
  .bss                zero     0x20001b2c     0x4  process.o [1]
  .bss                zero     0x20001b30     0x4  process.o [1]
  .bss                zero     0x20001b34     0x4  process.o [1]
  .bss                zero     0x20001b38     0x4  process.o [1]
  .bss                zero     0x20001b3c     0x4  sdcdtu.o [1]
  .bss                zero     0x20001b40     0x4  sdcdtu.o [1]
  .bss                zero     0x20001b44     0x4  sdcdtu.o [1]
  .bss                zero     0x20001b48     0x4  sdcdtu.o [1]
  .bss                zero     0x20001b4c     0x4  sdcdtu.o [1]
  .bss                zero     0x20001b50     0x4  sdcdtu.o [1]
  .bss                zero     0x20001b54     0x4  sdcdtu.o [1]
  .bss                zero     0x20001b58     0x4  sdcdtu.o [1]
  .bss                zero     0x20001b5c     0x4  sdcdtu.o [1]
  .bss                zero     0x20001b60     0x4  sdcdtu.o [1]
  .bss                zero     0x20001b64     0x4  sdcdtu.o [1]
  .bss                zero     0x20001b68     0x4  sdcdtu.o [1]
  .bss                zero     0x20001b6c     0x4  sdcdtu.o [1]
  .bss                zero     0x20001b70     0x4  sdcdtu.o [1]
  .bss                zero     0x20001b74     0x4  sdcdtu.o [1]
  .bss                zero     0x20001b78     0x4  sdcdtu.o [1]
  .bss                zero     0x20001b7c     0x4  sdcdtu.o [1]
  .bss                zero     0x20001b80     0x4  sdcdtu.o [1]
  .bss                zero     0x20001b84     0x4  sdcdtu.o [1]
  .bss                zero     0x20001b88     0x4  sdcdtu.o [1]
  .bss                zero     0x20001b8c     0x4  sdcdtu.o [1]
  .bss                zero     0x20001b90     0x4  sdcdtu.o [1]
  .bss                zero     0x20001b94     0x4  sevproto.o [1]
  .bss                zero     0x20001b98     0x4  sevproto.o [1]
  .bss                zero     0x20001b9c     0x4  sim800.o [1]
  .bss                zero     0x20001ba0     0x4  sim800.o [1]
  .bss                zero     0x20001ba4     0x4  sim800.o [1]
  .bss                zero     0x20001ba8     0x4  sim800.o [1]
  .bss                zero     0x20001bac     0x4  sim800.o [1]
  .bss                zero     0x20001bb0     0x4  sim800.o [1]
  .bss                zero     0x20001bb4     0x4  sim800.o [1]
  .bss                zero     0x20001bb8     0x4  sim800.o [1]
  .bss                zero     0x20001bbc     0x4  sim800.o [1]
  .bss                zero     0x20001bc0     0x4  sim800.o [1]
  .bss                zero     0x20001bc4     0x4  sim800.o [1]
  .bss                zero     0x20001bc8     0x4  sim800.o [1]
  .bss                zero     0x20001bcc     0x4  sim800.o [1]
  .bss                zero     0x20001bd0     0x4  sim800.o [1]
  .bss                zero     0x20001bd4     0x4  sim800.o [1]
  .bss                zero     0x20001bd8     0x4  usart.o [1]
  .bss                zero     0x20001bdc     0x4  usart.o [1]
  .bss                zero     0x20001be0     0x4  xgetmemchunk.o [3]
  .bss                zero     0x20001be4     0x1  gprs.o [1]
  .bss                zero     0x20001be5     0x1  gprs.o [1]
  .bss                zero     0x20001be6     0x1  gprs.o [1]
  .bss                zero     0x20001be7     0x1  gprs.o [1]
  .bss                zero     0x20001be8     0x1  gprs.o [1]
  .bss                zero     0x20001be9     0x1  process.o [1]
  .bss                zero     0x20001bea     0x1  process.o [1]
  .bss                zero     0x20001beb     0x1  process.o [1]
  .bss                zero     0x20001bec     0x1  process.o [1]
  .bss                zero     0x20001bed     0x1  process.o [1]
  .bss                zero     0x20001bee     0x1  process.o [1]
  .bss                zero     0x20001bef     0x1  senprote-rs3010K.o [1]
  .bss                zero     0x20001bf0     0x1  senprote-t770.o [1]
  .bss                zero     0x20001bf1     0x1  senprote-t800.o [1]
  .bss                zero     0x20001bf2     0x1  senprote-t830.o [1]
  .bss                zero     0x20001bf3     0x1  senprote-water.o [1]
  .bss                zero     0x20001bf4     0x1  senproto-rst460.o [1]
  .bss                zero     0x20001bf5     0x1  senproto-zbm001.o [1]
  CSTACK                       0x20001bf8  0x1000  <Block>
    CSTACK            uninit   0x20001bf8  0x1000  <Block tail>
  HEAP                         0x20002bf8  0x2000  <Block>
    HEAP              uninit   0x20002bf8  0x2000  <Block tail>
                             - 0x20004bf8  0x4bf8


*******************************************************************************
*** INIT TABLE
***

          Address     Size
          -------     ----
Zero (__iar_zero_init3)
    1 destination range, total size 0x18a2:
          0x20000354  0x18a2

Copy/lz77 (__iar_lz77_init3)
    1 source range, total size 0x1aa (50% of destination):
          0x0800cea0   0x1aa
    1 destination range, total size 0x354:
          0x20000000   0x354



*******************************************************************************
*** MODULE SUMMARY
***

    Module                  ro code  ro data  rw data
    ------                  -------  -------  -------
D:\Ruhr\Xiongmao\github\DTU1.0\project\Debug\Obj: [1]
    battery.o                   712       36
    clock.o                     312                16
    configure.o                 252       36
    crc.o                       372
    deviceid.o                   44
    etimer.o                    424       20       24
    fifo.o                      270
    framebuff.o                 266
    gpio.o                      218       88      176
    gprs.o                    1 808      544       89
    list.o                      178
    logger.o                    164       12
    main.o                      128
    memb.o                      160
    misc.o                      176
    process.o                   848               410
    rtc.o                       306
    sdcdtu.o                  5 652      322    2 936
    senif.o                     404       66      132
    senprote-rs3010K.o          624      532        9
    senprote-t770.o             492      528        9
    senprote-t800.o             480      528        9
    senprote-t830.o             480      528        9
    senprote-water.o            480      528        9
    senproto-rst460.o           416       20        9
    senproto-zbm001.o           760      532        9
    senproto.o                   24       16       32
    sensor_data_backup.o        700       28
    sevproto.o                  328        6      532
    sim800.o                  5 520    1 038    1 472
    spiffs_disk.o             3 518               464
    spiflash.o                  696
    startup_stm32f10x_md.o      444
    stm32f10x_adc.o             506
    stm32f10x_bkp.o              80
    stm32f10x_crc.o              12
    stm32f10x_flash.o            28
    stm32f10x_gpio.o            366
    stm32f10x_iwdg.o             56
    stm32f10x_pwr.o             104
    stm32f10x_rcc.o             664       10       20
    stm32f10x_rtc.o             264
    stm32f10x_spi.o             162
    stm32f10x_usart.o           416
    system_status.o             308       64       56
    timer.o                      46
    usart.o                     584       12        8
    usart_stream.o              276               160
    -------------------------------------------------
    Total:                   31 528    5 494    6 590

command line: [2]
    -------------------------------------------------
    Total:

dl7M_tln.a: [3]
    abort.o                       6
    div.o                        14
    dlmalloc.o                5 392               496
    errno.o                      12        2        4
    exit.o                        4
    getzone.o                    10
    gmtime.o                     10
    low_level_init.o              4
    printf.o                     36
    putchar.o                    40
    setlocale.o                  41        4        8
    sprintf.o                    52
    sscanf.o                     36
    vla_alloc.o                  22
    xgetdst.o                   356
    xgetmemchunk.o               44                 4
    xgettime.o                   66
    xisdst.o                    308        2        4
    xisdstData.o                           2        4
    xprintffull_nomb.o        3 502
    xprout.o                     22
    xscanfsmall_nomb.o        1 288
    xsprout.o                    10
    xsscin.o                     30
    xstol.o                     134
    xstoul.o                    412
    xtls.o                        2
    xttotm.o                    392       22       44
    -------------------------------------------------
    Total:                   12 245       32      564

m7M_tl.a: [4]
    DblAdd.o                    212
    DblCmpGe.o                   46
    DblCmpLe.o                   46
    DblDiv.o                    598
    DblMul.o                    418
    DblSub.o                    384
    DblToI32.o                   88
    FltToDbl.o                   78
    I32ToDbl.o                   48
    xdnorm.o                     66
    xdscale.o                   272
    -------------------------------------------------
    Total:                    2 256

rt7M_tl.a: [5]
    ABImemcpy_unaligned.o       118
    ABImemmove_unaligned.o      120
    ABImemset.o                 102
    I64DivMod.o                 306
    I64DivZer.o                   2
    cexit.o                      10
    cmain.o                      26
    cstartup_M.o                 12
    data_init.o                  40
    lz77_init.o                 450
    memchr.o                     88
    memcmp_unaligned.o           98
    strchr.o                     22
    strcmp_unaligned.o           66
    strcpy_unaligned.o           68
    strlen.o                     54
    zero_init3.o                 64
    -------------------------------------------------
    Total:                    1 646

shb_l.a: [6]
    exit.o                       20
    -------------------------------------------------
    Total:                       20

    Gaps                         53        4        4
    Linker created                        44   12 288
-----------------------------------------------------
    Grand Total:             47 748    5 574   19 446


*******************************************************************************
*** ENTRY LIST
***

Entry                      Address   Size  Type      Object
-----                      -------   ----  ----      ------
.iar.init_table$$Base   0x0800c81c          --   Gb  - Linker created -
.iar.init_table$$Limit  0x0800c848          --   Gb  - Linker created -
?main                   0x0800c985         Code  Gb  cmain.o [5]
ADCPrescTable           0x20000344    0x4  Data  Lc  stm32f10x_rcc.o [1]
ADC_Cmd                 0x080077d3   0x1a  Code  Gb  stm32f10x_adc.o [1]
ADC_GetCalibrationStatus
                        0x08007819   0x18  Code  Gb  stm32f10x_adc.o [1]
ADC_GetConversionValue  0x08007939    0x6  Code  Gb  stm32f10x_adc.o [1]
ADC_GetFlagStatus       0x08007949   0x1a  Code  Gb  stm32f10x_adc.o [1]
ADC_GetResetCalibrationStatus
                        0x080077f7   0x18  Code  Gb  stm32f10x_adc.o [1]
ADC_Init                0x08007769   0x50  Code  Gb  stm32f10x_adc.o [1]
ADC_RegularChannelConfig
                        0x0800784b   0xee  Code  Gb  stm32f10x_adc.o [1]
ADC_ResetCalibration    0x080077ed    0xa  Code  Gb  stm32f10x_adc.o [1]
ADC_SoftwareStartConvCmd
                        0x08007831   0x1a  Code  Gb  stm32f10x_adc.o [1]
ADC_StartCalibration    0x0800780f    0xa  Code  Gb  stm32f10x_adc.o [1]
ADC_StructInit          0x080077b9   0x1a  Code  Gb  stm32f10x_adc.o [1]
APBAHBPrescTable        0x2000024c   0x10  Data  Lc  stm32f10x_rcc.o [1]
BKP_ClearFlag           0x08005ee1    0xe  Code  Gb  stm32f10x_bkp.o [1]
BKP_ReadBackupRegister  0x08005ec5   0x1c  Code  Gb  stm32f10x_bkp.o [1]
BKP_WriteBackupRegister
                        0x08005ea9   0x1c  Code  Gb  stm32f10x_bkp.o [1]
CRC_ResetDR             0x08008dad    0x8  Code  Gb  stm32f10x_crc.o [1]
CSTACK$$Base            0x20001bf8          --   Gb  - Linker created -
CSTACK$$Limit           0x20002bf8          --   Gb  - Linker created -
FLASH_SetLatency        0x08008db9   0x18  Code  Gb  stm32f10x_flash.o [1]
GPIO_Init               0x080075f9  0x136  Code  Gb  stm32f10x_gpio.o [1]
GPIO_ReadInputDataBit   0x0800772f   0x1a  Code  Gb  stm32f10x_gpio.o [1]
GPIO_ResetBits          0x0800774f    0x6  Code  Gb  stm32f10x_gpio.o [1]
GPIO_SetBits            0x08007749    0x6  Code  Gb  stm32f10x_gpio.o [1]
GPIO_WriteBit           0x08007755   0x12  Code  Gb  stm32f10x_gpio.o [1]
HEAP$$Base              0x20002bf8          --   Gb  - Linker created -
HEAP$$Limit             0x20004bf8          --   Gb  - Linker created -
IWDG_Enable             0x0800b83f    0xa  Code  Gb  stm32f10x_iwdg.o [1]
IWDG_ReloadCounter      0x0800b835    0xa  Code  Gb  stm32f10x_iwdg.o [1]
IWDG_SetPrescaler       0x0800b825    0x8  Code  Gb  stm32f10x_iwdg.o [1]
IWDG_SetReload          0x0800b82d    0x8  Code  Gb  stm32f10x_iwdg.o [1]
IWDG_WriteAccessCmd     0x0800b81d    0x8  Code  Gb  stm32f10x_iwdg.o [1]
InStream_Read           0x0800b385   0x22  Code  Lc  lz77_init.o [5]
LoadInt                 0x08008589   0x6e  Code  Lc  xprintffull_nomb.o [3]
NVIC_Init               0x08008ddf   0x6c  Code  Gb  misc.o [1]
NVIC_PriorityGroupConfig
                        0x08008dd5    0xa  Code  Gb  misc.o [1]
NVIC_SetPriority        0x080064e9   0x26  Code  Lc  clock.o [1]
OutStream_Write         0x0800b3a7   0x40  Code  Lc  lz77_init.o [5]
PWR_BackupAccessCmd     0x08005e41    0x8  Code  Gb  stm32f10x_pwr.o [1]
PWR_ClearFlag           0x08005e8b    0xe  Code  Gb  stm32f10x_pwr.o [1]
PWR_EnterSTANDBYMode    0x08005e49   0x28  Code  Gb  stm32f10x_pwr.o [1]
PWR_GetFlagStatus       0x08005e71   0x1a  Code  Gb  stm32f10x_pwr.o [1]
RCC_ADCCLKConfig        0x08006083   0x14  Code  Gb  stm32f10x_rcc.o [1]
RCC_AHBPeriphClockCmd   0x080061b9   0x1e  Code  Gb  stm32f10x_rcc.o [1]
RCC_APB1PeriphClockCmd  0x080061f5   0x1e  Code  Gb  stm32f10x_rcc.o [1]
RCC_APB2PeriphClockCmd  0x080061d7   0x1e  Code  Gb  stm32f10x_rcc.o [1]
RCC_GetClocksFreq       0x080060d7   0xe2  Code  Gb  stm32f10x_rcc.o [1]
RCC_GetFlagStatus       0x08006213   0x50  Code  Gb  stm32f10x_rcc.o [1]
RCC_GetSYSCLKSource     0x0800603b    0xa  Code  Gb  stm32f10x_rcc.o [1]
RCC_HCLKConfig          0x08006045   0x14  Code  Gb  stm32f10x_rcc.o [1]
RCC_LSEConfig           0x08006097   0x2c  Code  Gb  stm32f10x_rcc.o [1]
RCC_PCLK1Config         0x08006059   0x14  Code  Gb  stm32f10x_rcc.o [1]
RCC_PCLK2Config         0x0800606d   0x16  Code  Gb  stm32f10x_rcc.o [1]
RCC_PLLCmd              0x0800601d    0xa  Code  Gb  stm32f10x_rcc.o [1]
RCC_PLLConfig           0x08006001   0x1c  Code  Gb  stm32f10x_rcc.o [1]
RCC_RTCCLKCmd           0x080060cf    0x8  Code  Gb  stm32f10x_rcc.o [1]
RCC_RTCCLKConfig        0x080060c3    0xc  Code  Gb  stm32f10x_rcc.o [1]
RCC_SYSCLKConfig        0x08006027   0x14  Code  Gb  stm32f10x_rcc.o [1]
RTCAlarm_IRQHandler     0x08001f65    0xa  Code  Gb  rtc.o [1]
RTC_ClearFlag           0x08005fd5    0xc  Code  Gb  stm32f10x_rtc.o [1]
RTC_EnterConfigMode     0x08005f17    0xe  Code  Gb  stm32f10x_rtc.o [1]
RTC_ExitConfigMode      0x08005f25   0x10  Code  Gb  stm32f10x_rtc.o [1]
RTC_GetCounter          0x08005f35   0x16  Code  Gb  stm32f10x_rtc.o [1]
RTC_GetFlagStatus       0x08005fb9   0x1c  Code  Gb  stm32f10x_rtc.o [1]
RTC_ITConfig            0x08005ef9   0x1e  Code  Gb  stm32f10x_rtc.o [1]
RTC_SetAlarm            0x08005f7f   0x18  Code  Gb  stm32f10x_rtc.o [1]
RTC_SetCounter          0x08005f4b   0x18  Code  Gb  stm32f10x_rtc.o [1]
RTC_SetPrescaler        0x08005f63   0x1c  Code  Gb  stm32f10x_rtc.o [1]
RTC_WaitForLastTask     0x08005f97    0xa  Code  Gb  stm32f10x_rtc.o [1]
RTC_WaitForSynchro      0x08005fa1   0x18  Code  Gb  stm32f10x_rtc.o [1]
Region$$Table$$Base     0x0800c81c          --   Gb  - Linker created -
Region$$Table$$Limit    0x0800c848          --   Gb  - Linker created -
SPI_Cmd                 0x08009fef   0x1c  Code  Gb  stm32f10x_spi.o [1]
SPI_FLASH_ChipSelect    0x08008fa9   0x22  Code  Lc  spiflash.o [1]
SPI_FLASH_Init          0x080091a5   0xae  Code  Gb  spiflash.o [1]
SPI_FLASH_Read          0x08009171   0x34  Code  Gb  spiflash.o [1]
SPI_FLASH_SectorErase   0x080090e1   0x26  Code  Gb  spiflash.o [1]
SPI_FLASH_SelectProtect
                        0x08008ffd   0x5a  Code  Lc  spiflash.o [1]
SPI_FLASH_SendCommandAndAddress
                        0x08009083   0x2a  Code  Lc  spiflash.o [1]
SPI_FLASH_SwapByte      0x08008fcb   0x32  Code  Lc  spiflash.o [1]
SPI_FLASH_WaitForBusy   0x080090ad   0x34  Code  Lc  spiflash.o [1]
SPI_FLASH_Write         0x08009107   0x6a  Code  Gb  spiflash.o [1]
SPI_FLASH_WriteDisable  0x0800906d   0x16  Code  Lc  spiflash.o [1]
SPI_FLASH_WriteEnable   0x08009057   0x16  Code  Lc  spiflash.o [1]
SPI_I2S_GetFlagStatus   0x0800a013   0x18  Code  Gb  stm32f10x_spi.o [1]
SPI_I2S_ReceiveData     0x0800a00f    0x4  Code  Gb  stm32f10x_spi.o [1]
SPI_I2S_SendData        0x0800a00b    0x4  Code  Gb  stm32f10x_spi.o [1]
SPI_Init                0x08009f89   0x40  Code  Gb  stm32f10x_spi.o [1]
SPI_StructInit          0x08009fc9   0x26  Code  Gb  stm32f10x_spi.o [1]
SysTick_CLKSourceConfig
                        0x08008e4b   0x20  Code  Gb  misc.o [1]
SysTick_Config          0x0800650f   0x30  Code  Lc  clock.o [1]
SysTick_Handler         0x080065d5   0x2c  Code  Gb  clock.o [1]
SystemInit              0x0800c5e5    0x2  Code  Gb  main.o [1]
USART1_IRQHandler       0x08007f57   0x3c  Code  Gb  usart.o [1]
USART2_IRQHandler       0x08007f93   0x26  Code  Gb  usart.o [1]
USART_Cmd               0x080095d5   0x1c  Code  Gb  stm32f10x_usart.o [1]
USART_GetFlagStatus     0x08009657   0x1e  Code  Gb  stm32f10x_usart.o [1]
USART_ITConfig          0x080095f1   0x56  Code  Gb  stm32f10x_usart.o [1]
USART_Init              0x080094d5   0xde  Code  Gb  stm32f10x_usart.o [1]
USART_ReceiveData       0x0800964f    0x8  Code  Gb  stm32f10x_usart.o [1]
USART_STREAM1_data_buffer
                        0x20001914   0x40  Data  Lc  usart_stream.o [1]
USART_STREAM1_fifo      0x20001a8c   0x10  Data  Lc  usart_stream.o [1]
USART_STREAM1_input_handler
                        0x08006625   0x10  Code  Gb  usart_stream.o [1]
USART_STREAM2_data_buffer
                        0x20001954   0x40  Data  Lc  usart_stream.o [1]
USART_STREAM2_fifo      0x20001a9c   0x10  Data  Lc  usart_stream.o [1]
USART_STREAM2_input_handler
                        0x08006635   0x10  Code  Gb  usart_stream.o [1]
USART_SendData          0x08009647    0x8  Code  Gb  stm32f10x_usart.o [1]
USART_StructInit        0x080095b9   0x1c  Code  Gb  stm32f10x_usart.o [1]
YYCURSOR                0x20001bc4    0x4  Data  Gb  sim800.o [1]
YYMARKER                0x20001bcc    0x4  Data  Gb  sim800.o [1]
YYSTART                 0x20001bc8    0x4  Data  Gb  sim800.o [1]
_GenldFullNoMb          0x08008aff  0x264  Code  Lc  xprintffull_nomb.o [3]
_GetN                   0x08009675   0x22  Code  Lc  xscanfsmall_nomb.o [3]
_Getdst                 0x0800a4f9  0x13c  Code  Gb  xgetdst.o [3]
_GetintSmallNoMb        0x08009953  0x214  Code  Lc  xscanfsmall_nomb.o [3]
_GetstrSmallNoMb        0x0800989f   0xb4  Code  Lc  xscanfsmall_nomb.o [3]
_Gettime                0x0800a48f   0x42  Code  Gb  xgettime.o [3]
_IsdstStr               0x20000330    0x4  Data  Gb  setlocale.o [3]
_Isdst_olddst           0x20000348    0x4  Data  Lc  xisdst.o [3]
_Isdst_rules            0x2000034c    0x4  Data  Gb  xisdstData.o [3]
_LdtobFullNoMb          0x080086fd  0x3fc  Code  Lc  xprintffull_nomb.o [3]
_LitobFullNoMb          0x080085f7  0x106  Code  Lc  xprintffull_nomb.o [3]
_PrintfFullNoMb         0x08007ffd  0x586  Code  Gb  xprintffull_nomb.o [3]
_Prout                  0x0800cb7d   0x16  Code  Gb  xprout.o [3]
_PutcharsFullNoMb       0x08008d63   0x2e  Code  Lc  xprintffull_nomb.o [3]
_SProut                 0x0800244f    0xa  Code  Gb  xsprout.o [3]
_SScin                  0x08001f6f   0x1e  Code  Gb  xsscin.o [3]
_ScanfSmallNoMb         0x080096b1  0x1e8  Code  Gb  xscanfsmall_nomb.o [3]
_Ttotm_ts               0x20000110   0x2c  Data  Lc  xttotm.o [3]
_TzoneStr               0x2000032c    0x4  Data  Gb  setlocale.o [3]
_UngetN                 0x08009697   0x1a  Code  Lc  xscanfsmall_nomb.o [3]
__aeabi_cdcmple         0x08009c31         Code  Gb  DblCmpLe.o [4]
__aeabi_cdrcmple        0x08009c61         Code  Gb  DblCmpGe.o [4]
__aeabi_d2iz            0x08009da1         Code  Gb  DblToI32.o [4]
__aeabi_d2uiz           0x08009dcd         Code  Gb  DblToI32.o [4]
__aeabi_ddiv            0x08007b39         Code  Gb  DblDiv.o [4]
__aeabi_dmul            0x08007995         Code  Gb  DblMul.o [4]
__aeabi_dsub            0x08009df9         Code  Gb  DblSub.o [4]
__aeabi_errno_addr      0x0800a635    0x6  Code  Gb  errno.o [3]
__aeabi_f2d             0x0800a939         Code  Gb  FltToDbl.o [4]
__aeabi_i2d             0x08007965         Code  Gb  I32ToDbl.o [4]
__aeabi_ldiv0           0x08006621         Code  Gb  I64DivZer.o [5]
__aeabi_ldivmod         0x0800227d         Code  Gb  I64DivMod.o [5]
__aeabi_memset          0x08004051         Code  Gb  ABImemset.o [5]
__aeabi_ui2d            0x08007979         Code  Gb  I32ToDbl.o [4]
__aeabi_uldivmod        0x080022c1         Code  Gb  I64DivMod.o [5]
__cmain                 0x0800c985         Code  Gb  cmain.o [5]
__data_GetMemChunk      0x080067b9   0x2c  Code  Gb  xgetmemchunk.o [3]
__error                 0x20001b98    0x4  Data  Lc  sevproto.o [1]
__exit                  0x08008f95   0x14  Code  Gb  exit.o [6]
__getzone               0x0800a485    0x6  Code  Gb  getzone.o [3]
__gmtime32              0x080075ef    0xa  Code  Gb  gmtime.o [3]
__iar_Daysto32          0x0800934d   0x3a  Code  Gb  xttotm.o [3]
__iar_Dnorm             0x08009bed   0x42  Code  Gb  xdnorm.o [4]
__iar_Dscale            0x08009c91  0x110  Code  Gb  xdscale.o [4]
__iar_Errno             0x20000350    0x4  Data  Gb  errno.o [3]
__iar_Isdst32           0x0800a02d  0x134  Code  Gb  xisdst.o [3]
__iar_Memchr            0x08009b95         Code  Gb  memchr.o [5]
__iar_Memset            0x08004051         Code  Gb  ABImemset.o [5]
__iar_Memset_word       0x08004059         Code  Gb  ABImemset.o [5]
__iar_Stolx             0x0800a161   0x86  Code  Gb  xstol.o [3]
__iar_Stoul             0x0800a331    0x4  Code  Gb  xstoul.o [3]
__iar_Stoulx            0x0800a1e9  0x142  Code  Gb  xstoul.o [3]
__iar_Strchr            0x08009b7d         Code  Gb  strchr.o [5]
__iar_Ttotm32           0x08009387  0x112  Code  Gb  xttotm.o [3]
__iar_TzoneStr_init     0x0800a459   0x24  Code  Gb  setlocale.o [3]
__iar_d2uiz             0x08009dd9         Code  Gb  DblToI32.o [4]
__iar_dadd              0x0800a385         Code  Gb  DblAdd.o [4]
__iar_data_init3        0x0800c7d1   0x28  Code  Gb  data_init.o [5]
__iar_dlfree            0x08003b39  0x510  Code  Gb  dlmalloc.o [3]
__iar_dlib_perthread_access
                        0x0800a02b    0x2  Code  Gb  xtls.o [3]
__iar_dlmalloc          0x08003879  0x2b4  Code  Gb  dlmalloc.o [3]
__iar_dsub              0x08009e0d         Code  Gb  DblSub.o [4]
__iar_dsubStart         0x08009e1f         Code  Gb  DblSub.o [4]
__iar_lz77_init3        0x0800b3e7  0x160  Code  Gb  lz77_init.o [5]
__iar_program_start     0x0800cdc5         Code  Gb  cstartup_M.o [5]
__iar_strcmp            0x08009261         Code  Gb  strcmp_unaligned.o [5]
__iar_ui2d              0x0800797d         Code  Gb  I32ToDbl.o [4]
__iar_unaligned___aeabi_memcpy
                        0x080040b9         Code  Gb  ABImemcpy_unaligned.o [5]
__iar_unaligned___aeabi_memcpy4
                        0x080040d9         Code  Gb  ABImemcpy_unaligned.o [5]
__iar_unaligned___aeabi_memcpy8
                        0x080040d9         Code  Gb  ABImemcpy_unaligned.o [5]
__iar_unaligned___aeabi_memmove
                        0x08006739         Code  Gb  ABImemmove_unaligned.o [5]
__iar_unaligned___aeabi_memmove4
                        0x08006739         Code  Gb  ABImemmove_unaligned.o [5]
__iar_unaligned___aeabi_memmove8
                        0x08006739         Code  Gb  ABImemmove_unaligned.o [5]
__iar_unaligned_memcmp  0x080092e9         Code  Gb  memcmp_unaligned.o [5]
__iar_unaligned_strcmp  0x08009261         Code  Gb  strcmp_unaligned.o [5]
__iar_unaligned_strcpy  0x080092a5         Code  Gb  strcpy_unaligned.o [5]
__iar_vla_alloc2        0x080067e5   0x12  Code  Gb  vla_alloc.o [3]
__iar_vla_dealloc2      0x080067f7    0x4  Code  Gb  vla_alloc.o [3]
__iar_zero_init3        0x0800c6b9   0x40  Code  Gb  zero_init3.o [5]
__low_level_init        0x0800c99f    0x4  Code  Gb  low_level_init.o [3]
__seq                   0x20001b94    0x4  Data  Lc  sevproto.o [1]
__vector_table          0x08000000         Data  Gb  startup_stm32f10x_md.o [1]
__write                 0x0800c5e7    0x6  Code  Gb  main.o [1]
_call_main              0x0800c991         Code  Gb  cmain.o [5]
_exit                   0x0800c9a9         Code  Gb  cexit.o [5]
_gm_                    0x20000f54  0x1d8  Data  Lc  dlmalloc.o [3]
_main                   0x0800c99b         Code  Gb  cmain.o [5]
abort                   0x080067b1    0x6  Code  Gb  abort.o [3]
adc_init                0x080045c5   0x82  Code  Lc  battery.o [1]
adc_read                0x08004647   0x1e  Code  Lc  battery.o [1]
add_timer               0x08002213   0x42  Code  Lc  etimer.o [1]
address_backup          0x20001bef    0x1  Data  Lc  senprote-rs3010K.o [1]
address_backup          0x20001bf0    0x1  Data  Lc  senprote-t770.o [1]
address_backup          0x20001bf1    0x1  Data  Lc  senprote-t800.o [1]
address_backup          0x20001bf2    0x1  Data  Lc  senprote-t830.o [1]
address_backup          0x20001bf3    0x1  Data  Lc  senprote-water.o [1]
address_backup          0x20001bf4    0x1  Data  Lc  senproto-rst460.o [1]
address_backup          0x20001bf5    0x1  Data  Lc  senproto-zbm001.o [1]
app_process             0x20001b9c    0x4  Data  Lc  sim800.o [1]
backup_check_time       0x080042c9   0x44  Code  Lc  sensor_data_backup.o [1]
backup_clean            0x08004271   0x58  Code  Gb  sensor_data_backup.o [1]
backup_commit_process   0x200001fc   0x10  Data  Gb  sdcdtu.o [1]
backup_init             0x0800420d   0x64  Code  Gb  sensor_data_backup.o [1]
backup_pop              0x0800430d   0xf2  Code  Gb  sensor_data_backup.o [1]
backup_push             0x080043ff   0xc0  Code  Gb  sensor_data_backup.o [1]
battery_check_power     0x080046f7   0x74  Code  Gb  battery.o [1]
battery_init            0x0800484d   0x24  Code  Gb  battery.o [1]
battery_read            0x0800476b   0xe2  Code  Gb  battery.o [1]
call_process            0x08002787   0x4a  Code  Lc  process.o [1]
callbacks               0x20001b14    0x4  Data  Lc  gprs.o [1]
cgatt_data              0x20001ba4    0x4  Data  Lc  sim800.o [1]
charg_state             0x08004665    0xa  Code  Lc  battery.o [1]
checksum_calc           0x0800b597   0x1e  Code  Gb  senproto-rst460.o [1]
cifsr_data              0x20001a5c   0x10  Data  Lc  sim800.o [1]
clock_init              0x0800653f   0x8e  Code  Gb  clock.o [1]
clock_time              0x080065cd    0x8  Code  Gb  clock.o [1]
cmd_buffer_dataptr      0x08005829    0x4  Code  Lc  sim800.o [1]
cmd_buffer_init         0x0800580f   0x1a  Code  Lc  sim800.o [1]
cmd_buffer_length       0x0800582d    0x8  Code  Lc  sim800.o [1]
cmd_buffer_push_byte    0x0800583f   0x10  Code  Lc  sim800.o [1]
cmd_buffer_size         0x08005835    0xa  Code  Lc  sim800.o [1]
cmdbuffs                0x200002e8    0xc  Data  Lc  sim800.o [1]
cmdbuffs_memb_count     0x20001bd4    0x4  Data  Lc  sim800.o [1]
cmdbuffs_memb_mem       0x20001514  0x110  Data  Lc  sim800.o [1]
commit_buff             0x200002ac    0xc  Data  Lc  sdcdtu.o [1]
configure_data_buffer   0x20001404  0x110  Data  Lc  sdcdtu.o [1]
configure_read          0x080044c9   0x68  Code  Gb  configure.o [1]
configure_update_apply  0x0800459f   0x18  Code  Gb  configure.o [1]
configure_update_check  0x0800459b    0x4  Code  Gb  configure.o [1]
configure_update_init   0x08004531   0x26  Code  Gb  configure.o [1]
configure_update_process
                        0x200001cc   0x10  Data  Gb  sdcdtu.o [1]
configure_update_push   0x08004557   0x44  Code  Gb  configure.o [1]
cpin_status             0x20001ba0    0x4  Data  Lc  sim800.o [1]
crc16                   0x0800a989   0x3a  Code  Lc  senprote-rs3010K.o [1]
crc16                   0x0800abf9   0x3a  Code  Lc  senprote-t770.o [1]
crc16                   0x0800ade5   0x3a  Code  Lc  senprote-t800.o [1]
crc16                   0x0800afc5   0x3a  Code  Lc  senprote-t830.o [1]
crc16                   0x0800b1a5   0x3a  Code  Lc  senprote-water.o [1]
crc32_calc              0x080063ef   0xe8  Code  Gb  crc.o [1]
crc_init                0x08006375   0x10  Code  Gb  crc.o [1]
creg_data               0x20001af0    0x8  Data  Lc  sim800.o [1]
csq_data                0x20001ae8    0x8  Data  Lc  sim800.o [1]
current_cmd_buffer      0x20001bd0    0x4  Data  Lc  sim800.o [1]
deviceid_read           0x08001e11   0x2c  Code  Gb  deviceid.o [1]
digits                  0x0800a334   0x28  Data  Lc  xstoul.o [3]
div                     0x08009f79    0xe  Code  Gb  div.o [3]
dl_SPIFFS_close         0x08007361   0xaa  Code  Gb  spiffs_disk.o [1]
dl_SPIFFS_creat         0x08007509   0x2a  Code  Gb  spiffs_disk.o [1]
dl_SPIFFS_info          0x080074c7   0x3c  Code  Gb  spiffs_disk.o [1]
dl_SPIFFS_lseek         0x08006acf   0xd4  Code  Gb  spiffs_disk.o [1]
dl_SPIFFS_open          0x08006ba3   0xb8  Code  Gb  spiffs_disk.o [1]
dl_SPIFFS_read          0x08006c5b  0x1ac  Code  Gb  spiffs_disk.o [1]
dl_SPIFFS_remove        0x0800740b   0xbc  Code  Gb  spiffs_disk.o [1]
dl_SPIFFS_rename        0x08007533   0x4e  Code  Gb  spiffs_disk.o [1]
dl_SPIFFS_stat          0x08006ab1   0x1e  Code  Gb  spiffs_disk.o [1]
dl_SPIFFS_write         0x08006e07  0x55a  Code  Gb  spiffs_disk.o [1]
dl_fs_init              0x08006831   0x62  Code  Gb  spiffs_disk.o [1]
do_event                0x08002835   0xc0  Code  Lc  process.o [1]
do_poll                 0x08002805   0x30  Code  Lc  process.o [1]
dtuconfig               0x20000334    0x4  Data  Gb  sdcdtu.o [1]
dtudata_commit_process  0x200001ec   0x10  Data  Gb  sdcdtu.o [1]
etimer_process          0x2000015c   0x10  Data  Gb  etimer.o [1]
etimer_request_poll     0x08002209    0xa  Code  Gb  etimer.o [1]
etimer_set              0x08002255   0x16  Code  Gb  etimer.o [1]
events                  0x2000112c  0x180  Data  Lc  process.o [1]
exit                    0x0800c9a3    0x4  Code  Gb  exit.o [3]
exit_process            0x080026ef   0x98  Code  Lc  process.o [1]
fevent                  0x20001beb    0x1  Data  Lc  process.o [1]
fifo_get_avlid          0x08008ead   0x12  Code  Gb  fifo.o [1]
fifo_get_length         0x08008e97   0x16  Code  Gb  fifo.o [1]
fifo_init               0x08008e85   0x12  Code  Gb  fifo.o [1]
fifo_pop                0x08008f1d   0x76  Code  Gb  fifo.o [1]
fifo_pop_byte           0x08008eed   0x30  Code  Gb  fifo.o [1]
fifo_push_byte          0x08008ebf   0x2e  Code  Gb  fifo.o [1]
framebuff_avlid         0x08002a1f    0x8  Code  Gb  framebuff.o [1]
framebuff_clean         0x08002a5b    0x6  Code  Gb  framebuff.o [1]
framebuff_datptr        0x08002a61    0x4  Code  Gb  framebuff.o [1]
framebuff_init          0x08002a09    0xe  Code  Gb  framebuff.o [1]
framebuff_length        0x08002a17    0x8  Code  Gb  framebuff.o [1]
framebuff_push          0x08002a27   0x34  Code  Gb  framebuff.o [1]
framebuff_push_u16      0x08002acb   0x24  Code  Gb  framebuff.o [1]
framebuff_push_u32      0x08002aef   0x24  Code  Gb  framebuff.o [1]
framebuff_push_u8       0x08002aa7   0x24  Code  Gb  framebuff.o [1]
framebuff_remove        0x08002a65   0x42  Code  Gb  framebuff.o [1]
framebuffer_commit_buff_data_buffer
                        0x20001724  0x100  Data  Lc  sdcdtu.o [1]
framebuffer_gprs_send_buffer_data_buffer
                        0x20000754  0x200  Data  Lc  sdcdtu.o [1]
framebuffer_sensorDataStringBuffer_data_buffer
                        0x20000b54  0x200  Data  Lc  sdcdtu.o [1]
framebuffer_sensorInterfaceSendReceiveBuffer_data_buffer
                        0x20000954  0x200  Data  Lc  sdcdtu.o [1]
framebuffer_sevproto_prepare_buff_data_buffer
                        0x20000d54  0x200  Data  Lc  sevproto.o [1]
g_fs_block              0x20001b00    0x8  Data  Lc  spiffs_disk.o [1]
g_fs_header             0x200012ac  0x158  Data  Lc  spiffs_disk.o [1]
getint                  0x0800a4d1   0x28  Code  Lc  xgetdst.o [3]
gpio_get_pin            0x08006329   0x26  Code  Gb  gpio.o [1]
gpio_init               0x08006355   0x1e  Code  Gb  gpio.o [1]
gpio_set_as_input       0x080062c7   0x2e  Code  Gb  gpio.o [1]
gpio_set_as_output      0x08006299   0x2e  Code  Gb  gpio.o [1]
gpio_set_pin            0x080062f5   0x34  Code  Gb  gpio.o [1]
gpiocfg                 0x20000000   0xb0  Data  Gb  gpio.o [1]
gprs_close              0x08001d67   0x1a  Code  Gb  gprs.o [1]
gprs_communication_process
                        0x2000016c   0x10  Data  Gb  gprs.o [1]
gprs_connect            0x08001d47    0x6  Code  Gb  gprs.o [1]
gprs_connect_status     0x20001b1c    0x4  Data  Lc  gprs.o [1]
gprs_domain             0x20001b20    0x4  Data  Lc  gprs.o [1]
gprs_event_closed       0x20001be8    0x1  Data  Gb  gprs.o [1]
gprs_event_connect      0x20001be6    0x1  Data  Gb  gprs.o [1]
gprs_event_disconnect   0x20001be7    0x1  Data  Gb  gprs.o [1]
gprs_event_recv         0x20001be5    0x1  Data  Gb  gprs.o [1]
gprs_event_sent         0x20001be4    0x1  Data  Gb  gprs.o [1]
gprs_init               0x08001ce9   0x46  Code  Gb  gprs.o [1]
gprs_open               0x08001d4d   0x1a  Code  Gb  gprs.o [1]
gprs_parent_process     0x20001b18    0x4  Data  Lc  gprs.o [1]
gprs_port               0x20001b24    0x4  Data  Lc  gprs.o [1]
gprs_process            0x2000017c   0x10  Data  Gb  gprs.o [1]
gprs_send               0x08001d35   0x12  Code  Gb  gprs.o [1]
gprs_send_buffer        0x2000027c    0xc  Data  Lc  sdcdtu.o [1]
gprs_set_parent_process
                        0x08001d2f    0x6  Code  Gb  gprs.o [1]
hardware_update_process
                        0x200001dc   0x10  Data  Gb  sdcdtu.o [1]
init_mparams            0x08002b5b   0x32  Code  Lc  dlmalloc.o [3]
init_top                0x08002b8d   0x34  Code  Lc  dlmalloc.o [3]
inner_fs_file_ceate     0x0800691b  0x11e  Code  Gb  spiffs_disk.o [1]
inner_fs_file_is_exist  0x08006893   0x40  Code  Gb  spiffs_disk.o [1]
inner_fs_file_jump_end  0x08006a39   0x78  Code  Gb  spiffs_disk.o [1]
inner_fs_get_free_block
                        0x080068d3   0x48  Code  Gb  spiffs_disk.o [1]
inner_make_crc16        0x08007595   0x5a  Code  Gb  spiffs_disk.o [1]
lastevent               0x20001be9    0x1  Data  Lc  process.o [1]
list_add                0x0800260f   0x26  Code  Gb  list.o [1]
list_head               0x080025ed    0x4  Code  Gb  list.o [1]
list_item_next          0x08002693    0xc  Code  Gb  list.o [1]
list_length             0x0800267f   0x14  Code  Gb  list.o [1]
list_pop                0x08002635   0x14  Code  Gb  list.o [1]
list_remove             0x08002649   0x36  Code  Gb  list.o [1]
list_tail               0x080025f1   0x1e  Code  Gb  list.o [1]
lmos                    0x080094a4   0x18  Data  Lc  xttotm.o [3]
log_out                 0x08004131   0x9c  Code  Gb  logger.o [1]
main                    0x0800c595   0x4c  Code  Gb  main.o [1]
max_data                0x08004683   0x74  Code  Gb  battery.o [1]
memb_alloc              0x080023e3   0x30  Code  Gb  memb.o [1]
memb_free               0x08002413   0x3c  Code  Gb  memb.o [1]
memb_init               0x080023af   0x34  Code  Gb  memb.o [1]
memchr                  0x08009b95         Code  Gb  memchr.o [5]
mos                     0x080094bc   0x18  Data  Lc  xttotm.o [3]
mparams                 0x20001994   0x18  Data  Lc  dlmalloc.o [3]
ms_count                0x20001ac0    0x8  Data  Gb  clock.o [1]
ndigs                   0x0800a35c   0x28  Data  Lc  xstoul.o [3]
nevents                 0x20001bea    0x1  Data  Lc  process.o [1]
next_expiration         0x20001b10    0x4  Data  Lc  etimer.o [1]
next_wakeuptime         0x20001b3c    0x4  Data  Lc  sdcdtu.o [1]
parse_process           0x2000022c   0x10  Data  Gb  sim800.o [1]
poll_requested          0x20001bec    0x1  Data  Lc  process.o [1]
power_ctrl1             0x200002b8    0xc  Data  Lc  senif.o [1]
power_ctrl2             0x200002c4    0xc  Data  Lc  senif.o [1]
power_ctrl3             0x200002d0    0xc  Data  Lc  senif.o [1]
power_ctrl_init         0x08002459   0x26  Code  Lc  senif.o [1]
prepend_alloc           0x08002bc1  0x36c  Code  Lc  dlmalloc.o [3]
printf                  0x08005e1d   0x24  Code  Gb  printf.o [3]
process_alloc_event     0x080026a1   0x12  Code  Gb  process.o [1]
process_current         0x20001b2c    0x4  Data  Gb  process.o [1]
process_exit            0x080027d1   0x10  Code  Gb  process.o [1]
process_init            0x080027e1   0x24  Code  Gb  process.o [1]
process_is_running      0x080029e1   0x10  Code  Gb  process.o [1]
process_list            0x20001b28    0x4  Data  Gb  process.o [1]
process_poll            0x08002995   0x1c  Code  Gb  process.o [1]
process_post            0x08002913   0x64  Code  Gb  process.o [1]
process_post_synch      0x08002977   0x1e  Code  Gb  process.o [1]
process_run             0x080028f5   0x1e  Code  Gb  process.o [1]
process_start           0x080026b3   0x3c  Code  Gb  process.o [1]
process_thread_backup_commit_process
                        0x0800111d  0x16c  Code  Lc  sdcdtu.o [1]
process_thread_configure_update_process
                        0x08000819  0x2d0  Code  Lc  sdcdtu.o [1]
process_thread_dtudata_commit_process
                        0x08000fa1  0x174  Code  Lc  sdcdtu.o [1]
process_thread_etimer_process
                        0x08002125   0xe4  Code  Lc  etimer.o [1]
process_thread_gprs_communication_process
                        0x08001701  0x50a  Code  Lc  gprs.o [1]
process_thread_gprs_process
                        0x08001c0b   0xd4  Code  Lc  gprs.o [1]
process_thread_hardware_update_process
                        0x08000d41  0x23e  Code  Lc  sdcdtu.o [1]
process_thread_parse_process
                        0x08005911  0x1d8  Code  Lc  sim800.o [1]
process_thread_sdcdtu_process
                        0x080012bd  0x3b0  Code  Lc  sdcdtu.o [1]
process_thread_sendat_collect_process
                        0x0800033f  0x2a6  Code  Lc  sdcdtu.o [1]
process_thread_sendat_commit_process
                        0x080005e5  0x230  Code  Lc  sdcdtu.o [1]
process_thread_sensor_prewarm_process
                        0x0800022b  0x114  Code  Lc  sdcdtu.o [1]
process_thread_sim800_power_ctrl_process
                        0x08005b01  0x136  Code  Lc  sim800.o [1]
process_thread_sim800_power_state
                        0x0800584f   0x98  Code  Lc  sim800.o [1]
process_thread_system_monit_process
                        0x0800b76b   0x86  Code  Lc  system_status.o [1]
process_thread_system_status_process
                        0x0800b6e9   0x82  Code  Lc  system_status.o [1]
process_thread_timesync_process
                        0x080000ed  0x13e  Code  Lc  sdcdtu.o [1]
putchar                 0x0800c7a9   0x28  Code  Gb  putchar.o [3]
recv_data_buffer        0x20000354  0x400  Data  Lc  sim800.o [1]
recv_data_ptr           0x20001bb4    0x4  Data  Lc  sim800.o [1]
recv_data_size          0x20001bb0    0x4  Data  Lc  sim800.o [1]
refin                   0x08006385   0x2c  Code  Lc  crc.o [1]
refout                  0x080063b1   0x3e  Code  Lc  crc.o [1]
rs3010k_parse           0x0800aa25  0x1c2  Code  Gb  senprote-rs3010K.o [1]
rs3010k_prepare         0x0800a9c3   0x62  Code  Gb  senprote-rs3010K.o [1]
rs3010k_senproto        0x200002f4    0x8  Data  Gb  senprote-rs3010K.o [1]
rst460_parse            0x0800b5b5  0x12a  Code  Gb  senproto-rst460.o [1]
rst460_prepare          0x0800b549   0x4e  Code  Gb  senproto-rst460.o [1]
rst460_senproto         0x2000031c    0x8  Data  Gb  senproto-rst460.o [1]
rtc_get_time            0x08001ed7    0x8  Code  Gb  rtc.o [1]
rtc_init                0x08001e3d   0x8e  Code  Gb  rtc.o [1]
rtc_set_time            0x08001ecb    0xc  Code  Gb  rtc.o [1]
rtc_wakeup_after_second
                        0x08001edf   0x36  Code  Gb  rtc.o [1]
rtc_wakeup_at_second    0x08001f15   0x46  Code  Gb  rtc.o [1]
sccb_memb               0x20000288    0xc  Data  Lc  sdcdtu.o [1]
sccb_memb_memb_count    0x200019dc   0x10  Data  Lc  sdcdtu.o [1]
sccb_memb_memb_mem      0x20001624  0x100  Data  Lc  sdcdtu.o [1]
sdcdtu_frameware_update_data_reply_process
                        0x08000c9d   0xa4  Code  Lc  sdcdtu.o [1]
sdcdtu_frameware_update_data_require_prepare
                        0x08000bfb   0x7a  Code  Lc  sdcdtu.o [1]
sdcdtu_frameware_update_reply_version_process
                        0x08000b47   0xb4  Code  Lc  sdcdtu.o [1]
sdcdtu_frameware_update_require_version_prepare
                        0x08000ae9   0x5e  Code  Lc  sdcdtu.o [1]
sdcdtu_init             0x08001675    0xc  Code  Gb  sdcdtu.o [1]
sdcdtu_process          0x2000020c   0x10  Data  Gb  sdcdtu.o [1]
second_count            0x20001ac8    0x8  Data  Gb  clock.o [1]
segment_holding         0x08002b41   0x1a  Code  Lc  dlmalloc.o [3]
send_data_ptr           0x20001ba8    0x4  Data  Lc  sim800.o [1]
send_data_size          0x20001bac    0x4  Data  Lc  sim800.o [1]
sendat_collect_list     0x2000033c    0x4  Data  Lc  sdcdtu.o [1]
sendat_collect_list_list
                        0x20001b48    0x4  Data  Lc  sdcdtu.o [1]
sendat_collect_process  0x200001ac   0x10  Data  Gb  sdcdtu.o [1]
sendat_commit_list      0x20000340    0x4  Data  Lc  sdcdtu.o [1]
sendat_commit_list_list
                        0x20001b4c    0x4  Data  Lc  sdcdtu.o [1]
sendat_commit_process   0x200001bc   0x10  Data  Gb  sdcdtu.o [1]
senif_close             0x0800255b   0x28  Code  Gb  senif.o [1]
senif_init              0x0800247f   0x3a  Code  Gb  senif.o [1]
senif_open              0x08002515   0x46  Code  Gb  senif.o [1]
senif_power_close       0x080024e7   0x2e  Code  Gb  senif.o [1]
senif_power_open        0x080024b9   0x2e  Code  Gb  senif.o [1]
senif_read              0x080025c3   0x24  Code  Gb  senif.o [1]
senif_write             0x08002583   0x40  Code  Gb  senif.o [1]
senifs_init             0x0800c56d   0x28  Code  Lc  main.o [1]
senproto_lookup         0x080029f1   0x18  Code  Gb  senproto.o [1]
sensorDataStringBuffer  0x200002a0    0xc  Data  Lc  sdcdtu.o [1]
sensorInterfaceSendReceiveBuffer
                        0x20000294    0xc  Data  Lc  sdcdtu.o [1]
sensor_interfaces       0x200000b0   0x60  Data  Lc  senif.o [1]
sensor_prewarm_list     0x20000338    0x4  Data  Lc  sdcdtu.o [1]
sensor_prewarm_list_list
                        0x20001b44    0x4  Data  Lc  sdcdtu.o [1]
sensor_prewarm_process  0x2000019c   0x10  Data  Gb  sdcdtu.o [1]
sensors_table           0x2000013c   0x20  Data  Gb  senproto.o [1]
sevproto_check          0x08001f8d   0xc4  Code  Gb  sevproto.o [1]
sevproto_prepare        0x08002051   0x78  Code  Gb  sevproto.o [1]
sevproto_prepare_buff   0x200002dc    0xc  Data  Lc  sevproto.o [1]
sim800_cmd_ate0         0x08005d4d   0x20  Code  Gb  sim800.o [1]
sim800_cmd_cifsr        0x08005d07   0x20  Code  Gb  sim800.o [1]
sim800_cmd_ciicr        0x08005ce7   0x20  Code  Gb  sim800.o [1]
sim800_cmd_ciphead      0x08005d2d   0x20  Code  Gb  sim800.o [1]
sim800_cmd_cipstart     0x08005d6d   0x28  Code  Gb  sim800.o [1]
sim800_cmd_cstt         0x08005cc3   0x24  Code  Gb  sim800.o [1]
sim800_init             0x08005c41   0x60  Code  Gb  sim800.o [1]
sim800_power_ctrl_process
                        0x2000023c   0x10  Data  Gb  sim800.o [1]
sim800_power_off        0x08005cb5    0xe  Code  Gb  sim800.o [1]
sim800_power_on         0x08005ca7    0xe  Code  Gb  sim800.o [1]
sim800_power_state      0x2000021c   0x10  Data  Gb  sim800.o [1]
sim800_send             0x08005d95   0x2e  Code  Gb  sim800.o [1]
sim800_set_parent       0x08005ca1    0x6  Code  Gb  sim800.o [1]
simple_delay            0x0800466f   0x14  Code  Lc  battery.o [1]
sprintf                 0x080067fd   0x34  Code  Gb  sprintf.o [3]
sscanf                  0x08007fd9   0x24  Code  Gb  sscanf.o [3]
strchr                  0x08009b7d         Code  Gb  strchr.o [5]
strlen                  0x080041d5         Code  Gb  strlen.o [5]
sys_alloc               0x08002f2d  0x386  Code  Lc  dlmalloc.o [3]
system_monit_process    0x2000026c   0x10  Data  Gb  system_status.o [1]
system_status_init      0x0800b7f1   0x14  Code  Gb  system_status.o [1]
system_status_process   0x2000025c   0x10  Data  Gb  system_status.o [1]
t770_parse              0x0800ac95  0x140  Code  Gb  senprote-t770.o [1]
t770_prepare            0x0800ac33   0x62  Code  Gb  senprote-t770.o [1]
t770_senproto           0x200002fc    0x8  Data  Gb  senprote-t770.o [1]
t800_parse              0x0800ae81  0x134  Code  Gb  senprote-t800.o [1]
t800_prepare            0x0800ae1f   0x62  Code  Gb  senprote-t800.o [1]
t800_senproto           0x20000304    0x8  Data  Gb  senprote-t800.o [1]
t830_parse              0x0800b061  0x134  Code  Gb  senprote-t830.o [1]
t830_prepare            0x0800afff   0x62  Code  Gb  senprote-t830.o [1]
t830_senproto           0x2000030c    0x8  Data  Gb  senprote-t830.o [1]
table_crc_hi            0x0800b96c  0x100  Data  Lc  senprote-rs3010K.o [1]
table_crc_hi            0x0800bb6c  0x100  Data  Lc  senprote-t770.o [1]
table_crc_hi            0x0800bd6c  0x100  Data  Lc  senprote-t800.o [1]
table_crc_hi            0x0800bf6c  0x100  Data  Lc  senprote-t830.o [1]
table_crc_hi            0x0800c16c  0x100  Data  Lc  senprote-water.o [1]
table_crc_hi            0x0800c36c  0x100  Data  Lc  senproto-zbm001.o [1]
table_crc_lo            0x0800ba6c  0x100  Data  Lc  senprote-rs3010K.o [1]
table_crc_lo            0x0800bc6c  0x100  Data  Lc  senprote-t770.o [1]
table_crc_lo            0x0800be6c  0x100  Data  Lc  senprote-t800.o [1]
table_crc_lo            0x0800c06c  0x100  Data  Lc  senprote-t830.o [1]
table_crc_lo            0x0800c26c  0x100  Data  Lc  senprote-water.o [1]
table_crc_lo            0x0800c46c  0x100  Data  Lc  senproto-zbm001.o [1]
timer_expired           0x08002b23   0x1e  Code  Gb  timer.o [1]
timer_set               0x08002b13   0x10  Code  Gb  timer.o [1]
timerlist               0x20001ab8    0x4  Data  Lc  etimer.o [1]
timesync_process        0x2000018c   0x10  Data  Gb  sdcdtu.o [1]
tmalloc_large           0x080032c1  0x39e  Code  Lc  dlmalloc.o [3]
tmalloc_small           0x0800365f  0x21a  Code  Lc  dlmalloc.o [3]
update_time             0x080020d5   0x50  Code  Lc  etimer.o [1]
usart1_input_fun        0x20001bd8    0x4  Data  Lc  usart.o [1]
usart2_input_fun        0x20001bdc    0x4  Data  Lc  usart.o [1]
usart_configure         0x08007e7d   0x7a  Code  Gb  usart.o [1]
usart_init              0x08007d91   0xec  Code  Gb  usart.o [1]
usart_stream_byte       0x080066e9   0x38  Code  Gb  usart_stream.o [1]
usart_stream_init       0x08006645   0x38  Code  Gb  usart_stream.o [1]
usart_stream_read       0x080066ab   0x3e  Code  Gb  usart_stream.o [1]
usart_stream_write      0x0800667d   0x2e  Code  Gb  usart_stream.o [1]
usart_write             0x08007ef7   0x60  Code  Gb  usart.o [1]
water_parse             0x0800b241  0x134  Code  Gb  senprote-water.o [1]
water_prepare           0x0800b1df   0x62  Code  Gb  senprote-water.o [1]
water_senproto          0x20000314    0x8  Data  Gb  senprote-water.o [1]
xFs                     0x200018a4   0x70  Data  Gb  spiffs_disk.o [1]
yychar                  0x20001bb8    0x4  Data  Gb  sim800.o [1]
yycheck                 0x0800c728   0x30  Data  Lc  sim800.o [1]
yydefact                0x0800c630   0x44  Data  Lc  sim800.o [1]
yydefgoto               0x0800cc5c   0x14  Data  Lc  sim800.o [1]
yydestruct              0x0800488d    0xc  Code  Lc  sim800.o [1]
yyerror                 0x08005809    0x6  Code  Gb  sim800.o [1]
yylex                   0x08004e85  0x974  Code  Gb  sim800.o [1]
yylval                  0x20001bbc    0x4  Data  Gb  sim800.o [1]
yynerrs                 0x20001bc0    0x4  Data  Gb  sim800.o [1]
yypact                  0x0800c5ec   0x44  Data  Lc  sim800.o [1]
yyparse                 0x08004899  0x5c0  Code  Gb  sim800.o [1]
yypgoto                 0x0800cc48   0x14  Data  Lc  sim800.o [1]
yyr1                    0x0800c758   0x28  Data  Lc  sim800.o [1]
yyr2                    0x0800c780   0x28  Data  Lc  sim800.o [1]
yystos                  0x0800c674   0x44  Data  Lc  sim800.o [1]
yytable                 0x0800c6f8   0x30  Data  Lc  sim800.o [1]
yytranslate             0x0800b854  0x118  Data  Lc  sim800.o [1]
zbm001_parse            0x0800a6ed  0x23c  Code  Gb  senproto-zbm001.o [1]
zbm001_prepare          0x0800a67b   0x72  Code  Gb  senproto-zbm001.o [1]
zbm001_senproto         0x20000324    0x8  Data  Gb  senproto-zbm001.o [1]
zcrc16                  0x0800a641   0x3a  Code  Lc  senproto-zbm001.o [1]


[1] = D:\Ruhr\Xiongmao\github\DTU1.0\project\Debug\Obj
[2] = command line
[3] = dl7M_tln.a
[4] = m7M_tl.a
[5] = rt7M_tl.a
[6] = shb_l.a

  47 748 bytes of readonly  code memory
   5 574 bytes of readonly  data memory
  19 446 bytes of readwrite data memory

Errors: none
Warnings: none
