###############################################################################
#
# IAR ELF Linker V7.40.3.8902/W32 for ARM                 05/Jun/2018  16:35:44
# Copyright 2007-2015 IAR Systems AB.
#
#    Output file  =  D:\Ruhr\Xiongmao\github\DTU1.0\project\Debug\Exe\c.out
#    Map file     =  D:\Ruhr\Xiongmao\github\DTU1.0\project\Debug\List\c.map
#    Command line =  
#        D:\Ruhr\Xiongmao\github\DTU1.0\project\Debug\Obj\battery.o
#        D:\Ruhr\Xiongmao\github\DTU1.0\project\Debug\Obj\clock.o
#        D:\Ruhr\Xiongmao\github\DTU1.0\project\Debug\Obj\configure.o
#        D:\Ruhr\Xiongmao\github\DTU1.0\project\Debug\Obj\crc.o
#        D:\Ruhr\Xiongmao\github\DTU1.0\project\Debug\Obj\deviceid.o
#        D:\Ruhr\Xiongmao\github\DTU1.0\project\Debug\Obj\etimer.o
#        D:\Ruhr\Xiongmao\github\DTU1.0\project\Debug\Obj\fifo.o
#        D:\Ruhr\Xiongmao\github\DTU1.0\project\Debug\Obj\framebuff.o
#        D:\Ruhr\Xiongmao\github\DTU1.0\project\Debug\Obj\frameware.o
#        D:\Ruhr\Xiongmao\github\DTU1.0\project\Debug\Obj\gpio.o
#        D:\Ruhr\Xiongmao\github\DTU1.0\project\Debug\Obj\gprs.o
#        D:\Ruhr\Xiongmao\github\DTU1.0\project\Debug\Obj\list.o
#        D:\Ruhr\Xiongmao\github\DTU1.0\project\Debug\Obj\logger.o
#        D:\Ruhr\Xiongmao\github\DTU1.0\project\Debug\Obj\main.o
#        D:\Ruhr\Xiongmao\github\DTU1.0\project\Debug\Obj\memb.o
#        D:\Ruhr\Xiongmao\github\DTU1.0\project\Debug\Obj\misc.o
#        D:\Ruhr\Xiongmao\github\DTU1.0\project\Debug\Obj\process.o
#        D:\Ruhr\Xiongmao\github\DTU1.0\project\Debug\Obj\rtc.o
#        D:\Ruhr\Xiongmao\github\DTU1.0\project\Debug\Obj\rtimer-arch.o
#        D:\Ruhr\Xiongmao\github\DTU1.0\project\Debug\Obj\sdcdtu.o
#        D:\Ruhr\Xiongmao\github\DTU1.0\project\Debug\Obj\senif.o
#        D:\Ruhr\Xiongmao\github\DTU1.0\project\Debug\Obj\senprote-cond.o
#        D:\Ruhr\Xiongmao\github\DTU1.0\project\Debug\Obj\senprote-do.o
#        D:\Ruhr\Xiongmao\github\DTU1.0\project\Debug\Obj\senprote-ph.o
#        D:\Ruhr\Xiongmao\github\DTU1.0\project\Debug\Obj\senprote-rs3010K.o
#        D:\Ruhr\Xiongmao\github\DTU1.0\project\Debug\Obj\senprote-S0504.o
#        D:\Ruhr\Xiongmao\github\DTU1.0\project\Debug\Obj\senprote-S0601.o
#        D:\Ruhr\Xiongmao\github\DTU1.0\project\Debug\Obj\senprote-soil.o
#        D:\Ruhr\Xiongmao\github\DTU1.0\project\Debug\Obj\senprote-t770.o
#        D:\Ruhr\Xiongmao\github\DTU1.0\project\Debug\Obj\senprote-t800.o
#        D:\Ruhr\Xiongmao\github\DTU1.0\project\Debug\Obj\senprote-t830.o
#        D:\Ruhr\Xiongmao\github\DTU1.0\project\Debug\Obj\senprote-turb.o
#        D:\Ruhr\Xiongmao\github\DTU1.0\project\Debug\Obj\senprote-water.o
#        D:\Ruhr\Xiongmao\github\DTU1.0\project\Debug\Obj\senproto-rst460.o
#        D:\Ruhr\Xiongmao\github\DTU1.0\project\Debug\Obj\senproto-zbm001.o
#        D:\Ruhr\Xiongmao\github\DTU1.0\project\Debug\Obj\senproto.o
#        D:\Ruhr\Xiongmao\github\DTU1.0\project\Debug\Obj\sensor_data_backup.o
#        D:\Ruhr\Xiongmao\github\DTU1.0\project\Debug\Obj\sevproto.o
#        D:\Ruhr\Xiongmao\github\DTU1.0\project\Debug\Obj\sim800.o
#        D:\Ruhr\Xiongmao\github\DTU1.0\project\Debug\Obj\spiffs_disk.o
#        D:\Ruhr\Xiongmao\github\DTU1.0\project\Debug\Obj\spiflash.o
#        D:\Ruhr\Xiongmao\github\DTU1.0\project\Debug\Obj\startup_stm32f10x_md.o
#        D:\Ruhr\Xiongmao\github\DTU1.0\project\Debug\Obj\stm32f10x_adc.o
#        D:\Ruhr\Xiongmao\github\DTU1.0\project\Debug\Obj\stm32f10x_bkp.o
#        D:\Ruhr\Xiongmao\github\DTU1.0\project\Debug\Obj\stm32f10x_can.o
#        D:\Ruhr\Xiongmao\github\DTU1.0\project\Debug\Obj\stm32f10x_cec.o
#        D:\Ruhr\Xiongmao\github\DTU1.0\project\Debug\Obj\stm32f10x_crc.o
#        D:\Ruhr\Xiongmao\github\DTU1.0\project\Debug\Obj\stm32f10x_dac.o
#        D:\Ruhr\Xiongmao\github\DTU1.0\project\Debug\Obj\stm32f10x_dbgmcu.o
#        D:\Ruhr\Xiongmao\github\DTU1.0\project\Debug\Obj\stm32f10x_dma.o
#        D:\Ruhr\Xiongmao\github\DTU1.0\project\Debug\Obj\stm32f10x_exti.o
#        D:\Ruhr\Xiongmao\github\DTU1.0\project\Debug\Obj\stm32f10x_flash.o
#        D:\Ruhr\Xiongmao\github\DTU1.0\project\Debug\Obj\stm32f10x_fsmc.o
#        D:\Ruhr\Xiongmao\github\DTU1.0\project\Debug\Obj\stm32f10x_gpio.o
#        D:\Ruhr\Xiongmao\github\DTU1.0\project\Debug\Obj\stm32f10x_i2c.o
#        D:\Ruhr\Xiongmao\github\DTU1.0\project\Debug\Obj\stm32f10x_iwdg.o
#        D:\Ruhr\Xiongmao\github\DTU1.0\project\Debug\Obj\stm32f10x_pwr.o
#        D:\Ruhr\Xiongmao\github\DTU1.0\project\Debug\Obj\stm32f10x_rcc.o
#        D:\Ruhr\Xiongmao\github\DTU1.0\project\Debug\Obj\stm32f10x_rtc.o
#        D:\Ruhr\Xiongmao\github\DTU1.0\project\Debug\Obj\stm32f10x_sdio.o
#        D:\Ruhr\Xiongmao\github\DTU1.0\project\Debug\Obj\stm32f10x_spi.o
#        D:\Ruhr\Xiongmao\github\DTU1.0\project\Debug\Obj\stm32f10x_tim.o
#        D:\Ruhr\Xiongmao\github\DTU1.0\project\Debug\Obj\stm32f10x_usart.o
#        D:\Ruhr\Xiongmao\github\DTU1.0\project\Debug\Obj\stm32f10x_wwdg.o
#        D:\Ruhr\Xiongmao\github\DTU1.0\project\Debug\Obj\system_status.o
#        D:\Ruhr\Xiongmao\github\DTU1.0\project\Debug\Obj\timer.o
#        D:\Ruhr\Xiongmao\github\DTU1.0\project\Debug\Obj\usart.o
#        D:\Ruhr\Xiongmao\github\DTU1.0\project\Debug\Obj\usart_stream.o -o
#        D:\Ruhr\Xiongmao\github\DTU1.0\project\Debug\Exe\c.out --map
#        D:\Ruhr\Xiongmao\github\DTU1.0\project\Debug\List\c.map --config
#        D:\Ruhr\Xiongmao\github\DTU1.0\project\gprsdtu.icf --semihosting
#        --entry __iar_program_start --vfe
#
###############################################################################

*******************************************************************************
*** RUNTIME MODEL ATTRIBUTES
***

CppFlavor       = *
__Heap_Handler  = DLMalloc
__SystemLibrary = DLib


*******************************************************************************
*** PLACEMENT SUMMARY
***

"A1":  place at 0x08000000 { ro section .intvec };
"P1":  place in [from 0x08000000 to 0x0800ffff] { ro };
"P2":  place in [from 0x20000000 to 0x20004fff] { rw, block CSTACK, block HEAP };

  Section             Kind        Address    Size  Object
  -------             ----        -------    ----  ------
"A1":                                        0xec
  .intvec             ro code  0x08000000    0xec  startup_stm32f10x_md.o [1]
                             - 0x080000ec    0xec

"P1":                                      0xec46
  .text               ro code  0x080000ec  0x1630  sdcdtu.o [1]
  .text               ro code  0x0800171c   0x710  gprs.o [1]
  .text               ro code  0x08001e2c    0x2c  deviceid.o [1]
  .text               ro code  0x08001e58   0x132  rtc.o [1]
  .text               ro code  0x08001f8a    0x1e  xsscin.o [3]
  .text               ro code  0x08001fa8   0x148  sevproto.o [1]
  .text               ro code  0x080020f0   0x1a8  etimer.o [1]
  .text               ro code  0x08002298   0x132  I64DivMod.o [5]
  .text               ro code  0x080023ca    0xa0  memb.o [1]
  .text               ro code  0x0800246a     0xa  xsprout.o [3]
  .text               ro code  0x08002474   0x194  senif.o [1]
  .text               ro code  0x08002608    0xb2  list.o [1]
  .text               ro code  0x080026bc   0x350  process.o [1]
  .text               ro code  0x08002a0c    0x18  senproto.o [1]
  .text               ro code  0x08002a24   0x10a  framebuff.o [1]
  .text               ro code  0x08002b2e    0x2e  timer.o [1]
  .text               ro code  0x08002b5c  0x1510  dlmalloc.o [3]
  .text               ro code  0x0800406c    0x66  ABImemset.o [5]
  .text               ro code  0x080040d4    0x76  ABImemcpy_unaligned.o [5]
  .text               ro code  0x0800414c    0xa4  logger.o [1]
  .text               ro code  0x080041f0    0x36  strlen.o [5]
  .text               ro code  0x08004228   0x2bc  sensor_data_backup.o [1]
  .text               ro code  0x080044e4    0xfc  configure.o [1]
  .text               ro code  0x080045e0   0x2c8  battery.o [1]
  .text               ro code  0x080048a8  0x1590  sim800.o [1]
  .text               ro code  0x08005e38    0x24  printf.o [3]
  .text               ro code  0x08005e5c    0x68  stm32f10x_pwr.o [1]
  .text               ro code  0x08005ec4    0x50  stm32f10x_bkp.o [1]
  .text               ro code  0x08005f14   0x108  stm32f10x_rtc.o [1]
  .text               ro code  0x0800601c   0x298  stm32f10x_rcc.o [1]
  .text               ro code  0x080062b4    0xda  gpio.o [1]
  .text               ro code  0x08006390   0x174  crc.o [1]
  .text               ro code  0x08006504   0x138  clock.o [1]
  .text               ro code  0x0800663c     0x2  I64DivZer.o [5]
  .text               ro code  0x08006640   0x114  usart_stream.o [1]
  .text               ro code  0x08006754    0x78  ABImemmove_unaligned.o [5]
  .text               ro code  0x080067cc     0x6  abort.o [3]
  .text               ro code  0x080067d4    0x2c  xgetmemchunk.o [3]
  .text               ro code  0x08006800    0x16  vla_alloc.o [3]
  .text               ro code  0x08006818    0x34  sprintf.o [3]
  .text               ro code  0x0800684c   0xdbe  spiffs_disk.o [1]
  .text               ro code  0x0800760a     0xa  gmtime.o [3]
  .text               ro code  0x08007614   0x16e  stm32f10x_gpio.o [1]
  .text               ro code  0x08007784   0x1fa  stm32f10x_adc.o [1]
  .text               ro code  0x08007980    0x30  I32ToDbl.o [4]
  .text               ro code  0x080079b0   0x1a2  DblMul.o [4]
  .text               ro code  0x08007b54   0x256  DblDiv.o [4]
  .text               ro code  0x08007dac   0x248  usart.o [1]
  .text               ro code  0x08007ff4    0x24  sscanf.o [3]
  .text               ro code  0x08008018   0xdae  xprintffull_nomb.o [3]
  .text               ro code  0x08008dc8     0xc  stm32f10x_crc.o [1]
  .text               ro code  0x08008dd4    0x1c  stm32f10x_flash.o [1]
  .text               ro code  0x08008df0    0xb0  misc.o [1]
  .text               ro code  0x08008ea0   0x10e  fifo.o [1]
  .text               ro code  0x08008fb0    0x14  exit.o [6]
  .text               ro code  0x08008fc4   0x2b8  spiflash.o [1]
  .text               ro code  0x0800927c    0x42  strcmp_unaligned.o [5]
  .text               ro code  0x080092c0    0x44  strcpy_unaligned.o [5]
  .text               ro code  0x08009304    0x62  memcmp_unaligned.o [5]
  .text               ro code  0x08009368   0x188  xttotm.o [3]
  .text               ro code  0x080094f0   0x1a0  stm32f10x_usart.o [1]
  .text               ro code  0x08009690   0x508  xscanfsmall_nomb.o [3]
  .text               ro code  0x08009b98    0x16  strchr.o [5]
  .text               ro code  0x08009bb0    0x58  memchr.o [5]
  .text               ro code  0x08009c08    0x42  xdnorm.o [4]
  .text               ro code  0x08009c4c    0x2e  DblCmpLe.o [4]
  .text               ro code  0x08009c7c    0x2e  DblCmpGe.o [4]
  .text               ro code  0x08009cac   0x110  xdscale.o [4]
  .text               ro code  0x08009dbc    0x58  DblToI32.o [4]
  .text               ro code  0x08009e14   0x180  DblSub.o [4]
  .text               ro code  0x08009f94     0xe  div.o [3]
  .text               ro code  0x08009fa4    0xa2  stm32f10x_spi.o [1]
  .text               ro code  0x0800a046     0x2  xtls.o [3]
  .text               ro code  0x0800a048   0x134  xisdst.o [3]
  .text               ro code  0x0800a17c    0x86  xstol.o [3]
  .text               ro code  0x0800a204   0x19c  xstoul.o [3]
  .text               ro code  0x0800a3a0    0xd4  DblAdd.o [4]
  .text               ro code  0x0800a474    0x29  setlocale.o [3]
  .text               ro code  0x0800a4a0     0xa  getzone.o [3]
  .text               ro code  0x0800a4aa    0x42  xgettime.o [3]
  .text               ro code  0x0800a4ec   0x164  xgetdst.o [3]
  .text               ro code  0x0800a650     0xc  errno.o [3]
  .text               ro code  0x0800a65c   0x2f8  senproto-zbm001.o [1]
  .text               ro code  0x0800a954    0x4e  FltToDbl.o [4]
  .text               ro code  0x0800a9a4   0x270  senprote-rs3010K.o [1]
  .text               ro code  0x0800ac14   0x254  senprote-S0601.o [1]
  .text               ro code  0x0800ae68   0x24c  senprote-soil.o [1]
  .text               ro code  0x0800b0b4   0x1ec  senprote-cond.o [1]
  .text               ro code  0x0800b2a0   0x1ec  senprote-do.o [1]
  .text               ro code  0x0800b48c   0x1ec  senprote-t770.o [1]
  .text               ro code  0x0800b678   0x1ec  senprote-turb.o [1]
  .text               ro code  0x0800b864   0x1e0  senprote-ph.o [1]
  .text               ro code  0x0800ba44   0x1e0  senprote-S0504.o [1]
  .text               ro code  0x0800bc24   0x1e0  senprote-t800.o [1]
  .text               ro code  0x0800be04   0x1e0  senprote-t830.o [1]
  .text               ro code  0x0800bfe4   0x1e0  senprote-water.o [1]
  .text               ro code  0x0800c1c4   0x1c2  lz77_init.o [5]
  .text               ro code  0x0800c388   0x1a0  senproto-rst460.o [1]
  .text               ro code  0x0800c528   0x134  system_status.o [1]
  .text               ro code  0x0800c65c    0x38  stm32f10x_iwdg.o [1]
  .rodata             const    0x0800c694   0x118  sim800.o [1]
  .rodata             const    0x0800c7ac   0x100  senprote-cond.o [1]
  .rodata             const    0x0800c8ac   0x100  senprote-cond.o [1]
  .rodata             const    0x0800c9ac   0x100  senprote-do.o [1]
  .rodata             const    0x0800caac   0x100  senprote-do.o [1]
  .rodata             const    0x0800cbac   0x100  senprote-ph.o [1]
  .rodata             const    0x0800ccac   0x100  senprote-ph.o [1]
  .rodata             const    0x0800cdac   0x100  senprote-rs3010K.o [1]
  .rodata             const    0x0800ceac   0x100  senprote-rs3010K.o [1]
  .rodata             const    0x0800cfac   0x100  senprote-S0504.o [1]
  .rodata             const    0x0800d0ac   0x100  senprote-S0504.o [1]
  .rodata             const    0x0800d1ac   0x100  senprote-S0601.o [1]
  .rodata             const    0x0800d2ac   0x100  senprote-S0601.o [1]
  .rodata             const    0x0800d3ac   0x100  senprote-soil.o [1]
  .rodata             const    0x0800d4ac   0x100  senprote-soil.o [1]
  .rodata             const    0x0800d5ac   0x100  senprote-t770.o [1]
  .rodata             const    0x0800d6ac   0x100  senprote-t770.o [1]
  .rodata             const    0x0800d7ac   0x100  senprote-t800.o [1]
  .rodata             const    0x0800d8ac   0x100  senprote-t800.o [1]
  .rodata             const    0x0800d9ac   0x100  senprote-t830.o [1]
  .rodata             const    0x0800daac   0x100  senprote-t830.o [1]
  .rodata             const    0x0800dbac   0x100  senprote-turb.o [1]
  .rodata             const    0x0800dcac   0x100  senprote-turb.o [1]
  .rodata             const    0x0800ddac   0x100  senprote-water.o [1]
  .rodata             const    0x0800deac   0x100  senprote-water.o [1]
  .rodata             const    0x0800dfac   0x100  senproto-zbm001.o [1]
  .rodata             const    0x0800e0ac   0x100  senproto-zbm001.o [1]
  .text               ro code  0x0800e1ac    0x80  main.o [1]
  .rodata             const    0x0800e22c    0x44  sim800.o [1]
  .rodata             const    0x0800e270    0x44  sim800.o [1]
  .rodata             const    0x0800e2b4    0x44  sim800.o [1]
  .text               ro code  0x0800e2f8    0x40  zero_init3.o [5]
  .rodata             const    0x0800e338    0x30  sim800.o [1]
  .rodata             const    0x0800e368    0x30  sim800.o [1]
  .rodata             const    0x0800e398    0x28  sim800.o [1]
  .rodata             const    0x0800e3c0    0x28  sim800.o [1]
  .text               ro code  0x0800e3e8    0x28  putchar.o [3]
  .text               ro code  0x0800e410    0x28  data_init.o [5]
  .rodata             const    0x0800e438    0x24  battery.o [1]
  .iar.init_table     const    0x0800e45c    0x2c  - Linker created -
  .rodata             const    0x0800e488    0x20  sim800.o [1]
  .rodata             const    0x0800e4a8    0x20  sim800.o [1]
  .rodata             const    0x0800e4c8    0x1c  gprs.o [1]
  .rodata             const    0x0800e4e4    0x1c  gprs.o [1]
  .rodata             const    0x0800e500    0x1c  gprs.o [1]
  .rodata             const    0x0800e51c    0x1c  gprs.o [1]
  .rodata             const    0x0800e538    0x1c  gprs.o [1]
  .rodata             const    0x0800e554    0x1c  sdcdtu.o [1]
  .rodata             const    0x0800e570    0x1c  sdcdtu.o [1]
  .rodata             const    0x0800e58c    0x1c  sensor_data_backup.o [1]
  .rodata             const    0x0800e5a8    0x1c  sim800.o [1]
  .text               ro code  0x0800e5c4    0x1a  cmain.o [5]
  .text               ro code  0x0800e5de     0x4  low_level_init.o [3]
  .text               ro code  0x0800e5e2     0x4  exit.o [3]
  .text               ro code  0x0800e5e8     0xa  cexit.o [5]
  .rodata             const    0x0800e5f4    0x18  gprs.o [1]
  .rodata             const    0x0800e60c    0x18  gprs.o [1]
  .rodata             const    0x0800e624    0x18  gprs.o [1]
  .rodata             const    0x0800e63c    0x18  gprs.o [1]
  .rodata             const    0x0800e654    0x18  gprs.o [1]
  .rodata             const    0x0800e66c    0x18  gprs.o [1]
  .rodata             const    0x0800e684    0x18  gprs.o [1]
  .rodata             const    0x0800e69c    0x18  gprs.o [1]
  .rodata             const    0x0800e6b4    0x18  gprs.o [1]
  .rodata             const    0x0800e6cc    0x18  gprs.o [1]
  .rodata             const    0x0800e6e4    0x18  gprs.o [1]
  .rodata             const    0x0800e6fc    0x18  gprs.o [1]
  .rodata             const    0x0800e714    0x18  sdcdtu.o [1]
  .rodata             const    0x0800e72c    0x18  sdcdtu.o [1]
  .rodata             const    0x0800e744    0x18  sdcdtu.o [1]
  .rodata             const    0x0800e75c    0x18  sdcdtu.o [1]
  .rodata             const    0x0800e774    0x18  sdcdtu.o [1]
  .rodata             const    0x0800e78c    0x18  system_status.o [1]
  .rodata             const    0x0800e7a4    0x18  system_status.o [1]
  .text               ro code  0x0800e7bc    0x16  xprout.o [3]
  .rodata             const    0x0800e7d4    0x14  configure.o [1]
  .rodata             const    0x0800e7e8    0x14  gprs.o [1]
  .rodata             const    0x0800e7fc    0x14  gprs.o [1]
  .rodata             const    0x0800e810    0x14  gprs.o [1]
  .rodata             const    0x0800e824    0x14  gprs.o [1]
  .rodata             const    0x0800e838    0x14  sdcdtu.o [1]
  .rodata             const    0x0800e84c    0x14  sim800.o [1]
  .rodata             const    0x0800e860    0x14  sim800.o [1]
  .rodata             const    0x0800e874    0x14  sim800.o [1]
  .rodata             const    0x0800e888    0x14  sim800.o [1]
  .rodata             const    0x0800e89c    0x14  sim800.o [1]
  .rodata             const    0x0800e8b0    0x10  configure.o [1]
  .rodata             const    0x0800e8c0    0x10  sdcdtu.o [1]
  .rodata             const    0x0800e8d0    0x10  senprote-rs3010K.o [1]
  .rodata             const    0x0800e8e0    0x10  senprote-soil.o [1]
  .rodata             const    0x0800e8f0    0x10  senproto-rst460.o [1]
  .rodata             const    0x0800e900    0x10  senproto-zbm001.o [1]
  .rodata             const    0x0800e910    0x10  sim800.o [1]
  .rodata             const    0x0800e920    0x10  sim800.o [1]
  .rodata             const    0x0800e930    0x10  sim800.o [1]
  .rodata             const    0x0800e940    0x10  sim800.o [1]
  .rodata             const    0x0800e950    0x10  sim800.o [1]
  .rodata             const    0x0800e960    0x10  sim800.o [1]
  .rodata             const    0x0800e970    0x10  sim800.o [1]
  .text               ro code  0x0800e980    0x10  startup_stm32f10x_md.o [1]
  .rodata             const    0x0800e990     0xc  etimer.o [1]
  .rodata             const    0x0800e99c     0xc  gprs.o [1]
  .rodata             const    0x0800e9a8     0xc  logger.o [1]
  .rodata             const    0x0800e9b4     0xc  senprote-cond.o [1]
  .rodata             const    0x0800e9c0     0xc  senprote-do.o [1]
  .rodata             const    0x0800e9cc     0xc  senprote-ph.o [1]
  .rodata             const    0x0800e9d8     0xc  senprote-S0504.o [1]
  .rodata             const    0x0800e9e4     0xc  senprote-S0601.o [1]
  .rodata             const    0x0800e9f0     0xc  senprote-t770.o [1]
  .rodata             const    0x0800e9fc     0xc  senprote-t800.o [1]
  .rodata             const    0x0800ea08     0xc  senprote-t830.o [1]
  .rodata             const    0x0800ea14     0xc  senprote-turb.o [1]
  .rodata             const    0x0800ea20     0xc  senprote-water.o [1]
  .rodata             const    0x0800ea2c     0xc  sim800.o [1]
  .rodata             const    0x0800ea38     0xc  sim800.o [1]
  .rodata             const    0x0800ea44     0xc  sim800.o [1]
  .rodata             const    0x0800ea50     0xc  usart.o [1]
  .text               ro code  0x0800ea5c     0xc  cstartup_M.o [5]
  .rodata             const    0x0800ea68     0x8  gprs.o [1]
  .rodata             const    0x0800ea70     0x8  sim800.o [1]
  .text               ro code  0x0800ea78     0x4  startup_stm32f10x_md.o [1]
  .text               ro code  0x0800ea7c     0x4  startup_stm32f10x_md.o [1]
  .text               ro code  0x0800ea80     0x4  startup_stm32f10x_md.o [1]
  .text               ro code  0x0800ea84     0x4  startup_stm32f10x_md.o [1]
  .text               ro code  0x0800ea88     0x4  startup_stm32f10x_md.o [1]
  .text               ro code  0x0800ea8c     0x4  startup_stm32f10x_md.o [1]
  .text               ro code  0x0800ea90     0x4  startup_stm32f10x_md.o [1]
  .text               ro code  0x0800ea94     0x4  startup_stm32f10x_md.o [1]
  .text               ro code  0x0800ea98     0x4  startup_stm32f10x_md.o [1]
  .text               ro code  0x0800ea9c     0x4  startup_stm32f10x_md.o [1]
  .text               ro code  0x0800eaa0     0x4  startup_stm32f10x_md.o [1]
  .text               ro code  0x0800eaa4     0x4  startup_stm32f10x_md.o [1]
  .text               ro code  0x0800eaa8     0x4  startup_stm32f10x_md.o [1]
  .text               ro code  0x0800eaac     0x4  startup_stm32f10x_md.o [1]
  .text               ro code  0x0800eab0     0x4  startup_stm32f10x_md.o [1]
  .text               ro code  0x0800eab4     0x4  startup_stm32f10x_md.o [1]
  .text               ro code  0x0800eab8     0x4  startup_stm32f10x_md.o [1]
  .text               ro code  0x0800eabc     0x4  startup_stm32f10x_md.o [1]
  .text               ro code  0x0800eac0     0x4  startup_stm32f10x_md.o [1]
  .text               ro code  0x0800eac4     0x4  startup_stm32f10x_md.o [1]
  .text               ro code  0x0800eac8     0x4  startup_stm32f10x_md.o [1]
  .text               ro code  0x0800eacc     0x4  startup_stm32f10x_md.o [1]
  .text               ro code  0x0800ead0     0x4  startup_stm32f10x_md.o [1]
  .text               ro code  0x0800ead4     0x4  startup_stm32f10x_md.o [1]
  .text               ro code  0x0800ead8     0x4  startup_stm32f10x_md.o [1]
  .text               ro code  0x0800eadc     0x4  startup_stm32f10x_md.o [1]
  .text               ro code  0x0800eae0     0x4  startup_stm32f10x_md.o [1]
  .text               ro code  0x0800eae4     0x4  startup_stm32f10x_md.o [1]
  .text               ro code  0x0800eae8     0x4  startup_stm32f10x_md.o [1]
  .text               ro code  0x0800eaec     0x4  startup_stm32f10x_md.o [1]
  .text               ro code  0x0800eaf0     0x4  startup_stm32f10x_md.o [1]
  .text               ro code  0x0800eaf4     0x4  startup_stm32f10x_md.o [1]
  .text               ro code  0x0800eaf8     0x4  startup_stm32f10x_md.o [1]
  .text               ro code  0x0800eafc     0x4  startup_stm32f10x_md.o [1]
  .text               ro code  0x0800eb00     0x4  startup_stm32f10x_md.o [1]
  .text               ro code  0x0800eb04     0x4  startup_stm32f10x_md.o [1]
  .text               ro code  0x0800eb08     0x4  startup_stm32f10x_md.o [1]
  .text               ro code  0x0800eb0c     0x4  startup_stm32f10x_md.o [1]
  .text               ro code  0x0800eb10     0x4  startup_stm32f10x_md.o [1]
  .text               ro code  0x0800eb14     0x4  startup_stm32f10x_md.o [1]
  .text               ro code  0x0800eb18     0x4  startup_stm32f10x_md.o [1]
  .text               ro code  0x0800eb1c     0x4  startup_stm32f10x_md.o [1]
  .text               ro code  0x0800eb20     0x4  startup_stm32f10x_md.o [1]
  .text               ro code  0x0800eb24     0x4  startup_stm32f10x_md.o [1]
  .text               ro code  0x0800eb28     0x4  startup_stm32f10x_md.o [1]
  .text               ro code  0x0800eb2c     0x4  startup_stm32f10x_md.o [1]
  .text               ro code  0x0800eb30     0x4  startup_stm32f10x_md.o [1]
  .text               ro code  0x0800eb34     0x4  startup_stm32f10x_md.o [1]
  .rodata             const    0x0800eb38     0x0  zero_init3.o [5]
  .rodata             const    0x0800eb38     0x0  lz77_init.o [5]
  Initializer bytes   const    0x0800eb38   0x1fa  <for P2 s0>
                             - 0x0800ed32  0xec46

"P2":                                      0x4c58
  P2 s0                        0x20000000   0x3a8  <Init block>
    .data             inited   0x20000000    0xb0  gpio.o [1]
    .data             inited   0x200000b0    0x60  senif.o [1]
    .data             inited   0x20000110    0x3c  senproto.o [1]
    __DLIB_PERTHREAD  inited   0x2000014c    0x2c  xttotm.o [3]
    .data             inited   0x20000178    0x10  etimer.o [1]
    .data             inited   0x20000188    0x10  gprs.o [1]
    .data             inited   0x20000198    0x10  gprs.o [1]
    .data             inited   0x200001a8    0x10  sdcdtu.o [1]
    .data             inited   0x200001b8    0x10  sdcdtu.o [1]
    .data             inited   0x200001c8    0x10  sdcdtu.o [1]
    .data             inited   0x200001d8    0x10  sdcdtu.o [1]
    .data             inited   0x200001e8    0x10  sdcdtu.o [1]
    .data             inited   0x200001f8    0x10  sdcdtu.o [1]
    .data             inited   0x20000208    0x10  sdcdtu.o [1]
    .data             inited   0x20000218    0x10  sdcdtu.o [1]
    .data             inited   0x20000228    0x10  sdcdtu.o [1]
    .data             inited   0x20000238    0x10  sim800.o [1]
    .data             inited   0x20000248    0x10  sim800.o [1]
    .data             inited   0x20000258    0x10  sim800.o [1]
    .data             inited   0x20000268    0x10  stm32f10x_rcc.o [1]
    .data             inited   0x20000278    0x10  system_status.o [1]
    .data             inited   0x20000288    0x10  system_status.o [1]
    .data             inited   0x20000298     0xc  sdcdtu.o [1]
    .data             inited   0x200002a4     0xc  sdcdtu.o [1]
    .data             inited   0x200002b0     0xc  sdcdtu.o [1]
    .data             inited   0x200002bc     0xc  sdcdtu.o [1]
    .data             inited   0x200002c8     0xc  sdcdtu.o [1]
    .data             inited   0x200002d4     0xc  senif.o [1]
    .data             inited   0x200002e0     0xc  senif.o [1]
    .data             inited   0x200002ec     0xc  senif.o [1]
    .data             inited   0x200002f8     0xc  sevproto.o [1]
    .data             inited   0x20000304     0xc  sim800.o [1]
    .data             inited   0x20000310     0x8  senprote-cond.o [1]
    .data             inited   0x20000318     0x8  senprote-do.o [1]
    .data             inited   0x20000320     0x8  senprote-ph.o [1]
    .data             inited   0x20000328     0x8  senprote-rs3010K.o [1]
    .data             inited   0x20000330     0x8  senprote-S0504.o [1]
    .data             inited   0x20000338     0x8  senprote-S0601.o [1]
    .data             inited   0x20000340     0x8  senprote-soil.o [1]
    .data             inited   0x20000348     0x8  senprote-t770.o [1]
    .data             inited   0x20000350     0x8  senprote-t800.o [1]
    .data             inited   0x20000358     0x8  senprote-t830.o [1]
    .data             inited   0x20000360     0x8  senprote-turb.o [1]
    .data             inited   0x20000368     0x8  senprote-water.o [1]
    .data             inited   0x20000370     0x8  senproto-rst460.o [1]
    .data             inited   0x20000378     0x8  senproto-zbm001.o [1]
    __DLIB_PERTHREAD  inited   0x20000380     0x8  setlocale.o [3]
    .data             inited   0x20000388     0x4  sdcdtu.o [1]
    .data             inited   0x2000038c     0x4  sdcdtu.o [1]
    .data             inited   0x20000390     0x4  sdcdtu.o [1]
    .data             inited   0x20000394     0x4  sdcdtu.o [1]
    .data             inited   0x20000398     0x4  stm32f10x_rcc.o [1]
    __DLIB_PERTHREAD  inited   0x2000039c     0x4  xisdst.o [3]
    __DLIB_PERTHREAD  inited   0x200003a0     0x4  xisdstData.o [3]
    __DLIB_PERTHREAD  inited   0x200003a4     0x4  errno.o [3]
  .bss                zero     0x200003a8   0x400  sim800.o [1]
  .bss                zero     0x200007a8   0x200  sdcdtu.o [1]
  .bss                zero     0x200009a8   0x200  sdcdtu.o [1]
  .bss                zero     0x20000ba8   0x200  sdcdtu.o [1]
  .bss                zero     0x20000da8   0x200  sevproto.o [1]
  .bss                zero     0x20000fa8   0x1d8  dlmalloc.o [3]
  .bss                zero     0x20001180   0x180  process.o [1]
  .bss                zero     0x20001300   0x158  spiffs_disk.o [1]
  .bss                zero     0x20001458   0x110  sdcdtu.o [1]
  .bss                zero     0x20001568   0x110  sim800.o [1]
  .bss                zero     0x20001678   0x100  sdcdtu.o [1]
  .bss                zero     0x20001778   0x100  sdcdtu.o [1]
  .bss                zero     0x20001878    0x80  sdcdtu.o [1]
  .bss                zero     0x200018f8    0x70  spiffs_disk.o [1]
  .bss                zero     0x20001968    0x40  usart_stream.o [1]
  .bss                zero     0x200019a8    0x40  usart_stream.o [1]
  .bss                zero     0x200019e8    0x18  dlmalloc.o [3]
  .bss                zero     0x20001a00    0x10  gprs.o [1]
  .bss                zero     0x20001a10    0x10  gprs.o [1]
  .bss                zero     0x20001a20    0x10  sdcdtu.o [1]
  .bss                zero     0x20001a30    0x10  sdcdtu.o [1]
  .bss                zero     0x20001a40    0x10  sdcdtu.o [1]
  .bss                zero     0x20001a50    0x10  sdcdtu.o [1]
  .bss                zero     0x20001a60    0x10  sdcdtu.o [1]
  .bss                zero     0x20001a70    0x10  sdcdtu.o [1]
  .bss                zero     0x20001a80    0x10  sdcdtu.o [1]
  .bss                zero     0x20001a90    0x10  sdcdtu.o [1]
  .bss                zero     0x20001aa0    0x10  sdcdtu.o [1]
  .bss                zero     0x20001ab0    0x10  sim800.o [1]
  .bss                zero     0x20001ac0    0x10  sim800.o [1]
  .bss                zero     0x20001ad0    0x10  system_status.o [1]
  .bss                zero     0x20001ae0    0x10  usart_stream.o [1]
  .bss                zero     0x20001af0    0x10  usart_stream.o [1]
  .bss                zero     0x20001b00     0xc  sdcdtu.o [1]
  .bss                zero     0x20001b0c     0x4  etimer.o [1]
  .bss                zero     0x20001b10     0x8  clock.o [1]
  .bss                zero     0x20001b18     0x8  clock.o [1]
  .bss                zero     0x20001b20     0x8  sdcdtu.o [1]
  .bss                zero     0x20001b28     0x8  sdcdtu.o [1]
  .bss                zero     0x20001b30     0x8  sdcdtu.o [1]
  .bss                zero     0x20001b38     0x8  sim800.o [1]
  .bss                zero     0x20001b40     0x8  sim800.o [1]
  .bss                zero     0x20001b48     0x8  sim800.o [1]
  .bss                zero     0x20001b50     0x8  spiffs_disk.o [1]
  .bss                zero     0x20001b58     0x8  system_status.o [1]
  .bss                zero     0x20001b60     0x4  etimer.o [1]
  .bss                zero     0x20001b64     0x4  gprs.o [1]
  .bss                zero     0x20001b68     0x4  gprs.o [1]
  .bss                zero     0x20001b6c     0x4  gprs.o [1]
  .bss                zero     0x20001b70     0x4  gprs.o [1]
  .bss                zero     0x20001b74     0x4  gprs.o [1]
  .bss                zero     0x20001b78     0x4  process.o [1]
  .bss                zero     0x20001b7c     0x4  process.o [1]
  .bss                zero     0x20001b80     0x4  process.o [1]
  .bss                zero     0x20001b84     0x4  process.o [1]
  .bss                zero     0x20001b88     0x4  process.o [1]
  .bss                zero     0x20001b8c     0x4  sdcdtu.o [1]
  .bss                zero     0x20001b90     0x4  sdcdtu.o [1]
  .bss                zero     0x20001b94     0x4  sdcdtu.o [1]
  .bss                zero     0x20001b98     0x4  sdcdtu.o [1]
  .bss                zero     0x20001b9c     0x4  sdcdtu.o [1]
  .bss                zero     0x20001ba0     0x4  sdcdtu.o [1]
  .bss                zero     0x20001ba4     0x4  sdcdtu.o [1]
  .bss                zero     0x20001ba8     0x4  sdcdtu.o [1]
  .bss                zero     0x20001bac     0x4  sdcdtu.o [1]
  .bss                zero     0x20001bb0     0x4  sdcdtu.o [1]
  .bss                zero     0x20001bb4     0x4  sdcdtu.o [1]
  .bss                zero     0x20001bb8     0x4  sdcdtu.o [1]
  .bss                zero     0x20001bbc     0x4  sdcdtu.o [1]
  .bss                zero     0x20001bc0     0x4  sdcdtu.o [1]
  .bss                zero     0x20001bc4     0x4  sdcdtu.o [1]
  .bss                zero     0x20001bc8     0x4  sdcdtu.o [1]
  .bss                zero     0x20001bcc     0x4  sdcdtu.o [1]
  .bss                zero     0x20001bd0     0x4  sdcdtu.o [1]
  .bss                zero     0x20001bd4     0x4  sdcdtu.o [1]
  .bss                zero     0x20001bd8     0x4  sdcdtu.o [1]
  .bss                zero     0x20001bdc     0x4  sdcdtu.o [1]
  .bss                zero     0x20001be0     0x4  sdcdtu.o [1]
  .bss                zero     0x20001be4     0x4  sdcdtu.o [1]
  .bss                zero     0x20001be8     0x4  sevproto.o [1]
  .bss                zero     0x20001bec     0x4  sevproto.o [1]
  .bss                zero     0x20001bf0     0x4  sim800.o [1]
  .bss                zero     0x20001bf4     0x4  sim800.o [1]
  .bss                zero     0x20001bf8     0x4  sim800.o [1]
  .bss                zero     0x20001bfc     0x4  sim800.o [1]
  .bss                zero     0x20001c00     0x4  sim800.o [1]
  .bss                zero     0x20001c04     0x4  sim800.o [1]
  .bss                zero     0x20001c08     0x4  sim800.o [1]
  .bss                zero     0x20001c0c     0x4  sim800.o [1]
  .bss                zero     0x20001c10     0x4  sim800.o [1]
  .bss                zero     0x20001c14     0x4  sim800.o [1]
  .bss                zero     0x20001c18     0x4  sim800.o [1]
  .bss                zero     0x20001c1c     0x4  sim800.o [1]
  .bss                zero     0x20001c20     0x4  sim800.o [1]
  .bss                zero     0x20001c24     0x4  sim800.o [1]
  .bss                zero     0x20001c28     0x4  sim800.o [1]
  .bss                zero     0x20001c2c     0x4  usart.o [1]
  .bss                zero     0x20001c30     0x4  usart.o [1]
  .bss                zero     0x20001c34     0x4  xgetmemchunk.o [3]
  .bss                zero     0x20001c38     0x1  gprs.o [1]
  .bss                zero     0x20001c39     0x1  gprs.o [1]
  .bss                zero     0x20001c3a     0x1  gprs.o [1]
  .bss                zero     0x20001c3b     0x1  gprs.o [1]
  .bss                zero     0x20001c3c     0x1  gprs.o [1]
  .bss                zero     0x20001c3d     0x1  process.o [1]
  .bss                zero     0x20001c3e     0x1  process.o [1]
  .bss                zero     0x20001c3f     0x1  process.o [1]
  .bss                zero     0x20001c40     0x1  process.o [1]
  .bss                zero     0x20001c41     0x1  process.o [1]
  .bss                zero     0x20001c42     0x1  process.o [1]
  .bss                zero     0x20001c43     0x1  senprote-cond.o [1]
  .bss                zero     0x20001c44     0x1  senprote-do.o [1]
  .bss                zero     0x20001c45     0x1  senprote-ph.o [1]
  .bss                zero     0x20001c46     0x1  senprote-rs3010K.o [1]
  .bss                zero     0x20001c47     0x1  senprote-S0504.o [1]
  .bss                zero     0x20001c48     0x1  senprote-S0601.o [1]
  .bss                zero     0x20001c49     0x1  senprote-soil.o [1]
  .bss                zero     0x20001c4a     0x1  senprote-t770.o [1]
  .bss                zero     0x20001c4b     0x1  senprote-t800.o [1]
  .bss                zero     0x20001c4c     0x1  senprote-t830.o [1]
  .bss                zero     0x20001c4d     0x1  senprote-turb.o [1]
  .bss                zero     0x20001c4e     0x1  senprote-water.o [1]
  .bss                zero     0x20001c4f     0x1  senproto-rst460.o [1]
  .bss                zero     0x20001c50     0x1  senproto-zbm001.o [1]
  CSTACK                       0x20001c58  0x1000  <Block>
    CSTACK            uninit   0x20001c58  0x1000  <Block tail>
  HEAP                         0x20002c58  0x2000  <Block>
    HEAP              uninit   0x20002c58  0x2000  <Block tail>
                             - 0x20004c58  0x4c58


*******************************************************************************
*** INIT TABLE
***

          Address     Size
          -------     ----
Zero (__iar_zero_init3)
    1 destination range, total size 0x18a9:
          0x200003a8  0x18a9

Copy/lz77 (__iar_lz77_init3)
    1 source range, total size 0x1fa (54% of destination):
          0x0800eb38   0x1fa
    1 destination range, total size 0x3a8:
          0x20000000   0x3a8



*******************************************************************************
*** MODULE SUMMARY
***

    Module                  ro code  ro data  rw data
    ------                  -------  -------  -------
D:\Ruhr\Xiongmao\github\DTU1.0\project\Debug\Obj: [1]
    battery.o                   712       36
    clock.o                     312                16
    configure.o                 252       36
    crc.o                       372
    deviceid.o                   44
    etimer.o                    424       20       24
    fifo.o                      270
    framebuff.o                 266
    gpio.o                      218       95      176
    gprs.o                    1 808      546       89
    list.o                      178
    logger.o                    164       12
    main.o                      128
    memb.o                      160
    misc.o                      176
    process.o                   848               410
    rtc.o                       306
    sdcdtu.o                  5 680      332    2 940
    senif.o                     404       71      132
    senprote-S0504.o            480      528        9
    senprote-S0601.o            596      528        9
    senprote-cond.o             492      529        9
    senprote-do.o               492      528        9
    senprote-ph.o               480      528        9
    senprote-rs3010K.o          624      533        9
    senprote-soil.o             588      533        9
    senprote-t770.o             492      528        9
    senprote-t800.o             480      528        9
    senprote-t830.o             480      529        9
    senprote-turb.o             492      528        9
    senprote-water.o            480      528        9
    senproto-rst460.o           416       21        9
    senproto-zbm001.o           760      532        9
    senproto.o                   24       32       60
    sensor_data_backup.o        700       28
    sevproto.o                  328        7      532
    sim800.o                  5 520    1 040    1 472
    spiffs_disk.o             3 518               464
    spiflash.o                  696
    startup_stm32f10x_md.o      444
    stm32f10x_adc.o             506
    stm32f10x_bkp.o              80
    stm32f10x_crc.o              12
    stm32f10x_flash.o            28
    stm32f10x_gpio.o            366
    stm32f10x_iwdg.o             56
    stm32f10x_pwr.o             104
    stm32f10x_rcc.o             664       10       20
    stm32f10x_rtc.o             264
    stm32f10x_spi.o             162
    stm32f10x_usart.o           416
    system_status.o             308       65       56
    timer.o                      46
    usart.o                     584       12        8
    usart_stream.o              276               160
    -------------------------------------------------
    Total:                   35 176    9 243    6 685

command line: [2]
    -------------------------------------------------
    Total:

dl7M_tln.a: [3]
    abort.o                       6
    div.o                        14
    dlmalloc.o                5 392               496
    errno.o                      12        2        4
    exit.o                        4
    getzone.o                    10
    gmtime.o                     10
    low_level_init.o              4
    printf.o                     36
    putchar.o                    40
    setlocale.o                  41        4        8
    sprintf.o                    52
    sscanf.o                     36
    vla_alloc.o                  22
    xgetdst.o                   356
    xgetmemchunk.o               44                 4
    xgettime.o                   66
    xisdst.o                    308        2        4
    xisdstData.o                           2        4
    xprintffull_nomb.o        3 502
    xprout.o                     22
    xscanfsmall_nomb.o        1 288
    xsprout.o                    10
    xsscin.o                     30
    xstol.o                     134
    xstoul.o                    412
    xtls.o                        2
    xttotm.o                    392       24       44
    -------------------------------------------------
    Total:                   12 245       34      564

m7M_tl.a: [4]
    DblAdd.o                    212
    DblCmpGe.o                   46
    DblCmpLe.o                   46
    DblDiv.o                    598
    DblMul.o                    418
    DblSub.o                    384
    DblToI32.o                   88
    FltToDbl.o                   78
    I32ToDbl.o                   48
    xdnorm.o                     66
    xdscale.o                   272
    -------------------------------------------------
    Total:                    2 256

rt7M_tl.a: [5]
    ABImemcpy_unaligned.o       118
    ABImemmove_unaligned.o      120
    ABImemset.o                 102
    I64DivMod.o                 306
    I64DivZer.o                   2
    cexit.o                      10
    cmain.o                      26
    cstartup_M.o                 12
    data_init.o                  40
    lz77_init.o                 450
    memchr.o                     88
    memcmp_unaligned.o           98
    strchr.o                     22
    strcmp_unaligned.o           66
    strcpy_unaligned.o           68
    strlen.o                     54
    zero_init3.o                 64
    -------------------------------------------------
    Total:                    1 646

shb_l.a: [6]
    exit.o                       20
    -------------------------------------------------
    Total:                       20

    Gaps                         53        4
    Linker created                        45   12 288
-----------------------------------------------------
    Grand Total:             51 396    9 326   19 537


*******************************************************************************
*** ENTRY LIST
***

Entry                      Address   Size  Type      Object
-----                      -------   ----  ----      ------
.iar.init_table$$Base   0x0800e45c          --   Gb  - Linker created -
.iar.init_table$$Limit  0x0800e488          --   Gb  - Linker created -
?main                   0x0800e5c5         Code  Gb  cmain.o [5]
ADCPrescTable           0x20000398    0x4  Data  Lc  stm32f10x_rcc.o [1]
ADC_Cmd                 0x080077ef   0x1a  Code  Gb  stm32f10x_adc.o [1]
ADC_GetCalibrationStatus
                        0x08007835   0x18  Code  Gb  stm32f10x_adc.o [1]
ADC_GetConversionValue  0x08007955    0x6  Code  Gb  stm32f10x_adc.o [1]
ADC_GetFlagStatus       0x08007965   0x1a  Code  Gb  stm32f10x_adc.o [1]
ADC_GetResetCalibrationStatus
                        0x08007813   0x18  Code  Gb  stm32f10x_adc.o [1]
ADC_Init                0x08007785   0x50  Code  Gb  stm32f10x_adc.o [1]
ADC_RegularChannelConfig
                        0x08007867   0xee  Code  Gb  stm32f10x_adc.o [1]
ADC_ResetCalibration    0x08007809    0xa  Code  Gb  stm32f10x_adc.o [1]
ADC_SoftwareStartConvCmd
                        0x0800784d   0x1a  Code  Gb  stm32f10x_adc.o [1]
ADC_StartCalibration    0x0800782b    0xa  Code  Gb  stm32f10x_adc.o [1]
ADC_StructInit          0x080077d5   0x1a  Code  Gb  stm32f10x_adc.o [1]
APBAHBPrescTable        0x20000268   0x10  Data  Lc  stm32f10x_rcc.o [1]
BKP_ClearFlag           0x08005efd    0xe  Code  Gb  stm32f10x_bkp.o [1]
BKP_ReadBackupRegister  0x08005ee1   0x1c  Code  Gb  stm32f10x_bkp.o [1]
BKP_WriteBackupRegister
                        0x08005ec5   0x1c  Code  Gb  stm32f10x_bkp.o [1]
CRC_ResetDR             0x08008dc9    0x8  Code  Gb  stm32f10x_crc.o [1]
CSTACK$$Base            0x20001c58          --   Gb  - Linker created -
CSTACK$$Limit           0x20002c58          --   Gb  - Linker created -
Do_parse                0x0800b33d  0x140  Code  Gb  senprote-do.o [1]
Do_prepare              0x0800b2db   0x62  Code  Gb  senprote-do.o [1]
Do_senproto             0x20000318    0x8  Data  Gb  senprote-do.o [1]
FLASH_SetLatency        0x08008dd5   0x18  Code  Gb  stm32f10x_flash.o [1]
GPIO_Init               0x08007615  0x136  Code  Gb  stm32f10x_gpio.o [1]
GPIO_ReadInputDataBit   0x0800774b   0x1a  Code  Gb  stm32f10x_gpio.o [1]
GPIO_ResetBits          0x0800776b    0x6  Code  Gb  stm32f10x_gpio.o [1]
GPIO_SetBits            0x08007765    0x6  Code  Gb  stm32f10x_gpio.o [1]
GPIO_WriteBit           0x08007771   0x12  Code  Gb  stm32f10x_gpio.o [1]
HEAP$$Base              0x20002c58          --   Gb  - Linker created -
HEAP$$Limit             0x20004c58          --   Gb  - Linker created -
IWDG_Enable             0x0800c67f    0xa  Code  Gb  stm32f10x_iwdg.o [1]
IWDG_ReloadCounter      0x0800c675    0xa  Code  Gb  stm32f10x_iwdg.o [1]
IWDG_SetPrescaler       0x0800c665    0x8  Code  Gb  stm32f10x_iwdg.o [1]
IWDG_SetReload          0x0800c66d    0x8  Code  Gb  stm32f10x_iwdg.o [1]
IWDG_WriteAccessCmd     0x0800c65d    0x8  Code  Gb  stm32f10x_iwdg.o [1]
InStream_Read           0x0800c1c5   0x22  Code  Lc  lz77_init.o [5]
LoadInt                 0x080085a5   0x6e  Code  Lc  xprintffull_nomb.o [3]
NVIC_Init               0x08008dfb   0x6c  Code  Gb  misc.o [1]
NVIC_PriorityGroupConfig
                        0x08008df1    0xa  Code  Gb  misc.o [1]
NVIC_SetPriority        0x08006505   0x26  Code  Lc  clock.o [1]
OutStream_Write         0x0800c1e7   0x40  Code  Lc  lz77_init.o [5]
PWR_BackupAccessCmd     0x08005e5d    0x8  Code  Gb  stm32f10x_pwr.o [1]
PWR_ClearFlag           0x08005ea7    0xe  Code  Gb  stm32f10x_pwr.o [1]
PWR_EnterSTANDBYMode    0x08005e65   0x28  Code  Gb  stm32f10x_pwr.o [1]
PWR_GetFlagStatus       0x08005e8d   0x1a  Code  Gb  stm32f10x_pwr.o [1]
RCC_ADCCLKConfig        0x0800609f   0x14  Code  Gb  stm32f10x_rcc.o [1]
RCC_AHBPeriphClockCmd   0x080061d5   0x1e  Code  Gb  stm32f10x_rcc.o [1]
RCC_APB1PeriphClockCmd  0x08006211   0x1e  Code  Gb  stm32f10x_rcc.o [1]
RCC_APB2PeriphClockCmd  0x080061f3   0x1e  Code  Gb  stm32f10x_rcc.o [1]
RCC_GetClocksFreq       0x080060f3   0xe2  Code  Gb  stm32f10x_rcc.o [1]
RCC_GetFlagStatus       0x0800622f   0x50  Code  Gb  stm32f10x_rcc.o [1]
RCC_GetSYSCLKSource     0x08006057    0xa  Code  Gb  stm32f10x_rcc.o [1]
RCC_HCLKConfig          0x08006061   0x14  Code  Gb  stm32f10x_rcc.o [1]
RCC_LSEConfig           0x080060b3   0x2c  Code  Gb  stm32f10x_rcc.o [1]
RCC_PCLK1Config         0x08006075   0x14  Code  Gb  stm32f10x_rcc.o [1]
RCC_PCLK2Config         0x08006089   0x16  Code  Gb  stm32f10x_rcc.o [1]
RCC_PLLCmd              0x08006039    0xa  Code  Gb  stm32f10x_rcc.o [1]
RCC_PLLConfig           0x0800601d   0x1c  Code  Gb  stm32f10x_rcc.o [1]
RCC_RTCCLKCmd           0x080060eb    0x8  Code  Gb  stm32f10x_rcc.o [1]
RCC_RTCCLKConfig        0x080060df    0xc  Code  Gb  stm32f10x_rcc.o [1]
RCC_SYSCLKConfig        0x08006043   0x14  Code  Gb  stm32f10x_rcc.o [1]
RTCAlarm_IRQHandler     0x08001f81    0xa  Code  Gb  rtc.o [1]
RTC_ClearFlag           0x08005ff1    0xc  Code  Gb  stm32f10x_rtc.o [1]
RTC_EnterConfigMode     0x08005f33    0xe  Code  Gb  stm32f10x_rtc.o [1]
RTC_ExitConfigMode      0x08005f41   0x10  Code  Gb  stm32f10x_rtc.o [1]
RTC_GetCounter          0x08005f51   0x16  Code  Gb  stm32f10x_rtc.o [1]
RTC_GetFlagStatus       0x08005fd5   0x1c  Code  Gb  stm32f10x_rtc.o [1]
RTC_ITConfig            0x08005f15   0x1e  Code  Gb  stm32f10x_rtc.o [1]
RTC_SetAlarm            0x08005f9b   0x18  Code  Gb  stm32f10x_rtc.o [1]
RTC_SetCounter          0x08005f67   0x18  Code  Gb  stm32f10x_rtc.o [1]
RTC_SetPrescaler        0x08005f7f   0x1c  Code  Gb  stm32f10x_rtc.o [1]
RTC_WaitForLastTask     0x08005fb3    0xa  Code  Gb  stm32f10x_rtc.o [1]
RTC_WaitForSynchro      0x08005fbd   0x18  Code  Gb  stm32f10x_rtc.o [1]
Region$$Table$$Base     0x0800e45c          --   Gb  - Linker created -
Region$$Table$$Limit    0x0800e488          --   Gb  - Linker created -
S0504_parse             0x0800bae1  0x134  Code  Gb  senprote-S0504.o [1]
S0504_prepare           0x0800ba7f   0x62  Code  Gb  senprote-S0504.o [1]
S0504_senproto          0x20000330    0x8  Data  Gb  senprote-S0504.o [1]
S0610_parse             0x0800acb1  0x1a6  Code  Gb  senprote-S0601.o [1]
S0610_prepare           0x0800ac4f   0x62  Code  Gb  senprote-S0601.o [1]
S0610_senproto          0x20000338    0x8  Data  Gb  senprote-S0601.o [1]
SPI_Cmd                 0x0800a00b   0x1c  Code  Gb  stm32f10x_spi.o [1]
SPI_FLASH_ChipSelect    0x08008fc5   0x22  Code  Lc  spiflash.o [1]
SPI_FLASH_Init          0x080091c1   0xae  Code  Gb  spiflash.o [1]
SPI_FLASH_Read          0x0800918d   0x34  Code  Gb  spiflash.o [1]
SPI_FLASH_SectorErase   0x080090fd   0x26  Code  Gb  spiflash.o [1]
SPI_FLASH_SelectProtect
                        0x08009019   0x5a  Code  Lc  spiflash.o [1]
SPI_FLASH_SendCommandAndAddress
                        0x0800909f   0x2a  Code  Lc  spiflash.o [1]
SPI_FLASH_SwapByte      0x08008fe7   0x32  Code  Lc  spiflash.o [1]
SPI_FLASH_WaitForBusy   0x080090c9   0x34  Code  Lc  spiflash.o [1]
SPI_FLASH_Write         0x08009123   0x6a  Code  Gb  spiflash.o [1]
SPI_FLASH_WriteDisable  0x08009089   0x16  Code  Lc  spiflash.o [1]
SPI_FLASH_WriteEnable   0x08009073   0x16  Code  Lc  spiflash.o [1]
SPI_I2S_GetFlagStatus   0x0800a02f   0x18  Code  Gb  stm32f10x_spi.o [1]
SPI_I2S_ReceiveData     0x0800a02b    0x4  Code  Gb  stm32f10x_spi.o [1]
SPI_I2S_SendData        0x0800a027    0x4  Code  Gb  stm32f10x_spi.o [1]
SPI_Init                0x08009fa5   0x40  Code  Gb  stm32f10x_spi.o [1]
SPI_StructInit          0x08009fe5   0x26  Code  Gb  stm32f10x_spi.o [1]
SysTick_CLKSourceConfig
                        0x08008e67   0x20  Code  Gb  misc.o [1]
SysTick_Config          0x0800652b   0x30  Code  Lc  clock.o [1]
SysTick_Handler         0x080065f1   0x2c  Code  Gb  clock.o [1]
SystemInit              0x0800e225    0x2  Code  Gb  main.o [1]
USART1_IRQHandler       0x08007f73   0x3c  Code  Gb  usart.o [1]
USART2_IRQHandler       0x08007faf   0x26  Code  Gb  usart.o [1]
USART_Cmd               0x080095f1   0x1c  Code  Gb  stm32f10x_usart.o [1]
USART_GetFlagStatus     0x08009673   0x1e  Code  Gb  stm32f10x_usart.o [1]
USART_ITConfig          0x0800960d   0x56  Code  Gb  stm32f10x_usart.o [1]
USART_Init              0x080094f1   0xde  Code  Gb  stm32f10x_usart.o [1]
USART_ReceiveData       0x0800966b    0x8  Code  Gb  stm32f10x_usart.o [1]
USART_STREAM1_data_buffer
                        0x20001968   0x40  Data  Lc  usart_stream.o [1]
USART_STREAM1_fifo      0x20001ae0   0x10  Data  Lc  usart_stream.o [1]
USART_STREAM1_input_handler
                        0x08006641   0x10  Code  Gb  usart_stream.o [1]
USART_STREAM2_data_buffer
                        0x200019a8   0x40  Data  Lc  usart_stream.o [1]
USART_STREAM2_fifo      0x20001af0   0x10  Data  Lc  usart_stream.o [1]
USART_STREAM2_input_handler
                        0x08006651   0x10  Code  Gb  usart_stream.o [1]
USART_SendData          0x08009663    0x8  Code  Gb  stm32f10x_usart.o [1]
USART_StructInit        0x080095d5   0x1c  Code  Gb  stm32f10x_usart.o [1]
YYCURSOR                0x20001c18    0x4  Data  Gb  sim800.o [1]
YYMARKER                0x20001c20    0x4  Data  Gb  sim800.o [1]
YYSTART                 0x20001c1c    0x4  Data  Gb  sim800.o [1]
_GenldFullNoMb          0x08008b1b  0x264  Code  Lc  xprintffull_nomb.o [3]
_GetN                   0x08009691   0x22  Code  Lc  xscanfsmall_nomb.o [3]
_Getdst                 0x0800a515  0x13c  Code  Gb  xgetdst.o [3]
_GetintSmallNoMb        0x0800996f  0x214  Code  Lc  xscanfsmall_nomb.o [3]
_GetstrSmallNoMb        0x080098bb   0xb4  Code  Lc  xscanfsmall_nomb.o [3]
_Gettime                0x0800a4ab   0x42  Code  Gb  xgettime.o [3]
_IsdstStr               0x20000384    0x4  Data  Gb  setlocale.o [3]
_Isdst_olddst           0x2000039c    0x4  Data  Lc  xisdst.o [3]
_Isdst_rules            0x200003a0    0x4  Data  Gb  xisdstData.o [3]
_LdtobFullNoMb          0x08008719  0x3fc  Code  Lc  xprintffull_nomb.o [3]
_LitobFullNoMb          0x08008613  0x106  Code  Lc  xprintffull_nomb.o [3]
_PrintfFullNoMb         0x08008019  0x586  Code  Gb  xprintffull_nomb.o [3]
_Prout                  0x0800e7bd   0x16  Code  Gb  xprout.o [3]
_PutcharsFullNoMb       0x08008d7f   0x2e  Code  Lc  xprintffull_nomb.o [3]
_SProut                 0x0800246b    0xa  Code  Gb  xsprout.o [3]
_SScin                  0x08001f8b   0x1e  Code  Gb  xsscin.o [3]
_ScanfSmallNoMb         0x080096cd  0x1e8  Code  Gb  xscanfsmall_nomb.o [3]
_Ttotm_ts               0x2000014c   0x2c  Data  Lc  xttotm.o [3]
_TzoneStr               0x20000380    0x4  Data  Gb  setlocale.o [3]
_UngetN                 0x080096b3   0x1a  Code  Lc  xscanfsmall_nomb.o [3]
__aeabi_cdcmple         0x08009c4d         Code  Gb  DblCmpLe.o [4]
__aeabi_cdrcmple        0x08009c7d         Code  Gb  DblCmpGe.o [4]
__aeabi_d2iz            0x08009dbd         Code  Gb  DblToI32.o [4]
__aeabi_d2uiz           0x08009de9         Code  Gb  DblToI32.o [4]
__aeabi_ddiv            0x08007b55         Code  Gb  DblDiv.o [4]
__aeabi_dmul            0x080079b1         Code  Gb  DblMul.o [4]
__aeabi_dsub            0x08009e15         Code  Gb  DblSub.o [4]
__aeabi_errno_addr      0x0800a651    0x6  Code  Gb  errno.o [3]
__aeabi_f2d             0x0800a955         Code  Gb  FltToDbl.o [4]
__aeabi_i2d             0x08007981         Code  Gb  I32ToDbl.o [4]
__aeabi_ldiv0           0x0800663d         Code  Gb  I64DivZer.o [5]
__aeabi_ldivmod         0x08002299         Code  Gb  I64DivMod.o [5]
__aeabi_memset          0x0800406d         Code  Gb  ABImemset.o [5]
__aeabi_ui2d            0x08007995         Code  Gb  I32ToDbl.o [4]
__aeabi_uldivmod        0x080022dd         Code  Gb  I64DivMod.o [5]
__cmain                 0x0800e5c5         Code  Gb  cmain.o [5]
__data_GetMemChunk      0x080067d5   0x2c  Code  Gb  xgetmemchunk.o [3]
__error                 0x20001bec    0x4  Data  Lc  sevproto.o [1]
__exit                  0x08008fb1   0x14  Code  Gb  exit.o [6]
__getzone               0x0800a4a1    0x6  Code  Gb  getzone.o [3]
__gmtime32              0x0800760b    0xa  Code  Gb  gmtime.o [3]
__iar_Daysto32          0x08009369   0x3a  Code  Gb  xttotm.o [3]
__iar_Dnorm             0x08009c09   0x42  Code  Gb  xdnorm.o [4]
__iar_Dscale            0x08009cad  0x110  Code  Gb  xdscale.o [4]
__iar_Errno             0x200003a4    0x4  Data  Gb  errno.o [3]
__iar_Isdst32           0x0800a049  0x134  Code  Gb  xisdst.o [3]
__iar_Memchr            0x08009bb1         Code  Gb  memchr.o [5]
__iar_Memset            0x0800406d         Code  Gb  ABImemset.o [5]
__iar_Memset_word       0x08004075         Code  Gb  ABImemset.o [5]
__iar_Stolx             0x0800a17d   0x86  Code  Gb  xstol.o [3]
__iar_Stoul             0x0800a34d    0x4  Code  Gb  xstoul.o [3]
__iar_Stoulx            0x0800a205  0x142  Code  Gb  xstoul.o [3]
__iar_Strchr            0x08009b99         Code  Gb  strchr.o [5]
__iar_Ttotm32           0x080093a3  0x112  Code  Gb  xttotm.o [3]
__iar_TzoneStr_init     0x0800a475   0x24  Code  Gb  setlocale.o [3]
__iar_d2uiz             0x08009df5         Code  Gb  DblToI32.o [4]
__iar_dadd              0x0800a3a1         Code  Gb  DblAdd.o [4]
__iar_data_init3        0x0800e411   0x28  Code  Gb  data_init.o [5]
__iar_dlfree            0x08003b55  0x510  Code  Gb  dlmalloc.o [3]
__iar_dlib_perthread_access
                        0x0800a047    0x2  Code  Gb  xtls.o [3]
__iar_dlmalloc          0x08003895  0x2b4  Code  Gb  dlmalloc.o [3]
__iar_dsub              0x08009e29         Code  Gb  DblSub.o [4]
__iar_dsubStart         0x08009e3b         Code  Gb  DblSub.o [4]
__iar_lz77_init3        0x0800c227  0x160  Code  Gb  lz77_init.o [5]
__iar_program_start     0x0800ea5d         Code  Gb  cstartup_M.o [5]
__iar_strcmp            0x0800927d         Code  Gb  strcmp_unaligned.o [5]
__iar_ui2d              0x08007999         Code  Gb  I32ToDbl.o [4]
__iar_unaligned___aeabi_memcpy
                        0x080040d5         Code  Gb  ABImemcpy_unaligned.o [5]
__iar_unaligned___aeabi_memcpy4
                        0x080040f5         Code  Gb  ABImemcpy_unaligned.o [5]
__iar_unaligned___aeabi_memcpy8
                        0x080040f5         Code  Gb  ABImemcpy_unaligned.o [5]
__iar_unaligned___aeabi_memmove
                        0x08006755         Code  Gb  ABImemmove_unaligned.o [5]
__iar_unaligned___aeabi_memmove4
                        0x08006755         Code  Gb  ABImemmove_unaligned.o [5]
__iar_unaligned___aeabi_memmove8
                        0x08006755         Code  Gb  ABImemmove_unaligned.o [5]
__iar_unaligned_memcmp  0x08009305         Code  Gb  memcmp_unaligned.o [5]
__iar_unaligned_strcmp  0x0800927d         Code  Gb  strcmp_unaligned.o [5]
__iar_unaligned_strcpy  0x080092c1         Code  Gb  strcpy_unaligned.o [5]
__iar_vla_alloc2        0x08006801   0x12  Code  Gb  vla_alloc.o [3]
__iar_vla_dealloc2      0x08006813    0x4  Code  Gb  vla_alloc.o [3]
__iar_zero_init3        0x0800e2f9   0x40  Code  Gb  zero_init3.o [5]
__low_level_init        0x0800e5df    0x4  Code  Gb  low_level_init.o [3]
__seq                   0x20001be8    0x4  Data  Lc  sevproto.o [1]
__vector_table          0x08000000         Data  Gb  startup_stm32f10x_md.o [1]
__write                 0x0800e227    0x6  Code  Gb  main.o [1]
_call_main              0x0800e5d1         Code  Gb  cmain.o [5]
_exit                   0x0800e5e9         Code  Gb  cexit.o [5]
_gm_                    0x20000fa8  0x1d8  Data  Lc  dlmalloc.o [3]
_main                   0x0800e5db         Code  Gb  cmain.o [5]
abort                   0x080067cd    0x6  Code  Gb  abort.o [3]
adc_init                0x080045e1   0x82  Code  Lc  battery.o [1]
adc_read                0x08004663   0x1e  Code  Lc  battery.o [1]
add_timer               0x0800222f   0x42  Code  Lc  etimer.o [1]
address_backup          0x20001c43    0x1  Data  Lc  senprote-cond.o [1]
address_backup          0x20001c44    0x1  Data  Lc  senprote-do.o [1]
address_backup          0x20001c45    0x1  Data  Lc  senprote-ph.o [1]
address_backup          0x20001c46    0x1  Data  Lc  senprote-rs3010K.o [1]
address_backup          0x20001c47    0x1  Data  Lc  senprote-S0504.o [1]
address_backup          0x20001c48    0x1  Data  Lc  senprote-S0601.o [1]
address_backup          0x20001c49    0x1  Data  Lc  senprote-soil.o [1]
address_backup          0x20001c4a    0x1  Data  Lc  senprote-t770.o [1]
address_backup          0x20001c4b    0x1  Data  Lc  senprote-t800.o [1]
address_backup          0x20001c4c    0x1  Data  Lc  senprote-t830.o [1]
address_backup          0x20001c4d    0x1  Data  Lc  senprote-turb.o [1]
address_backup          0x20001c4e    0x1  Data  Lc  senprote-water.o [1]
address_backup          0x20001c4f    0x1  Data  Lc  senproto-rst460.o [1]
address_backup          0x20001c50    0x1  Data  Lc  senproto-zbm001.o [1]
app_process             0x20001bf0    0x4  Data  Lc  sim800.o [1]
backup_check_time       0x080042e5   0x44  Code  Lc  sensor_data_backup.o [1]
backup_clean            0x0800428d   0x58  Code  Gb  sensor_data_backup.o [1]
backup_commit_process   0x20000218   0x10  Data  Gb  sdcdtu.o [1]
backup_init             0x08004229   0x64  Code  Gb  sensor_data_backup.o [1]
backup_pop              0x08004329   0xf2  Code  Gb  sensor_data_backup.o [1]
backup_push             0x0800441b   0xc0  Code  Gb  sensor_data_backup.o [1]
battery_check_power     0x08004713   0x74  Code  Gb  battery.o [1]
battery_init            0x08004869   0x24  Code  Gb  battery.o [1]
battery_read            0x08004787   0xe2  Code  Gb  battery.o [1]
call_process            0x080027a3   0x4a  Code  Lc  process.o [1]
callbacks               0x20001b64    0x4  Data  Lc  gprs.o [1]
cgatt_data              0x20001bf8    0x4  Data  Lc  sim800.o [1]
charg_state             0x08004681    0xa  Code  Lc  battery.o [1]
checksum_calc           0x0800c3d7   0x1e  Code  Gb  senproto-rst460.o [1]
cifsr_data              0x20001ab0   0x10  Data  Lc  sim800.o [1]
clock_init              0x0800655b   0x8e  Code  Gb  clock.o [1]
clock_time              0x080065e9    0x8  Code  Gb  clock.o [1]
cmd_buffer_dataptr      0x08005845    0x4  Code  Lc  sim800.o [1]
cmd_buffer_init         0x0800582b   0x1a  Code  Lc  sim800.o [1]
cmd_buffer_length       0x08005849    0x8  Code  Lc  sim800.o [1]
cmd_buffer_push_byte    0x0800585b   0x10  Code  Lc  sim800.o [1]
cmd_buffer_size         0x08005851    0xa  Code  Lc  sim800.o [1]
cmdbuffs                0x20000304    0xc  Data  Lc  sim800.o [1]
cmdbuffs_memb_count     0x20001c28    0x4  Data  Lc  sim800.o [1]
cmdbuffs_memb_mem       0x20001568  0x110  Data  Lc  sim800.o [1]
commit_buff             0x200002c8    0xc  Data  Lc  sdcdtu.o [1]
cond_parse              0x0800b151  0x140  Code  Gb  senprote-cond.o [1]
cond_prepare            0x0800b0ef   0x62  Code  Gb  senprote-cond.o [1]
cond_senproto           0x20000310    0x8  Data  Gb  senprote-cond.o [1]
configure_data_buffer   0x20001458  0x110  Data  Lc  sdcdtu.o [1]
configure_read          0x080044e5   0x68  Code  Gb  configure.o [1]
configure_update_apply  0x080045bb   0x18  Code  Gb  configure.o [1]
configure_update_check  0x080045b7    0x4  Code  Gb  configure.o [1]
configure_update_init   0x0800454d   0x26  Code  Gb  configure.o [1]
configure_update_process
                        0x200001e8   0x10  Data  Gb  sdcdtu.o [1]
configure_update_push   0x08004573   0x44  Code  Gb  configure.o [1]
configure_update_status
                        0x20001b90    0x4  Data  Lc  sdcdtu.o [1]
cpin_status             0x20001bf4    0x4  Data  Lc  sim800.o [1]
crc16                   0x0800b0b5   0x3a  Code  Lc  senprote-cond.o [1]
crc16                   0x0800b2a1   0x3a  Code  Lc  senprote-do.o [1]
crc16                   0x0800b865   0x3a  Code  Lc  senprote-ph.o [1]
crc16                   0x0800a9a5   0x3a  Code  Lc  senprote-rs3010K.o [1]
crc16                   0x0800ba45   0x3a  Code  Lc  senprote-S0504.o [1]
crc16                   0x0800ac15   0x3a  Code  Lc  senprote-S0601.o [1]
crc16                   0x0800ae69   0x3a  Code  Lc  senprote-soil.o [1]
crc16                   0x0800b48d   0x3a  Code  Lc  senprote-t770.o [1]
crc16                   0x0800bc25   0x3a  Code  Lc  senprote-t800.o [1]
crc16                   0x0800be05   0x3a  Code  Lc  senprote-t830.o [1]
crc16                   0x0800b679   0x3a  Code  Lc  senprote-turb.o [1]
crc16                   0x0800bfe5   0x3a  Code  Lc  senprote-water.o [1]
crc32_calc              0x0800640b   0xe8  Code  Gb  crc.o [1]
crc_init                0x08006391   0x10  Code  Gb  crc.o [1]
creg_data               0x20001b40    0x8  Data  Lc  sim800.o [1]
csq_data                0x20001b38    0x8  Data  Lc  sim800.o [1]
current_cmd_buffer      0x20001c24    0x4  Data  Lc  sim800.o [1]
deviceid_read           0x08001e2d   0x2c  Code  Gb  deviceid.o [1]
digits                  0x0800a350   0x28  Data  Lc  xstoul.o [3]
div                     0x08009f95    0xe  Code  Gb  div.o [3]
dl_SPIFFS_close         0x0800737d   0xaa  Code  Gb  spiffs_disk.o [1]
dl_SPIFFS_creat         0x08007525   0x2a  Code  Gb  spiffs_disk.o [1]
dl_SPIFFS_info          0x080074e3   0x3c  Code  Gb  spiffs_disk.o [1]
dl_SPIFFS_lseek         0x08006aeb   0xd4  Code  Gb  spiffs_disk.o [1]
dl_SPIFFS_open          0x08006bbf   0xb8  Code  Gb  spiffs_disk.o [1]
dl_SPIFFS_read          0x08006c77  0x1ac  Code  Gb  spiffs_disk.o [1]
dl_SPIFFS_remove        0x08007427   0xbc  Code  Gb  spiffs_disk.o [1]
dl_SPIFFS_rename        0x0800754f   0x4e  Code  Gb  spiffs_disk.o [1]
dl_SPIFFS_stat          0x08006acd   0x1e  Code  Gb  spiffs_disk.o [1]
dl_SPIFFS_write         0x08006e23  0x55a  Code  Gb  spiffs_disk.o [1]
dl_fs_init              0x0800684d   0x62  Code  Gb  spiffs_disk.o [1]
do_event                0x08002851   0xc0  Code  Lc  process.o [1]
do_poll                 0x08002821   0x30  Code  Lc  process.o [1]
dtuconfig               0x20000388    0x4  Data  Gb  sdcdtu.o [1]
dtudata_commit_process  0x20000208   0x10  Data  Gb  sdcdtu.o [1]
etimer_process          0x20000178   0x10  Data  Gb  etimer.o [1]
etimer_request_poll     0x08002225    0xa  Code  Gb  etimer.o [1]
etimer_set              0x08002271   0x16  Code  Gb  etimer.o [1]
events                  0x20001180  0x180  Data  Lc  process.o [1]
exit                    0x0800e5e3    0x4  Code  Gb  exit.o [3]
exit_process            0x0800270b   0x98  Code  Lc  process.o [1]
fevent                  0x20001c3f    0x1  Data  Lc  process.o [1]
fifo_get_avlid          0x08008ec9   0x12  Code  Gb  fifo.o [1]
fifo_get_length         0x08008eb3   0x16  Code  Gb  fifo.o [1]
fifo_init               0x08008ea1   0x12  Code  Gb  fifo.o [1]
fifo_pop                0x08008f39   0x76  Code  Gb  fifo.o [1]
fifo_pop_byte           0x08008f09   0x30  Code  Gb  fifo.o [1]
fifo_push_byte          0x08008edb   0x2e  Code  Gb  fifo.o [1]
framebuff_avlid         0x08002a3b    0x8  Code  Gb  framebuff.o [1]
framebuff_clean         0x08002a77    0x6  Code  Gb  framebuff.o [1]
framebuff_datptr        0x08002a7d    0x4  Code  Gb  framebuff.o [1]
framebuff_init          0x08002a25    0xe  Code  Gb  framebuff.o [1]
framebuff_length        0x08002a33    0x8  Code  Gb  framebuff.o [1]
framebuff_push          0x08002a43   0x34  Code  Gb  framebuff.o [1]
framebuff_push_u16      0x08002ae7   0x24  Code  Gb  framebuff.o [1]
framebuff_push_u32      0x08002b0b   0x24  Code  Gb  framebuff.o [1]
framebuff_push_u8       0x08002ac3   0x24  Code  Gb  framebuff.o [1]
framebuff_remove        0x08002a81   0x42  Code  Gb  framebuff.o [1]
framebuffer_commit_buff_data_buffer
                        0x20001778  0x100  Data  Lc  sdcdtu.o [1]
framebuffer_gprs_send_buffer_data_buffer
                        0x200007a8  0x200  Data  Lc  sdcdtu.o [1]
framebuffer_sensorDataStringBuffer_data_buffer
                        0x20000ba8  0x200  Data  Lc  sdcdtu.o [1]
framebuffer_sensorInterfaceSendReceiveBuffer_data_buffer
                        0x200009a8  0x200  Data  Lc  sdcdtu.o [1]
framebuffer_sevproto_prepare_buff_data_buffer
                        0x20000da8  0x200  Data  Lc  sevproto.o [1]
g_fs_block              0x20001b50    0x8  Data  Lc  spiffs_disk.o [1]
g_fs_header             0x20001300  0x158  Data  Lc  spiffs_disk.o [1]
getint                  0x0800a4ed   0x28  Code  Lc  xgetdst.o [3]
gpio_get_pin            0x08006345   0x26  Code  Gb  gpio.o [1]
gpio_init               0x08006371   0x1e  Code  Gb  gpio.o [1]
gpio_set_as_input       0x080062e3   0x2e  Code  Gb  gpio.o [1]
gpio_set_as_output      0x080062b5   0x2e  Code  Gb  gpio.o [1]
gpio_set_pin            0x08006311   0x34  Code  Gb  gpio.o [1]
gpiocfg                 0x20000000   0xb0  Data  Gb  gpio.o [1]
gprs_close              0x08001d83   0x1a  Code  Gb  gprs.o [1]
gprs_communication_process
                        0x20000188   0x10  Data  Gb  gprs.o [1]
gprs_connect            0x08001d63    0x6  Code  Gb  gprs.o [1]
gprs_connect_status     0x20001b6c    0x4  Data  Lc  gprs.o [1]
gprs_domain             0x20001b70    0x4  Data  Lc  gprs.o [1]
gprs_event_closed       0x20001c3c    0x1  Data  Gb  gprs.o [1]
gprs_event_connect      0x20001c3a    0x1  Data  Gb  gprs.o [1]
gprs_event_disconnect   0x20001c3b    0x1  Data  Gb  gprs.o [1]
gprs_event_recv         0x20001c39    0x1  Data  Gb  gprs.o [1]
gprs_event_sent         0x20001c38    0x1  Data  Gb  gprs.o [1]
gprs_init               0x08001d05   0x46  Code  Gb  gprs.o [1]
gprs_open               0x08001d69   0x1a  Code  Gb  gprs.o [1]
gprs_parent_process     0x20001b68    0x4  Data  Lc  gprs.o [1]
gprs_port               0x20001b74    0x4  Data  Lc  gprs.o [1]
gprs_process            0x20000198   0x10  Data  Gb  gprs.o [1]
gprs_send               0x08001d51   0x12  Code  Gb  gprs.o [1]
gprs_send_buffer        0x20000298    0xc  Data  Lc  sdcdtu.o [1]
gprs_set_parent_process
                        0x08001d4b    0x6  Code  Gb  gprs.o [1]
hardware_update_process
                        0x200001f8   0x10  Data  Gb  sdcdtu.o [1]
init_mparams            0x08002b77   0x32  Code  Lc  dlmalloc.o [3]
init_top                0x08002ba9   0x34  Code  Lc  dlmalloc.o [3]
inner_fs_file_ceate     0x08006937  0x11e  Code  Gb  spiffs_disk.o [1]
inner_fs_file_is_exist  0x080068af   0x40  Code  Gb  spiffs_disk.o [1]
inner_fs_file_jump_end  0x08006a55   0x78  Code  Gb  spiffs_disk.o [1]
inner_fs_get_free_block
                        0x080068ef   0x48  Code  Gb  spiffs_disk.o [1]
inner_make_crc16        0x080075b1   0x5a  Code  Gb  spiffs_disk.o [1]
lastevent               0x20001c3d    0x1  Data  Lc  process.o [1]
list_add                0x0800262b   0x26  Code  Gb  list.o [1]
list_head               0x08002609    0x4  Code  Gb  list.o [1]
list_item_next          0x080026af    0xc  Code  Gb  list.o [1]
list_length             0x0800269b   0x14  Code  Gb  list.o [1]
list_pop                0x08002651   0x14  Code  Gb  list.o [1]
list_remove             0x08002665   0x36  Code  Gb  list.o [1]
list_tail               0x0800260d   0x1e  Code  Gb  list.o [1]
lmos                    0x080094c0   0x18  Data  Lc  xttotm.o [3]
log_out                 0x0800414d   0x9c  Code  Gb  logger.o [1]
main                    0x0800e1d5   0x4c  Code  Gb  main.o [1]
max_data                0x0800469f   0x74  Code  Gb  battery.o [1]
memb_alloc              0x080023ff   0x30  Code  Gb  memb.o [1]
memb_free               0x0800242f   0x3c  Code  Gb  memb.o [1]
memb_init               0x080023cb   0x34  Code  Gb  memb.o [1]
memchr                  0x08009bb1         Code  Gb  memchr.o [5]
mos                     0x080094d8   0x18  Data  Lc  xttotm.o [3]
mparams                 0x200019e8   0x18  Data  Lc  dlmalloc.o [3]
ms_count                0x20001b10    0x8  Data  Gb  clock.o [1]
ndigs                   0x0800a378   0x28  Data  Lc  xstoul.o [3]
nevents                 0x20001c3e    0x1  Data  Lc  process.o [1]
next_expiration         0x20001b60    0x4  Data  Lc  etimer.o [1]
next_wakeuptime         0x20001b8c    0x4  Data  Lc  sdcdtu.o [1]
parse_process           0x20000248   0x10  Data  Gb  sim800.o [1]
ph_parse                0x0800b901  0x134  Code  Gb  senprote-ph.o [1]
ph_prepare              0x0800b89f   0x62  Code  Gb  senprote-ph.o [1]
ph_senproto             0x20000320    0x8  Data  Gb  senprote-ph.o [1]
poll_requested          0x20001c40    0x1  Data  Lc  process.o [1]
power_ctrl1             0x200002d4    0xc  Data  Lc  senif.o [1]
power_ctrl2             0x200002e0    0xc  Data  Lc  senif.o [1]
power_ctrl3             0x200002ec    0xc  Data  Lc  senif.o [1]
power_ctrl_init         0x08002475   0x26  Code  Lc  senif.o [1]
prepend_alloc           0x08002bdd  0x36c  Code  Lc  dlmalloc.o [3]
printf                  0x08005e39   0x24  Code  Gb  printf.o [3]
process_alloc_event     0x080026bd   0x12  Code  Gb  process.o [1]
process_current         0x20001b7c    0x4  Data  Gb  process.o [1]
process_exit            0x080027ed   0x10  Code  Gb  process.o [1]
process_init            0x080027fd   0x24  Code  Gb  process.o [1]
process_is_running      0x080029fd   0x10  Code  Gb  process.o [1]
process_list            0x20001b78    0x4  Data  Gb  process.o [1]
process_poll            0x080029b1   0x1c  Code  Gb  process.o [1]
process_post            0x0800292f   0x64  Code  Gb  process.o [1]
process_post_synch      0x08002993   0x1e  Code  Gb  process.o [1]
process_run             0x08002911   0x1e  Code  Gb  process.o [1]
process_start           0x080026cf   0x3c  Code  Gb  process.o [1]
process_thread_backup_commit_process
                        0x08001125  0x16c  Code  Lc  sdcdtu.o [1]
process_thread_configure_update_process
                        0x08000819  0x2d8  Code  Lc  sdcdtu.o [1]
process_thread_dtudata_commit_process
                        0x08000fa9  0x172  Code  Lc  sdcdtu.o [1]
process_thread_etimer_process
                        0x08002141   0xe4  Code  Lc  etimer.o [1]
process_thread_gprs_communication_process
                        0x0800171d  0x50a  Code  Lc  gprs.o [1]
process_thread_gprs_process
                        0x08001c27   0xd4  Code  Lc  gprs.o [1]
process_thread_hardware_update_process
                        0x08000d49  0x23e  Code  Lc  sdcdtu.o [1]
process_thread_parse_process
                        0x0800592d  0x1d8  Code  Lc  sim800.o [1]
process_thread_sdcdtu_process
                        0x080012c9  0x3c0  Code  Lc  sdcdtu.o [1]
process_thread_sendat_collect_process
                        0x0800033f  0x2a6  Code  Lc  sdcdtu.o [1]
process_thread_sendat_commit_process
                        0x080005e5  0x230  Code  Lc  sdcdtu.o [1]
process_thread_sensor_prewarm_process
                        0x0800022b  0x114  Code  Lc  sdcdtu.o [1]
process_thread_sim800_power_ctrl_process
                        0x08005b1d  0x136  Code  Lc  sim800.o [1]
process_thread_sim800_power_state
                        0x0800586b   0x98  Code  Lc  sim800.o [1]
process_thread_system_monit_process
                        0x0800c5ab   0x86  Code  Lc  system_status.o [1]
process_thread_system_status_process
                        0x0800c529   0x82  Code  Lc  system_status.o [1]
process_thread_timesync_process
                        0x080000ed  0x13e  Code  Lc  sdcdtu.o [1]
putchar                 0x0800e3e9   0x28  Code  Gb  putchar.o [3]
recv_data_buffer        0x200003a8  0x400  Data  Lc  sim800.o [1]
recv_data_ptr           0x20001c08    0x4  Data  Lc  sim800.o [1]
recv_data_size          0x20001c04    0x4  Data  Lc  sim800.o [1]
refin                   0x080063a1   0x2c  Code  Lc  crc.o [1]
refout                  0x080063cd   0x3e  Code  Lc  crc.o [1]
rs3010k_parse           0x0800aa41  0x1c2  Code  Gb  senprote-rs3010K.o [1]
rs3010k_prepare         0x0800a9df   0x62  Code  Gb  senprote-rs3010K.o [1]
rs3010k_senproto        0x20000328    0x8  Data  Gb  senprote-rs3010K.o [1]
rst460_parse            0x0800c3f5  0x12a  Code  Gb  senproto-rst460.o [1]
rst460_prepare          0x0800c389   0x4e  Code  Gb  senproto-rst460.o [1]
rst460_senproto         0x20000370    0x8  Data  Gb  senproto-rst460.o [1]
rtc_get_time            0x08001ef3    0x8  Code  Gb  rtc.o [1]
rtc_init                0x08001e59   0x8e  Code  Gb  rtc.o [1]
rtc_set_time            0x08001ee7    0xc  Code  Gb  rtc.o [1]
rtc_wakeup_after_second
                        0x08001efb   0x36  Code  Gb  rtc.o [1]
rtc_wakeup_at_second    0x08001f31   0x46  Code  Gb  rtc.o [1]
sccb_memb               0x200002a4    0xc  Data  Lc  sdcdtu.o [1]
sccb_memb_memb_count    0x20001a30   0x10  Data  Lc  sdcdtu.o [1]
sccb_memb_memb_mem      0x20001678  0x100  Data  Lc  sdcdtu.o [1]
sdcdtu_frameware_update_data_reply_process
                        0x08000ca5   0xa4  Code  Lc  sdcdtu.o [1]
sdcdtu_frameware_update_data_require_prepare
                        0x08000c03   0x7a  Code  Lc  sdcdtu.o [1]
sdcdtu_frameware_update_reply_version_process
                        0x08000b4f   0xb4  Code  Lc  sdcdtu.o [1]
sdcdtu_frameware_update_require_version_prepare
                        0x08000af1   0x5e  Code  Lc  sdcdtu.o [1]
sdcdtu_init             0x0800168d    0xc  Code  Gb  sdcdtu.o [1]
sdcdtu_process          0x20000228   0x10  Data  Gb  sdcdtu.o [1]
second_count            0x20001b18    0x8  Data  Gb  clock.o [1]
segment_holding         0x08002b5d   0x1a  Code  Lc  dlmalloc.o [3]
send_data_ptr           0x20001bfc    0x4  Data  Lc  sim800.o [1]
send_data_size          0x20001c00    0x4  Data  Lc  sim800.o [1]
sendat_collect_list     0x20000390    0x4  Data  Lc  sdcdtu.o [1]
sendat_collect_list_list
                        0x20001b9c    0x4  Data  Lc  sdcdtu.o [1]
sendat_collect_process  0x200001c8   0x10  Data  Gb  sdcdtu.o [1]
sendat_commit_list      0x20000394    0x4  Data  Lc  sdcdtu.o [1]
sendat_commit_list_list
                        0x20001ba0    0x4  Data  Lc  sdcdtu.o [1]
sendat_commit_process   0x200001d8   0x10  Data  Gb  sdcdtu.o [1]
senif_close             0x08002577   0x28  Code  Gb  senif.o [1]
senif_init              0x0800249b   0x3a  Code  Gb  senif.o [1]
senif_open              0x08002531   0x46  Code  Gb  senif.o [1]
senif_power_close       0x08002503   0x2e  Code  Gb  senif.o [1]
senif_power_open        0x080024d5   0x2e  Code  Gb  senif.o [1]
senif_read              0x080025df   0x24  Code  Gb  senif.o [1]
senif_write             0x0800259f   0x40  Code  Gb  senif.o [1]
senifs_init             0x0800e1ad   0x28  Code  Lc  main.o [1]
senproto_lookup         0x08002a0d   0x18  Code  Gb  senproto.o [1]
sensorDataStringBuffer  0x200002bc    0xc  Data  Lc  sdcdtu.o [1]
sensorInterfaceSendReceiveBuffer
                        0x200002b0    0xc  Data  Lc  sdcdtu.o [1]
sensor_interfaces       0x200000b0   0x60  Data  Lc  senif.o [1]
sensor_prewarm_list     0x2000038c    0x4  Data  Lc  sdcdtu.o [1]
sensor_prewarm_list_list
                        0x20001b98    0x4  Data  Lc  sdcdtu.o [1]
sensor_prewarm_process  0x200001b8   0x10  Data  Gb  sdcdtu.o [1]
sensors_table           0x20000110   0x3c  Data  Gb  senproto.o [1]
sevproto_check          0x08001fa9   0xc4  Code  Gb  sevproto.o [1]
sevproto_prepare        0x0800206d   0x78  Code  Gb  sevproto.o [1]
sevproto_prepare_buff   0x200002f8    0xc  Data  Lc  sevproto.o [1]
sim800_cmd_ate0         0x08005d69   0x20  Code  Gb  sim800.o [1]
sim800_cmd_cifsr        0x08005d23   0x20  Code  Gb  sim800.o [1]
sim800_cmd_ciicr        0x08005d03   0x20  Code  Gb  sim800.o [1]
sim800_cmd_ciphead      0x08005d49   0x20  Code  Gb  sim800.o [1]
sim800_cmd_cipstart     0x08005d89   0x28  Code  Gb  sim800.o [1]
sim800_cmd_cstt         0x08005cdf   0x24  Code  Gb  sim800.o [1]
sim800_init             0x08005c5d   0x60  Code  Gb  sim800.o [1]
sim800_power_ctrl_process
                        0x20000258   0x10  Data  Gb  sim800.o [1]
sim800_power_off        0x08005cd1    0xe  Code  Gb  sim800.o [1]
sim800_power_on         0x08005cc3    0xe  Code  Gb  sim800.o [1]
sim800_power_state      0x20000238   0x10  Data  Gb  sim800.o [1]
sim800_send             0x08005db1   0x2e  Code  Gb  sim800.o [1]
sim800_set_parent       0x08005cbd    0x6  Code  Gb  sim800.o [1]
simple_delay            0x0800468b   0x14  Code  Lc  battery.o [1]
soil_parse              0x0800af05  0x1a0  Code  Gb  senprote-soil.o [1]
soil_prepare            0x0800aea3   0x62  Code  Gb  senprote-soil.o [1]
soil_senproto           0x20000340    0x8  Data  Gb  senprote-soil.o [1]
sprintf                 0x08006819   0x34  Code  Gb  sprintf.o [3]
sscanf                  0x08007ff5   0x24  Code  Gb  sscanf.o [3]
strchr                  0x08009b99         Code  Gb  strchr.o [5]
strlen                  0x080041f1         Code  Gb  strlen.o [5]
sys_alloc               0x08002f49  0x386  Code  Lc  dlmalloc.o [3]
system_monit_process    0x20000288   0x10  Data  Gb  system_status.o [1]
system_status_init      0x0800c631   0x14  Code  Gb  system_status.o [1]
system_status_process   0x20000278   0x10  Data  Gb  system_status.o [1]
t770_parse              0x0800b529  0x140  Code  Gb  senprote-t770.o [1]
t770_prepare            0x0800b4c7   0x62  Code  Gb  senprote-t770.o [1]
t770_senproto           0x20000348    0x8  Data  Gb  senprote-t770.o [1]
t800_parse              0x0800bcc1  0x134  Code  Gb  senprote-t800.o [1]
t800_prepare            0x0800bc5f   0x62  Code  Gb  senprote-t800.o [1]
t800_senproto           0x20000350    0x8  Data  Gb  senprote-t800.o [1]
t830_parse              0x0800bea1  0x134  Code  Gb  senprote-t830.o [1]
t830_prepare            0x0800be3f   0x62  Code  Gb  senprote-t830.o [1]
t830_senproto           0x20000358    0x8  Data  Gb  senprote-t830.o [1]
table_crc_hi            0x0800c7ac  0x100  Data  Lc  senprote-cond.o [1]
table_crc_hi            0x0800c9ac  0x100  Data  Lc  senprote-do.o [1]
table_crc_hi            0x0800cbac  0x100  Data  Lc  senprote-ph.o [1]
table_crc_hi            0x0800cdac  0x100  Data  Lc  senprote-rs3010K.o [1]
table_crc_hi            0x0800cfac  0x100  Data  Lc  senprote-S0504.o [1]
table_crc_hi            0x0800d1ac  0x100  Data  Lc  senprote-S0601.o [1]
table_crc_hi            0x0800d3ac  0x100  Data  Lc  senprote-soil.o [1]
table_crc_hi            0x0800d5ac  0x100  Data  Lc  senprote-t770.o [1]
table_crc_hi            0x0800d7ac  0x100  Data  Lc  senprote-t800.o [1]
table_crc_hi            0x0800d9ac  0x100  Data  Lc  senprote-t830.o [1]
table_crc_hi            0x0800dbac  0x100  Data  Lc  senprote-turb.o [1]
table_crc_hi            0x0800ddac  0x100  Data  Lc  senprote-water.o [1]
table_crc_hi            0x0800dfac  0x100  Data  Lc  senproto-zbm001.o [1]
table_crc_lo            0x0800c8ac  0x100  Data  Lc  senprote-cond.o [1]
table_crc_lo            0x0800caac  0x100  Data  Lc  senprote-do.o [1]
table_crc_lo            0x0800ccac  0x100  Data  Lc  senprote-ph.o [1]
table_crc_lo            0x0800ceac  0x100  Data  Lc  senprote-rs3010K.o [1]
table_crc_lo            0x0800d0ac  0x100  Data  Lc  senprote-S0504.o [1]
table_crc_lo            0x0800d2ac  0x100  Data  Lc  senprote-S0601.o [1]
table_crc_lo            0x0800d4ac  0x100  Data  Lc  senprote-soil.o [1]
table_crc_lo            0x0800d6ac  0x100  Data  Lc  senprote-t770.o [1]
table_crc_lo            0x0800d8ac  0x100  Data  Lc  senprote-t800.o [1]
table_crc_lo            0x0800daac  0x100  Data  Lc  senprote-t830.o [1]
table_crc_lo            0x0800dcac  0x100  Data  Lc  senprote-turb.o [1]
table_crc_lo            0x0800deac  0x100  Data  Lc  senprote-water.o [1]
table_crc_lo            0x0800e0ac  0x100  Data  Lc  senproto-zbm001.o [1]
timer_expired           0x08002b3f   0x1e  Code  Gb  timer.o [1]
timer_set               0x08002b2f   0x10  Code  Gb  timer.o [1]
timerlist               0x20001b0c    0x4  Data  Lc  etimer.o [1]
timesync_process        0x200001a8   0x10  Data  Gb  sdcdtu.o [1]
tmalloc_large           0x080032dd  0x39e  Code  Lc  dlmalloc.o [3]
tmalloc_small           0x0800367b  0x21a  Code  Lc  dlmalloc.o [3]
turb_parse              0x0800b715  0x140  Code  Gb  senprote-turb.o [1]
turb_prepare            0x0800b6b3   0x62  Code  Gb  senprote-turb.o [1]
turb_senproto           0x20000360    0x8  Data  Gb  senprote-turb.o [1]
update_time             0x080020f1   0x50  Code  Lc  etimer.o [1]
usart1_input_fun        0x20001c2c    0x4  Data  Lc  usart.o [1]
usart2_input_fun        0x20001c30    0x4  Data  Lc  usart.o [1]
usart_configure         0x08007e99   0x7a  Code  Gb  usart.o [1]
usart_init              0x08007dad   0xec  Code  Gb  usart.o [1]
usart_stream_byte       0x08006705   0x38  Code  Gb  usart_stream.o [1]
usart_stream_init       0x08006661   0x38  Code  Gb  usart_stream.o [1]
usart_stream_read       0x080066c7   0x3e  Code  Gb  usart_stream.o [1]
usart_stream_write      0x08006699   0x2e  Code  Gb  usart_stream.o [1]
usart_write             0x08007f13   0x60  Code  Gb  usart.o [1]
water_parse             0x0800c081  0x134  Code  Gb  senprote-water.o [1]
water_prepare           0x0800c01f   0x62  Code  Gb  senprote-water.o [1]
water_senproto          0x20000368    0x8  Data  Gb  senprote-water.o [1]
xFs                     0x200018f8   0x70  Data  Gb  spiffs_disk.o [1]
yychar                  0x20001c0c    0x4  Data  Gb  sim800.o [1]
yycheck                 0x0800e368   0x30  Data  Lc  sim800.o [1]
yydefact                0x0800e270   0x44  Data  Lc  sim800.o [1]
yydefgoto               0x0800e89c   0x14  Data  Lc  sim800.o [1]
yydestruct              0x080048a9    0xc  Code  Lc  sim800.o [1]
yyerror                 0x08005825    0x6  Code  Gb  sim800.o [1]
yylex                   0x08004ea1  0x974  Code  Gb  sim800.o [1]
yylval                  0x20001c10    0x4  Data  Gb  sim800.o [1]
yynerrs                 0x20001c14    0x4  Data  Gb  sim800.o [1]
yypact                  0x0800e22c   0x44  Data  Lc  sim800.o [1]
yyparse                 0x080048b5  0x5c0  Code  Gb  sim800.o [1]
yypgoto                 0x0800e888   0x14  Data  Lc  sim800.o [1]
yyr1                    0x0800e398   0x28  Data  Lc  sim800.o [1]
yyr2                    0x0800e3c0   0x28  Data  Lc  sim800.o [1]
yystos                  0x0800e2b4   0x44  Data  Lc  sim800.o [1]
yytable                 0x0800e338   0x30  Data  Lc  sim800.o [1]
yytranslate             0x0800c694  0x118  Data  Lc  sim800.o [1]
zbm001_parse            0x0800a709  0x23c  Code  Gb  senproto-zbm001.o [1]
zbm001_prepare          0x0800a697   0x72  Code  Gb  senproto-zbm001.o [1]
zbm001_senproto         0x20000378    0x8  Data  Gb  senproto-zbm001.o [1]
zcrc16                  0x0800a65d   0x3a  Code  Lc  senproto-zbm001.o [1]


[1] = D:\Ruhr\Xiongmao\github\DTU1.0\project\Debug\Obj
[2] = command line
[3] = dl7M_tln.a
[4] = m7M_tl.a
[5] = rt7M_tl.a
[6] = shb_l.a

  51 396 bytes of readonly  code memory
   9 326 bytes of readonly  data memory
  19 537 bytes of readwrite data memory

Errors: none
Warnings: none
